../Core/Src/cli.c:76:6:prepare_data	16	static
../Core/Src/cli.c:83:6:send_uart_data	32	static
../Core/Src/cli.c:94:6:HAL_UART_TxCpltCallback	16	static
../Core/Src/cli.c:100:6:UART_transmit_init	8	static
../Core/Src/cli.c:107:6:UART_RECEIVE_Init	8	static
../Core/Src/cli.c:111:6:start_command	8	static
../Core/Src/cli.c:115:6:stop_command	8	static
../Core/Src/cli.c:119:6:reset_command	8	static
../Core/Src/cli.c:123:6:drill_on_command	8	static
../Core/Src/cli.c:127:6:drill_off_command	8	static
../Core/Src/cli.c:131:6:low_command	4	static
../Core/Src/cli.c:142:6:medium_command	4	static
../Core/Src/cli.c:153:6:high_command	4	static
../Core/Src/cli.c:164:6:add_coordinate	32	static
../Core/Src/cli.c:182:6:clear_coordinates	16	static
../Core/Src/cli.c:195:6:move_to_coordinates	16	static
../Core/Src/cli.c:208:6:process_goto_command	40	static
../Core/Src/cli.c:225:6:UART_rx_process	8	static
../Core/Src/cli.c:253:6:process_ip_address	16	static
../Core/Src/cli.c:259:6:HAL_UART_RxCpltCallback	16	static
