../Core/Src/freertos.c:122:5:max3	32	static
../Core/Src/freertos.c:127:6:DelayUs_step	16	static
../Core/Src/freertos.c:136:6:HOME	16	static
../Core/Src/freertos.c:170:6:MoveToPosXY	48	static
../Core/Src/freertos.c:198:6:MoveToPosZ	40	static
../Core/Src/freertos.c:244:6:StartDefaultTask	24	static
../Core/Src/freertos.c:283:6:StartADC	16	static
../Core/Src/freertos.c:303:6:StartLCD	16	static
../Core/Src/freertos.c:326:6:StartUART_TX	16	static
../Core/Src/freertos.c:347:6:StartUART_RX	16	static
../Core/Src/freertos.c:372:6:MX_FREERTOS_Init	8	static
