../Core/Src/menulcd.c:78:6:initialize_LCD	16	static
../Core/Src/menulcd.c:88:6:initialize_Kalman	24	static
../Core/Src/menulcd.c:106:6:delay_lcd	16	static
../Core/Src/menulcd.c:114:6:stepX	24	static
../Core/Src/menulcd.c:125:6:stepY	24	static
../Core/Src/menulcd.c:136:6:stepZ	24	static
../Core/Src/menulcd.c:147:10:moving_average_filter	16	static
../Core/Src/menulcd.c:158:10:exponential_moving_average_filter	24	static
../Core/Src/menulcd.c:164:10:kalman_filter	16	static
../Core/Src/menulcd.c:182:6:vol_messure	16	static
../Core/Src/menulcd.c:201:6:cur_messure	24	static
../Core/Src/menulcd.c:225:6:power_messure	4	static
../Core/Src/menulcd.c:230:6:temperature_messure	16	static
../Core/Src/menulcd.c:235:6:startADC	8	static
../Core/Src/menulcd.c:243:6:float_to_string	88	dynamic
../Core/Src/menulcd.c:275:6:display_menu	8	static
../Core/Src/menulcd.c:288:6:display_main	8	static
../Core/Src/menulcd.c:340:6:chonmenu_tong	8	static
../Core/Src/menulcd.c:375:6:menu_1	24	static
../Core/Src/menulcd.c:447:6:menu_2	24	static
../Core/Src/menulcd.c:493:6:menu_3	8	static
../Core/Src/menulcd.c:527:6:select_menu3	8	static
../Core/Src/menulcd.c:543:6:X_count	8	static
../Core/Src/menulcd.c:567:6:Y_count	8	static
../Core/Src/menulcd.c:591:6:Z_count	8	static
../Core/Src/menulcd.c:615:6:menu_4	8	static
../Core/Src/menulcd.c:637:6:select_menu4	8	static
../Core/Src/menulcd.c:650:6:speedXY_count	8	static
../Core/Src/menulcd.c:666:6:speedZ_count	8	static
../Core/Src/menulcd.c:683:6:updateButtonState	16	static
../Core/Src/menulcd.c:689:6:HAL_GPIO_EXTI_Callback	24	static
../Core/Src/menulcd.c:701:6:ButtonTask	24	static
../Core/Src/menulcd.c:765:6:handle_up_button_press	8	static
../Core/Src/menulcd.c:805:6:handle_down_button_press	8	static
../Core/Src/menulcd.c:845:6:handle_back_button_press	8	static
../Core/Src/menulcd.c:903:6:handle_select_button_press	8	static
../Core/Src/menulcd.c:950:6:handle_reset_button_press	8	static
../Core/Src/menulcd.c:960:6:handle_start_button_press	8	static
../Core/Src/menulcd.c:972:6:handle_stop_button_press	8	static
../Core/Src/menulcd.c:984:6:resetProgram	8	static
../Core/Src/menulcd.c:1044:6:StopProgram	8	static
../Core/Src/menulcd.c:1053:6:StartProgram	8	static
