../Core/Src/menulcd.c:78:6:initialize_LCD	16	static
../Core/Src/menulcd.c:88:6:initialize_Kalman	24	static
../Core/Src/menulcd.c:106:6:delay_lcd	16	static
../Core/Src/menulcd.c:114:6:stepX	24	static
../Core/Src/menulcd.c:125:6:stepY	24	static
../Core/Src/menulcd.c:136:6:stepZ	24	static
../Core/Src/menulcd.c:147:10:moving_average_filter	16	static
../Core/Src/menulcd.c:158:10:exponential_moving_average_filter	24	static
../Core/Src/menulcd.c:164:10:kalman_filter	16	static
../Core/Src/menulcd.c:182:6:vol_messure	16	static
../Core/Src/menulcd.c:206:6:cur_messure	24	static
../Core/Src/menulcd.c:235:6:power_messure	4	static
../Core/Src/menulcd.c:240:6:temperature_messure	16	static
../Core/Src/menulcd.c:245:6:startADC	8	static
../Core/Src/menulcd.c:253:6:float_to_string	88	dynamic
../Core/Src/menulcd.c:285:6:display_menu	8	static
../Core/Src/menulcd.c:298:6:display_main	8	static
../Core/Src/menulcd.c:350:6:chonmenu_tong	8	static
../Core/Src/menulcd.c:385:6:menu_1	24	static
../Core/Src/menulcd.c:455:6:menu_2	24	static
../Core/Src/menulcd.c:501:6:menu_3	8	static
../Core/Src/menulcd.c:535:6:select_menu3	8	static
../Core/Src/menulcd.c:551:6:X_count	8	static
../Core/Src/menulcd.c:575:6:Y_count	8	static
../Core/Src/menulcd.c:599:6:Z_count	8	static
../Core/Src/menulcd.c:623:6:menu_4	8	static
../Core/Src/menulcd.c:645:6:select_menu4	8	static
../Core/Src/menulcd.c:658:6:speedXY_count	8	static
../Core/Src/menulcd.c:674:6:speedZ_count	8	static
../Core/Src/menulcd.c:691:6:updateButtonState	16	static
../Core/Src/menulcd.c:697:6:HAL_GPIO_EXTI_Callback	24	static
../Core/Src/menulcd.c:709:6:ButtonTask	24	static
../Core/Src/menulcd.c:773:6:handle_up_button_press	8	static
../Core/Src/menulcd.c:813:6:handle_down_button_press	8	static
../Core/Src/menulcd.c:853:6:handle_back_button_press	8	static
../Core/Src/menulcd.c:911:6:handle_select_button_press	8	static
../Core/Src/menulcd.c:958:6:handle_reset_button_press	8	static
../Core/Src/menulcd.c:968:6:handle_start_button_press	8	static
../Core/Src/menulcd.c:980:6:handle_stop_button_press	8	static
../Core/Src/menulcd.c:992:6:resetProgram	8	static
../Core/Src/menulcd.c:1052:6:StopProgram	8	static
../Core/Src/menulcd.c:1061:6:StartProgram	8	static
