../Core/Src/menulcd.c:78:6:initialize_LCD	16	static
../Core/Src/menulcd.c:88:6:initialize_Kalman	24	static
../Core/Src/menulcd.c:106:6:delay_lcd	16	static
../Core/Src/menulcd.c:114:6:stepX	24	static
../Core/Src/menulcd.c:125:6:stepY	24	static
../Core/Src/menulcd.c:136:6:stepZ	24	static
../Core/Src/menulcd.c:147:10:moving_average_filter	16	static
../Core/Src/menulcd.c:158:10:exponential_moving_average_filter	24	static
../Core/Src/menulcd.c:164:10:kalman_filter	16	static
../Core/Src/menulcd.c:182:6:vol_messure	16	static
../Core/Src/menulcd.c:206:6:cur_messure	24	static
../Core/Src/menulcd.c:235:6:power_messure	4	static
../Core/Src/menulcd.c:240:6:temperature_messure	16	static
../Core/Src/menulcd.c:245:6:startADC	8	static
../Core/Src/menulcd.c:253:6:float_to_string	88	dynamic
../Core/Src/menulcd.c:285:6:display_menu	8	static
../Core/Src/menulcd.c:298:6:display_main	8	static
../Core/Src/menulcd.c:350:6:chonmenu_tong	8	static
../Core/Src/menulcd.c:385:6:menu_1	24	static
../Core/Src/menulcd.c:455:6:menu_2	24	static
../Core/Src/menulcd.c:501:6:menu_3	8	static
../Core/Src/menulcd.c:535:6:select_menu3	8	static
../Core/Src/menulcd.c:551:6:X_count	8	static
../Core/Src/menulcd.c:565:6:Y_count	8	static
../Core/Src/menulcd.c:579:6:Z_count	8	static
../Core/Src/menulcd.c:593:6:menu_4	8	static
../Core/Src/menulcd.c:615:6:select_menu4	8	static
../Core/Src/menulcd.c:628:6:speedXY_count	8	static
../Core/Src/menulcd.c:644:6:speedZ_count	8	static
../Core/Src/menulcd.c:661:6:updateButtonState	16	static
../Core/Src/menulcd.c:667:6:HAL_GPIO_EXTI_Callback	24	static
../Core/Src/menulcd.c:679:6:ButtonTask	24	static
../Core/Src/menulcd.c:743:6:handle_up_button_press	8	static
../Core/Src/menulcd.c:783:6:handle_down_button_press	8	static
../Core/Src/menulcd.c:823:6:handle_back_button_press	8	static
../Core/Src/menulcd.c:881:6:handle_select_button_press	8	static
../Core/Src/menulcd.c:928:6:handle_reset_button_press	8	static
../Core/Src/menulcd.c:938:6:handle_start_button_press	8	static
../Core/Src/menulcd.c:950:6:handle_stop_button_press	8	static
../Core/Src/menulcd.c:962:6:resetProgram	8	static
../Core/Src/menulcd.c:1022:6:StopProgram	8	static
../Core/Src/menulcd.c:1031:6:StartProgram	8	static
