../Core/Src/stm32f4xx_it.c:81:6:NMI_Handler	4	static
../Core/Src/stm32f4xx_it.c:96:6:HardFault_Handler	4	static
../Core/Src/stm32f4xx_it.c:111:6:MemManage_Handler	4	static
../Core/Src/stm32f4xx_it.c:126:6:BusFault_Handler	4	static
../Core/Src/stm32f4xx_it.c:141:6:UsageFault_Handler	4	static
../Core/Src/stm32f4xx_it.c:156:6:DebugMon_Handler	4	static
../Core/Src/stm32f4xx_it.c:169:6:SysTick_Handler	8	static
../Core/Src/stm32f4xx_it.c:198:6:PVD_IRQHandler	8	static
../Core/Src/stm32f4xx_it.c:212:6:EXTI4_IRQHandler	8	static
../Core/Src/stm32f4xx_it.c:226:6:DMA1_Stream5_IRQHandler	8	static
../Core/Src/stm32f4xx_it.c:240:6:ADC_IRQHandler	8	static
../Core/Src/stm32f4xx_it.c:254:6:EXTI9_5_IRQHandler	8	static
../Core/Src/stm32f4xx_it.c:270:6:TIM1_BRK_TIM9_IRQHandler	8	static
../Core/Src/stm32f4xx_it.c:284:6:TIM2_IRQHandler	8	static
../Core/Src/stm32f4xx_it.c:298:6:TIM3_IRQHandler	8	static
../Core/Src/stm32f4xx_it.c:312:6:TIM4_IRQHandler	8	static
../Core/Src/stm32f4xx_it.c:326:6:I2C1_EV_IRQHandler	8	static
../Core/Src/stm32f4xx_it.c:340:6:I2C1_ER_IRQHandler	8	static
../Core/Src/stm32f4xx_it.c:354:6:USART2_IRQHandler	8	static
../Core/Src/stm32f4xx_it.c:368:6:EXTI15_10_IRQHandler	8	static
../Core/Src/stm32f4xx_it.c:384:6:TIM5_IRQHandler	8	static
../Core/Src/stm32f4xx_it.c:398:6:TIM6_DAC_IRQHandler	8	static
../Core/Src/stm32f4xx_it.c:412:6:DMA2_Stream0_IRQHandler	8	static
