Archive member included to satisfy reference by file (symbol)

C:/ST/STM32CubeIDE_1.15.1/STM32CubeIDE/plugins/com.st.stm32cube.ide.mcu.externaltools.gnu-tools-for-stm32.12.3.rel1.win32_1.0.100.202403111256/tools/bin/../lib/gcc/arm-none-eabi/12.3.1/../../../../arm-none-eabi/lib/thumb/v7e-m+fp/hard\libc_nano.a(libc_a-exit.o)
                              C:/ST/STM32CubeIDE_1.15.1/STM32CubeIDE/plugins/com.st.stm32cube.ide.mcu.externaltools.gnu-tools-for-stm32.12.3.rel1.win32_1.0.100.202403111256/tools/bin/../lib/gcc/arm-none-eabi/12.3.1/../../../../arm-none-eabi/lib/thumb/v7e-m+fp/hard/crt0.o (exit)
C:/ST/STM32CubeIDE_1.15.1/STM32CubeIDE/plugins/com.st.stm32cube.ide.mcu.externaltools.gnu-tools-for-stm32.12.3.rel1.win32_1.0.100.202403111256/tools/bin/../lib/gcc/arm-none-eabi/12.3.1/../../../../arm-none-eabi/lib/thumb/v7e-m+fp/hard\libc_nano.a(libc_a-itoa.o)
                              ./Core/Src/menulcd.o (itoa)
C:/ST/STM32CubeIDE_1.15.1/STM32CubeIDE/plugins/com.st.stm32cube.ide.mcu.externaltools.gnu-tools-for-stm32.12.3.rel1.win32_1.0.100.202403111256/tools/bin/../lib/gcc/arm-none-eabi/12.3.1/../../../../arm-none-eabi/lib/thumb/v7e-m+fp/hard\libc_nano.a(libc_a-malloc.o)
                              ./Core/Src/cli.o (malloc)
C:/ST/STM32CubeIDE_1.15.1/STM32CubeIDE/plugins/com.st.stm32cube.ide.mcu.externaltools.gnu-tools-for-stm32.12.3.rel1.win32_1.0.100.202403111256/tools/bin/../lib/gcc/arm-none-eabi/12.3.1/../../../../arm-none-eabi/lib/thumb/v7e-m+fp/hard\libc_nano.a(libc_a-mallocr.o)
                              C:/ST/STM32CubeIDE_1.15.1/STM32CubeIDE/plugins/com.st.stm32cube.ide.mcu.externaltools.gnu-tools-for-stm32.12.3.rel1.win32_1.0.100.202403111256/tools/bin/../lib/gcc/arm-none-eabi/12.3.1/../../../../arm-none-eabi/lib/thumb/v7e-m+fp/hard\libc_nano.a(libc_a-malloc.o) (_malloc_r)
C:/ST/STM32CubeIDE_1.15.1/STM32CubeIDE/plugins/com.st.stm32cube.ide.mcu.externaltools.gnu-tools-for-stm32.12.3.rel1.win32_1.0.100.202403111256/tools/bin/../lib/gcc/arm-none-eabi/12.3.1/../../../../arm-none-eabi/lib/thumb/v7e-m+fp/hard\libc_nano.a(libc_a-mlock.o)
                              C:/ST/STM32CubeIDE_1.15.1/STM32CubeIDE/plugins/com.st.stm32cube.ide.mcu.externaltools.gnu-tools-for-stm32.12.3.rel1.win32_1.0.100.202403111256/tools/bin/../lib/gcc/arm-none-eabi/12.3.1/../../../../arm-none-eabi/lib/thumb/v7e-m+fp/hard\libc_nano.a(libc_a-mallocr.o) (__malloc_lock)
C:/ST/STM32CubeIDE_1.15.1/STM32CubeIDE/plugins/com.st.stm32cube.ide.mcu.externaltools.gnu-tools-for-stm32.12.3.rel1.win32_1.0.100.202403111256/tools/bin/../lib/gcc/arm-none-eabi/12.3.1/../../../../arm-none-eabi/lib/thumb/v7e-m+fp/hard\libc_nano.a(libc_a-utoa.o)
                              C:/ST/STM32CubeIDE_1.15.1/STM32CubeIDE/plugins/com.st.stm32cube.ide.mcu.externaltools.gnu-tools-for-stm32.12.3.rel1.win32_1.0.100.202403111256/tools/bin/../lib/gcc/arm-none-eabi/12.3.1/../../../../arm-none-eabi/lib/thumb/v7e-m+fp/hard\libc_nano.a(libc_a-itoa.o) (__utoa)
C:/ST/STM32CubeIDE_1.15.1/STM32CubeIDE/plugins/com.st.stm32cube.ide.mcu.externaltools.gnu-tools-for-stm32.12.3.rel1.win32_1.0.100.202403111256/tools/bin/../lib/gcc/arm-none-eabi/12.3.1/../../../../arm-none-eabi/lib/thumb/v7e-m+fp/hard\libc_nano.a(libc_a-nano-vfprintf_float.o)
                              (_printf_float)
C:/ST/STM32CubeIDE_1.15.1/STM32CubeIDE/plugins/com.st.stm32cube.ide.mcu.externaltools.gnu-tools-for-stm32.12.3.rel1.win32_1.0.100.202403111256/tools/bin/../lib/gcc/arm-none-eabi/12.3.1/../../../../arm-none-eabi/lib/thumb/v7e-m+fp/hard\libc_nano.a(libc_a-nano-vfprintf_i.o)
                              C:/ST/STM32CubeIDE_1.15.1/STM32CubeIDE/plugins/com.st.stm32cube.ide.mcu.externaltools.gnu-tools-for-stm32.12.3.rel1.win32_1.0.100.202403111256/tools/bin/../lib/gcc/arm-none-eabi/12.3.1/../../../../arm-none-eabi/lib/thumb/v7e-m+fp/hard\libc_nano.a(libc_a-nano-vfprintf_float.o) (_printf_common)
C:/ST/STM32CubeIDE_1.15.1/STM32CubeIDE/plugins/com.st.stm32cube.ide.mcu.externaltools.gnu-tools-for-stm32.12.3.rel1.win32_1.0.100.202403111256/tools/bin/../lib/gcc/arm-none-eabi/12.3.1/../../../../arm-none-eabi/lib/thumb/v7e-m+fp/hard\libc_nano.a(libc_a-nano-vfscanf_float.o)
                              (_scanf_float)
C:/ST/STM32CubeIDE_1.15.1/STM32CubeIDE/plugins/com.st.stm32cube.ide.mcu.externaltools.gnu-tools-for-stm32.12.3.rel1.win32_1.0.100.202403111256/tools/bin/../lib/gcc/arm-none-eabi/12.3.1/../../../../arm-none-eabi/lib/thumb/v7e-m+fp/hard\libc_nano.a(libc_a-findfp.o)
                              C:/ST/STM32CubeIDE_1.15.1/STM32CubeIDE/plugins/com.st.stm32cube.ide.mcu.externaltools.gnu-tools-for-stm32.12.3.rel1.win32_1.0.100.202403111256/tools/bin/../lib/gcc/arm-none-eabi/12.3.1/../../../../arm-none-eabi/lib/thumb/v7e-m+fp/hard\libc_nano.a(libc_a-exit.o) (__stdio_exit_handler)
[...]
Memory Configuration

Name             Origin             Length             Attributes
CCMRAM           0x10000000         0x00010000         xrw
RAM              0x20000000         0x00020000         xrw
FLASH            0x08000000         0x00080000         xr
*default*        0x00000000         0xffffffff

Linker script and memory map

LOAD C:/ST/STM32CubeIDE_1.15.1/STM32CubeIDE/plugins/com.st.stm32cube.ide.mcu.externaltools.gnu-tools-for-stm32.12.3.rel1.win32_1.0.100.202403111256/tools/bin/../lib/gcc/arm-none-eabi/12.3.1/thumb/v7e-m+fp/hard/crti.o
LOAD C:/ST/STM32CubeIDE_1.15.1/STM32CubeIDE/plugins/com.st.stm32cube.ide.mcu.externaltools.gnu-tools-for-stm32.12.3.rel1.win32_1.0.100.202403111256/tools/bin/../lib/gcc/arm-none-eabi/12.3.1/thumb/v7e-m+fp/hard/crtbegin.o
LOAD C:/ST/STM32CubeIDE_1.15.1/STM32CubeIDE/plugins/com.st.stm32cube.ide.mcu.externaltools.gnu-tools-for-stm32.12.3.rel1.win32_1.0.100.202403111256/tools/bin/../lib/gcc/arm-none-eabi/12.3.1/../../../../arm-none-eabi/lib/thumb/v7e-m+fp/hard/crt0.o
LOAD ./Core/Src/AccelStepper.o
LOAD ./Core/Src/Inverse_cnc.o
LOAD ./Core/Src/S_curve.o
LOAD ./Core/Src/adc.o
LOAD ./Core/Src/cli.o
LOAD ./Core/Src/freertos.o
LOAD ./Core/Src/gpio.o
LOAD ./Core/Src/i2c.o
LOAD ./Core/Src/lcd.o
LOAD ./Core/Src/main.o
LOAD ./Core/Src/menulcd.o
LOAD ./Core/Src/stm32f4xx_hal_msp.o
LOAD ./Core/Src/stm32f4xx_it.o
LOAD ./Core/Src/syscalls.o
LOAD ./Core/Src/sysmem.o
LOAD ./Core/Src/system_stm32f4xx.o
LOAD ./Core/Src/tim.o
LOAD ./Core/Src/usart.o
LOAD ./Core/Startup/startup_stm32f407vetx.o
LOAD ./Drivers/STM32F4xx_HAL_Driver/Src/stm32f4xx_hal.o
LOAD ./Drivers/STM32F4xx_HAL_Driver/Src/stm32f4xx_hal_adc.o
LOAD ./Drivers/STM32F4xx_HAL_Driver/Src/stm32f4xx_hal_adc_ex.o
LOAD ./Drivers/STM32F4xx_HAL_Driver/Src/stm32f4xx_hal_cortex.o
LOAD ./Drivers/STM32F4xx_HAL_Driver/Src/stm32f4xx_hal_dma.o
LOAD ./Drivers/STM32F4xx_HAL_Driver/Src/stm32f4xx_hal_dma_ex.o
LOAD ./Drivers/STM32F4xx_HAL_Driver/Src/stm32f4xx_hal_exti.o
LOAD ./Drivers/STM32F4xx_HAL_Driver/Src/stm32f4xx_hal_flash.o
LOAD ./Drivers/STM32F4xx_HAL_Driver/Src/stm32f4xx_hal_flash_ex.o
LOAD ./Drivers/STM32F4xx_HAL_Driver/Src/stm32f4xx_hal_flash_ramfunc.o
LOAD ./Drivers/STM32F4xx_HAL_Driver/Src/stm32f4xx_hal_gpio.o
LOAD ./Drivers/STM32F4xx_HAL_Driver/Src/stm32f4xx_hal_i2c.o
LOAD ./Drivers/STM32F4xx_HAL_Driver/Src/stm32f4xx_hal_i2c_ex.o
LOAD ./Drivers/STM32F4xx_HAL_Driver/Src/stm32f4xx_hal_pwr.o
LOAD ./Drivers/STM32F4xx_HAL_Driver/Src/stm32f4xx_hal_pwr_ex.o
LOAD ./Drivers/STM32F4xx_HAL_Driver/Src/stm32f4xx_hal_rcc.o
LOAD ./Drivers/STM32F4xx_HAL_Driver/Src/stm32f4xx_hal_rcc_ex.o
LOAD ./Drivers/STM32F4xx_HAL_Driver/Src/stm32f4xx_hal_tim.o
LOAD ./Drivers/STM32F4xx_HAL_Driver/Src/stm32f4xx_hal_tim_ex.o
LOAD ./Drivers/STM32F4xx_HAL_Driver/Src/stm32f4xx_hal_uart.o
LOAD ./Drivers/STM32F4xx_HAL_Driver/Src/stm32f4xx_ll_adc.o
LOAD ./Middlewares/Third_Party/FreeRTOS/Source/CMSIS_RTOS_V2/cmsis_os2.o
LOAD ./Middlewares/Third_Party/FreeRTOS/Source/croutine.o
LOAD ./Middlewares/Third_Party/FreeRTOS/Source/event_groups.o
LOAD ./Middlewares/Third_Party/FreeRTOS/Source/list.o
LOAD ./Middlewares/Third_Party/FreeRTOS/Source/queue.o
LOAD ./Middlewares/Third_Party/FreeRTOS/Source/stream_buffer.o
LOAD ./Middlewares/Third_Party/FreeRTOS/Source/tasks.o
LOAD ./Middlewares/Third_Party/FreeRTOS/Source/timers.o
LOAD ./Middlewares/Third_Party/FreeRTOS/Source/portable/GCC/ARM_CM4F/port.o
LOAD ./Middlewares/Third_Party/FreeRTOS/Source/portable/MemMang/heap_4.o
START GROUP
LOAD C:/ST/STM32CubeIDE_1.15.1/STM32CubeIDE/plugins/com.st.stm32cube.ide.mcu.externaltools.gnu-tools-for-stm32.12.3.rel1.win32_1.0.100.202403111256/tools/bin/../lib/gcc/arm-none-eabi/12.3.1/../../../../arm-none-eabi/lib/thumb/v7e-m+fp/hard\libc_nano.a
LOAD C:/ST/STM32CubeIDE_1.15.1/STM32CubeIDE/plugins/com.st.stm32cube.ide.mcu.externaltools.gnu-tools-for-stm32.12.3.rel1.win32_1.0.100.202403111256/tools/bin/../lib/gcc/arm-none-eabi/12.3.1/../../../../arm-none-eabi/lib/thumb/v7e-m+fp/hard\libm.a
END GROUP
START GROUP
LOAD C:/ST/STM32CubeIDE_1.15.1/STM32CubeIDE/plugins/com.st.stm32cube.ide.mcu.externaltools.gnu-tools-for-stm32.12.3.rel1.win32_1.0.100.202403111256/tools/bin/../lib/gcc/arm-none-eabi/12.3.1/thumb/v7e-m+fp/hard\libgcc.a
LOAD C:/ST/STM32CubeIDE_1.15.1/STM32CubeIDE/plugins/com.st.stm32cube.ide.mcu.externaltools.gnu-tools-for-stm32.12.3.rel1.win32_1.0.100.202403111256/tools/bin/../lib/gcc/arm-none-eabi/12.3.1/../../../../arm-none-eabi/lib/thumb/v7e-m+fp/hard\libc_nano.a
END GROUP
START GROUP
LOAD C:/ST/STM32CubeIDE_1.15.1/STM32CubeIDE/plugins/com.st.stm32cube.ide.mcu.externaltools.gnu-tools-for-stm32.12.3.rel1.win32_1.0.100.202403111256/tools/bin/../lib/gcc/arm-none-eabi/12.3.1/thumb/v7e-m+fp/hard\libgcc.a
LOAD C:/ST/STM32CubeIDE_1.15.1/STM32CubeIDE/plugins/com.st.stm32cube.ide.mcu.externaltools.gnu-tools-for-stm32.12.3.rel1.win32_1.0.100.202403111256/tools/bin/../lib/gcc/arm-none-eabi/12.3.1/../../../../arm-none-eabi/lib/thumb/v7e-m+fp/hard\libc_nano.a
LOAD C:/ST/STM32CubeIDE_1.15.1/STM32CubeIDE/plugins/com.st.stm32cube.ide.mcu.externaltools.gnu-tools-for-stm32.12.3.rel1.win32_1.0.100.202403111256/tools/bin/../lib/gcc/arm-none-eabi/12.3.1/../../../../arm-none-eabi/lib/thumb/v7e-m+fp/hard\libnosys.a
END GROUP
START GROUP
LOAD C:/ST/STM32CubeIDE_1.15.1/STM32CubeIDE/plugins/com.st.stm32cube.ide.mcu.externaltools.gnu-tools-for-stm32.12.3.rel1.win32_1.0.100.202403111256/tools/bin/../lib/gcc/arm-none-eabi/12.3.1/thumb/v7e-m+fp/hard\libgcc.a
LOAD C:/ST/STM32CubeIDE_1.15.1/STM32CubeIDE/plugins/com.st.stm32cube.ide.mcu.externaltools.gnu-tools-for-stm32.12.3.rel1.win32_1.0.100.202403111256/tools/bin/../lib/gcc/arm-none-eabi/12.3.1/../../../../arm-none-eabi/lib/thumb/v7e-m+fp/hard\libc_nano.a
LOAD C:/ST/STM32CubeIDE_1.15.1/STM32CubeIDE/plugins/com.st.stm32cube.ide.mcu.externaltools.gnu-tools-for-stm32.12.3.rel1.win32_1.0.100.202403111256/tools/bin/../lib/gcc/arm-none-eabi/12.3.1/../../../../arm-none-eabi/lib/thumb/v7e-m+fp/hard\libnosys.a
END GROUP
LOAD C:/ST/STM32CubeIDE_1.15.1/STM32CubeIDE/plugins/com.st.stm32cube.ide.mcu.externaltools.gnu-tools-for-stm32.12.3.rel1.win32_1.0.100.202403111256/tools/bin/../lib/gcc/arm-none-eabi/12.3.1/thumb/v7e-m+fp/hard/crtend.o
LOAD C:/ST/STM32CubeIDE_1.15.1/STM32CubeIDE/plugins/com.st.stm32cube.ide.mcu.externaltools.gnu-tools-for-stm32.12.3.rel1.win32_1.0.100.202403111256/tools/bin/../lib/gcc/arm-none-eabi/12.3.1/thumb/v7e-m+fp/hard/crtn.o
                0x20020000                        _estack = (ORIGIN (RAM) + LENGTH (RAM))
                0x00000200                        _Min_Heap_Size = 0x200
                0x00000400                        _Min_Stack_Size = 0x400

.isr_vector     0x08000000      0x188
                0x08000000                        . = ALIGN (0x4)
 *(.isr_vector)
 .isr_vector    0x08000000      0x188 ./Core/Startup/startup_stm32f407vetx.o
                0x08000000                g_pfnVectors
                0x08000188                        . = ALIGN (0x4)

.text           0x08000190    0x155c8
                0x08000190                        . = ALIGN (0x4)
 *(.text)
 .text          0x08000190       0x40 C:/ST/STM32CubeIDE_1.15.1/STM32CubeIDE/plugins/com.st.stm32cube.ide.mcu.externaltools.gnu-tools-for-stm32.12.3.rel1.win32_1.0.100.202403111256/tools/bin/../lib/gcc/arm-none-eabi/12.3.1/thumb/v7e-m+fp/hard/crtbegin.o
 .text          0x080001d0       0x14 C:/ST/STM32CubeIDE_1.15.1/STM32CubeIDE/plugins/com.st.stm32cube.ide.mcu.externaltools.gnu-tools-for-stm32.12.3.rel1.win32_1.0.100.202403111256/tools/bin/../lib/gcc/arm-none-eabi/12.3.1/../../../../arm-none-eabi/lib/thumb/v7e-m+fp/hard\libc_nano.a(libc_a-strcmp.o)
                0x080001d0                strcmp
 *fill*         0x080001e4        0xc 
 .text          0x080001f0       0xa0 C:/ST/STM32CubeIDE_1.15.1/STM32CubeIDE/plugins/com.st.stm32cube.ide.mcu.externaltools.gnu-tools-for-stm32.12.3.rel1.win32_1.0.100.202403111256/tools/bin/../lib/gcc/arm-none-eabi/12.3.1/../../../../arm-none-eabi/lib/thumb/v7e-m+fp/hard\libc_nano.a(libc_a-memchr.o)
                0x080001f0                memchr
 .text          0x08000290       0x10 C:/ST/STM32CubeIDE_1.15.1/STM32CubeIDE/plugins/com.st.stm32cube.ide.mcu.externaltools.gnu-tools-for-stm32.12.3.rel1.win32_1.0.100.202403111256/tools/bin/../lib/gcc/arm-none-eabi/12.3.1/../../../../arm-none-eabi/lib/thumb/v7e-m+fp/hard\libc_nano.a(libc_a-strlen.o)
                0x08000290                strlen
 .text          0x080002a0      0x378 C:/ST/STM32CubeIDE_1.15.1/STM32CubeIDE/plugins/com.st.stm32cube.ide.mcu.externaltools.gnu-tools-for-stm32.12.3.rel1.win32_1.0.100.202403111256/tools/bin/../lib/gcc/arm-none-eabi/12.3.1/thumb/v7e-m+fp/hard\libgcc.a(_arm_addsubdf3.o)
                0x080002a0                __aeabi_drsub
                0x080002a8                __aeabi_dsub
                0x080002a8                __subdf3
                0x080002ac                __aeabi_dadd
                0x080002ac                __adddf3
                0x08000524                __floatunsidf
                0x08000524                __aeabi_ui2d
                0x08000544                __floatsidf
                0x08000544                __aeabi_i2d
                0x08000568                __aeabi_f2d
                0x08000568                __extendsfdf2
                0x080005ac                __floatundidf
                0x080005ac                __aeabi_ul2d
                0x080005bc                __floatdidf
                0x080005bc                __aeabi_l2d
 .text          0x08000618      0x424 C:/ST/STM32CubeIDE_1.15.1/STM32CubeIDE/plugins/com.st.stm32cube.ide.mcu.externaltools.gnu-tools-for-stm32.12.3.rel1.win32_1.0.100.202403111256/tools/bin/../lib/gcc/arm-none-eabi/12.3.1/thumb/v7e-m+fp/hard\libgcc.a(_arm_muldivdf3.o)
                0x08000618                __aeabi_dmul
                0x08000618                __muldf3
                0x0800086c                __divdf3
                0x0800086c                __aeabi_ddiv
 .text          0x08000a3c      0x110 C:/ST/STM32CubeIDE_1.15.1/STM32CubeIDE/plugins/com.st.stm32cube.ide.mcu.externaltools.gnu-tools-for-stm32.12.3.rel1.win32_1.0.100.202403111256/tools/bin/../lib/gcc/arm-none-eabi/12.3.1/thumb/v7e-m+fp/hard\libgcc.a(_arm_cmpdf2.o)
                0x08000a3c                __gtdf2
                0x08000a3c                __gedf2
                0x08000a44                __ltdf2
                0x08000a44                __ledf2
                0x08000a4c                __nedf2
                0x08000a4c                __eqdf2
                0x08000a4c                __cmpdf2
                0x08000ac8                __aeabi_cdrcmple
                0x08000ad8                __aeabi_cdcmpeq
                0x08000ad8                __aeabi_cdcmple
                0x08000ae8                __aeabi_dcmpeq
                0x08000afc                __aeabi_dcmplt
                0x08000b10                __aeabi_dcmple
                0x08000b24                __aeabi_dcmpge
                0x08000b38                __aeabi_dcmpgt
 .text          0x08000b4c       0x2c C:/ST/STM32CubeIDE_1.15.1/STM32CubeIDE/plugins/com.st.stm32cube.ide.mcu.externaltools.gnu-tools-for-stm32.12.3.rel1.win32_1.0.100.202403111256/tools/bin/../lib/gcc/arm-none-eabi/12.3.1/thumb/v7e-m+fp/hard\libgcc.a(_arm_unorddf2.o)
                0x08000b4c                __unorddf2
                0x08000b4c                __aeabi_dcmpun
 .text          0x08000b78       0x50 C:/ST/STM32CubeIDE_1.15.1/STM32CubeIDE/plugins/com.st.stm32cube.ide.mcu.externaltools.gnu-tools-for-stm32.12.3.rel1.win32_1.0.100.202403111256/tools/bin/../lib/gcc/arm-none-eabi/12.3.1/thumb/v7e-m+fp/hard\libgcc.a(_arm_fixdfsi.o)
                0x08000b78                __aeabi_d2iz
                0x08000b78                __fixdfsi
 .text          0x08000bc8       0x40 C:/ST/STM32CubeIDE_1.15.1/STM32CubeIDE/plugins/com.st.stm32cube.ide.mcu.externaltools.gnu-tools-for-stm32.12.3.rel1.win32_1.0.100.202403111256/tools/bin/../lib/gcc/arm-none-eabi/12.3.1/thumb/v7e-m+fp/hard\libgcc.a(_arm_fixunsdfsi.o)
                0x08000bc8                __aeabi_d2uiz
                0x08000bc8                __fixunsdfsi
 .text          0x08000c08       0xa0 C:/ST/STM32CubeIDE_1.15.1/STM32CubeIDE/plugins/com.st.stm32cube.ide.mcu.externaltools.gnu-tools-for-stm32.12.3.rel1.win32_1.0.100.202403111256/tools/bin/../lib/gcc/arm-none-eabi/12.3.1/thumb/v7e-m+fp/hard\libgcc.a(_arm_truncdfsf2.o)
                0x08000c08                __truncdfsf2
                0x08000c08                __aeabi_d2f
 .text          0x08000ca8       0x30 C:/ST/STM32CubeIDE_1.15.1/STM32CubeIDE/plugins/com.st.stm32cube.ide.mcu.externaltools.gnu-tools-for-stm32.12.3.rel1.win32_1.0.100.202403111256/tools/bin/../lib/gcc/arm-none-eabi/12.3.1/thumb/v7e-m+fp/hard\libgcc.a(_aeabi_uldivmod.o)
                0x08000ca8                __aeabi_uldivmod
 .text          0x08000cd8       0x30 C:/ST/STM32CubeIDE_1.15.1/STM32CubeIDE/plugins/com.st.stm32cube.ide.mcu.externaltools.gnu-tools-for-stm32.12.3.rel1.win32_1.0.100.202403111256/tools/bin/../lib/gcc/arm-none-eabi/12.3.1/thumb/v7e-m+fp/hard\libgcc.a(_fixdfdi.o)
                0x08000cd8                __fixdfdi
                0x08000cd8                __aeabi_d2lz
 .text          0x08000d08       0x3c C:/ST/STM32CubeIDE_1.15.1/STM32CubeIDE/plugins/com.st.stm32cube.ide.mcu.externaltools.gnu-tools-for-stm32.12.3.rel1.win32_1.0.100.202403111256/tools/bin/../lib/gcc/arm-none-eabi/12.3.1/thumb/v7e-m+fp/hard\libgcc.a(_fixunsdfdi.o)
                0x08000d08                __fixunsdfdi
                0x08000d08                __aeabi_d2ulz
 .text          0x08000d44      0x2bc C:/ST/STM32CubeIDE_1.15.1/STM32CubeIDE/plugins/com.st.stm32cube.ide.mcu.externaltools.gnu-tools-for-stm32.12.3.rel1.win32_1.0.100.202403111256/tools/bin/../lib/gcc/arm-none-eabi/12.3.1/thumb/v7e-m+fp/hard\libgcc.a(_udivmoddi4.o)
                0x08000d44                __udivmoddi4
 .text          0x08001000        0x4 C:/ST/STM32CubeIDE_1.15.1/STM32CubeIDE/plugins/com.st.stm32cube.ide.mcu.externaltools.gnu-tools-for-stm32.12.3.rel1.win32_1.0.100.202403111256/tools/bin/../lib/gcc/arm-none-eabi/12.3.1/thumb/v7e-m+fp/hard\libgcc.a(_dvmd_tls.o)
                0x08001000                __aeabi_idiv0
                0x08001000                __aeabi_ldiv0
 *(.text*)
 .text.Accel_Stepper_SetPin
                0x08001004       0x38 ./Core/Src/AccelStepper.o
                0x08001004                Accel_Stepper_SetPin
 .text.Accel_Stepper_SetTimer
                0x0800103c       0x1c ./Core/Src/AccelStepper.o
                0x0800103c                Accel_Stepper_SetTimer
 .text.Accel_Stepper_TIMIT_Handler
                0x08001058      0x440 ./Core/Src/AccelStepper.o
                0x08001058                Accel_Stepper_TIMIT_Handler
 .text.Accel_Stepper_Move
                0x08001498      0x4b8 ./Core/Src/AccelStepper.o
                0x08001498                Accel_Stepper_Move
 .text.initializeCNC_pos
                0x08001950      0x11c ./Core/Src/Inverse_cnc.o
                0x08001950                initializeCNC_pos
 .text.trans_to_posXY
                0x08001a6c       0x50 ./Core/Src/Inverse_cnc.o
                0x08001a6c                trans_to_posXY
 .text.trans_to_posZ
                0x08001abc       0x30 ./Core/Src/Inverse_cnc.o
                0x08001abc                trans_to_posZ
 .text.caculate_pos
                0x08001aec       0x34 ./Core/Src/Inverse_cnc.o
                0x08001aec                caculate_pos
 .text.MX_ADC1_Init
                0x08001b20       0x84 ./Core/Src/adc.o
                0x08001b20                MX_ADC1_Init
 .text.ADC_Select_CH10
                0x08001ba4       0x40 ./Core/Src/adc.o
                0x08001ba4                ADC_Select_CH10
 .text.ADC_Select_CH11
                0x08001be4       0x40 ./Core/Src/adc.o
                0x08001be4                ADC_Select_CH11
 .text.MX_DMA_ADC_Init
                0x08001c24       0x40 ./Core/Src/adc.o
                0x08001c24                MX_DMA_ADC_Init
 .text.HAL_ADC_MspInit
                0x08001c64      0x100 ./Core/Src/adc.o
                0x08001c64                HAL_ADC_MspInit
 .text.prepare_data
                0x08001d64       0x94 ./Core/Src/cli.o
                0x08001d64                prepare_data
 .text.UART_transmit_init
                0x08001df8        0xc ./Core/Src/cli.o
                0x08001df8                UART_transmit_init
 .text.send_uart_data
                0x08001e04       0x58 ./Core/Src/cli.o
                0x08001e04                send_uart_data
 .text.HAL_UART_TxCpltCallback
                0x08001e5c       0x14 ./Core/Src/cli.o
                0x08001e5c                HAL_UART_TxCpltCallback
 .text.UART_RECEIVE_Init
                0x08001e70       0x1c ./Core/Src/cli.o
                0x08001e70                UART_RECEIVE_Init
 .text.start_command
                0x08001e8c        0xc ./Core/Src/cli.o
                0x08001e8c                start_command
 .text.stop_command
                0x08001e98        0xc ./Core/Src/cli.o
                0x08001e98                stop_command
 .text.reset_command
                0x08001ea4        0xc ./Core/Src/cli.o
                0x08001ea4                reset_command
 .text.drill_on_command
                0x08001eb0       0x18 ./Core/Src/cli.o
                0x08001eb0                drill_on_command
 .text.drill_off_command
                0x08001ec8       0x18 ./Core/Src/cli.o
                0x08001ec8                drill_off_command
 .text.low_command
                0x08001ee0       0x88 ./Core/Src/cli.o
                0x08001ee0                low_command
 .text.medium_command
                0x08001f68       0x90 ./Core/Src/cli.o
                0x08001f68                medium_command
 .text.high_command
                0x08001ff8       0x98 ./Core/Src/cli.o
                0x08001ff8                high_command
 .text.add_coordinate
                0x08002090       0x6c ./Core/Src/cli.o
                0x08002090                add_coordinate
 .text.clear_coordinates
                0x080020fc       0x38 ./Core/Src/cli.o
                0x080020fc                clear_coordinates
 .text.move_to_coordinates
                0x08002134       0x74 ./Core/Src/cli.o
                0x08002134                move_to_coordinates
 .text.process_goto_command
                0x080021a8       0x88 ./Core/Src/cli.o
                0x080021a8                process_goto_command
 .text.UART_rx_process
                0x08002230      0x100 ./Core/Src/cli.o
                0x08002230                UART_rx_process
 .text.process_ip_address
                0x08002330       0x24 ./Core/Src/cli.o
                0x08002330                process_ip_address
 .text.HAL_UART_RxCpltCallback
                0x08002354       0xa4 ./Core/Src/cli.o
                0x08002354                HAL_UART_RxCpltCallback
 .text.max3     0x080023f8       0x60 ./Core/Src/freertos.o
                0x080023f8                max3
 .text.DelayUs_step
                0x08002458       0x38 ./Core/Src/freertos.o
                0x08002458                DelayUs_step
 .text.HOME     0x08002490       0xe8 ./Core/Src/freertos.o
                0x08002490                HOME
 .text.MoveToPosXY
                0x08002578      0x388 ./Core/Src/freertos.o
                0x08002578                MoveToPosXY
 .text.MoveToPosZ
                0x08002900      0x228 ./Core/Src/freertos.o
                0x08002900                MoveToPosZ
 .text.StartDefaultTask
                0x08002b28       0xd4 ./Core/Src/freertos.o
                0x08002b28                StartDefaultTask
 .text.StartADC
                0x08002bfc       0x16 ./Core/Src/freertos.o
                0x08002bfc                StartADC
 *fill*         0x08002c12        0x2 
 .text.StartLCD
                0x08002c14       0x38 ./Core/Src/freertos.o
                0x08002c14                StartLCD
 .text.StartUART_TX
                0x08002c4c       0x1c ./Core/Src/freertos.o
                0x08002c4c                StartUART_TX
 .text.StartUART_RX
                0x08002c68       0x30 ./Core/Src/freertos.o
                0x08002c68                StartUART_RX
 .text.MX_FREERTOS_Init
                0x08002c98       0xc0 ./Core/Src/freertos.o
                0x08002c98                MX_FREERTOS_Init
 .text.MX_GPIO_Init
                0x08002d58      0x220 ./Core/Src/gpio.o
                0x08002d58                MX_GPIO_Init
 .text.MX_I2C1_Init
                0x08002f78       0x5c ./Core/Src/i2c.o
                0x08002f78                MX_I2C1_Init
 .text.HAL_I2C_MspInit
                0x08002fd4       0xb0 ./Core/Src/i2c.o
                0x08002fd4                HAL_I2C_MspInit
 .text.lcd_send_cmd
                0x08003084       0x60 ./Core/Src/lcd.o
                0x08003084                lcd_send_cmd
 .text.lcd_send_data
                0x080030e4       0x60 ./Core/Src/lcd.o
                0x080030e4                lcd_send_data
 .text.lcd_clear
                0x08003144       0x30 ./Core/Src/lcd.o
                0x08003144                lcd_clear
 .text.lcd_put_cur
                0x08003174       0x48 ./Core/Src/lcd.o
                0x08003174                lcd_put_cur
 .text.lcd_init
                0x080031bc       0x5c ./Core/Src/lcd.o
                0x080031bc                lcd_init
 .text.lcd_send_string
                0x08003218       0x44 ./Core/Src/lcd.o
                0x08003218                lcd_send_string
 .text.main     0x0800325c       0x4c ./Core/Src/main.o
                0x0800325c                main
 .text.SystemClock_Config
                0x080032a8       0xd4 ./Core/Src/main.o
                0x080032a8                SystemClock_Config
 .text.HAL_TIM_PeriodElapsedCallback
                0x0800337c       0x54 ./Core/Src/main.o
                0x0800337c                HAL_TIM_PeriodElapsedCallback
 .text.Error_Handler
                0x080033d0        0xc ./Core/Src/main.o
                0x080033d0                Error_Handler
 .text.initialize_LCD
                0x080033dc       0x58 ./Core/Src/menulcd.o
                0x080033dc                initialize_LCD
 .text.initialize_Kalman
                0x08003434       0x8c ./Core/Src/menulcd.o
                0x08003434                initialize_Kalman
 .text.delay_lcd
                0x080034c0       0x38 ./Core/Src/menulcd.o
                0x080034c0                delay_lcd
 .text.stepX    0x080034f8       0x58 ./Core/Src/menulcd.o
                0x080034f8                stepX
 .text.stepY    0x08003550       0x58 ./Core/Src/menulcd.o
                0x08003550                stepY
 .text.stepZ    0x080035a8       0x58 ./Core/Src/menulcd.o
                0x080035a8                stepZ
 .text.moving_average_filter
                0x08003600       0x7e ./Core/Src/menulcd.o
                0x08003600                moving_average_filter
 .text.exponential_moving_average_filter
                0x0800367e       0x5e ./Core/Src/menulcd.o
                0x0800367e                exponential_moving_average_filter
 .text.kalman_filter
                0x080036dc       0xce ./Core/Src/menulcd.o
                0x080036dc                kalman_filter
 *fill*         0x080037aa        0x6 
 .text.vol_messure
                0x080037b0      0x138 ./Core/Src/menulcd.o
                0x080037b0                vol_messure
 .text.cur_messure
                0x080038e8      0x1c8 ./Core/Src/menulcd.o
                0x080038e8                cur_messure
 .text.power_messure
                0x08003ab0       0x28 ./Core/Src/menulcd.o
                0x08003ab0                power_messure
 .text.temperature_messure
                0x08003ad8       0xac ./Core/Src/menulcd.o
                0x08003ad8                temperature_messure
 .text.startADC
                0x08003b84       0x18 ./Core/Src/menulcd.o
                0x08003b84                startADC
 *fill*         0x08003b9c        0x4 
 .text.float_to_string
                0x08003ba0      0x164 ./Core/Src/menulcd.o
                0x08003ba0                float_to_string
 .text.display_menu
                0x08003d04       0x58 ./Core/Src/menulcd.o
                0x08003d04                display_menu
 .text.display_main
                0x08003d5c      0x144 ./Core/Src/menulcd.o
                0x08003d5c                display_main
 .text.menu_1   0x08003ea0      0x1dc ./Core/Src/menulcd.o
                0x08003ea0                menu_1
 .text.menu_2   0x0800407c      0x148 ./Core/Src/menulcd.o
                0x0800407c                menu_2
 .text.menu_3   0x080041c4       0xcc ./Core/Src/menulcd.o
                0x080041c4                menu_3
 .text.select_menu3
                0x08004290       0x34 ./Core/Src/menulcd.o
                0x08004290                select_menu3
 .text.X_count  0x080042c4       0xb8 ./Core/Src/menulcd.o
                0x080042c4                X_count
 .text.Y_count  0x0800437c       0xb8 ./Core/Src/menulcd.o
                0x0800437c                Y_count
 .text.Z_count  0x08004434       0xb8 ./Core/Src/menulcd.o
                0x08004434                Z_count
 .text.menu_4   0x080044ec       0x78 ./Core/Src/menulcd.o
                0x080044ec                menu_4
 .text.select_menu4
                0x08004564       0x28 ./Core/Src/menulcd.o
                0x08004564                select_menu4
 .text.speedXY_count
                0x0800458c       0x80 ./Core/Src/menulcd.o
                0x0800458c                speedXY_count
 .text.speedZ_count
                0x0800460c       0x80 ./Core/Src/menulcd.o
                0x0800460c                speedZ_count
 .text.updateButtonState
                0x0800468c       0x30 ./Core/Src/menulcd.o
                0x0800468c                updateButtonState
 .text.HAL_GPIO_EXTI_Callback
                0x080046bc       0x54 ./Core/Src/menulcd.o
                0x080046bc                HAL_GPIO_EXTI_Callback
 .text.ButtonTask
                0x08004710      0x1e8 ./Core/Src/menulcd.o
                0x08004710                ButtonTask
 .text.handle_up_button_press
                0x080048f8       0x94 ./Core/Src/menulcd.o
                0x080048f8                handle_up_button_press
 .text.handle_down_button_press
                0x0800498c       0x94 ./Core/Src/menulcd.o
                0x0800498c                handle_down_button_press
 .text.handle_back_button_press
                0x08004a20      0x15c ./Core/Src/menulcd.o
                0x08004a20                handle_back_button_press
 .text.handle_select_button_press
                0x08004b7c       0xfc ./Core/Src/menulcd.o
                0x08004b7c                handle_select_button_press
 .text.handle_reset_button_press
                0x08004c78       0x20 ./Core/Src/menulcd.o
                0x08004c78                handle_reset_button_press
 .text.handle_start_button_press
                0x08004c98       0x4c ./Core/Src/menulcd.o
                0x08004c98                handle_start_button_press
 .text.handle_stop_button_press
                0x08004ce4       0x38 ./Core/Src/menulcd.o
                0x08004ce4                handle_stop_button_press
 .text.resetProgram
                0x08004d1c      0x1ec ./Core/Src/menulcd.o
                0x08004d1c                resetProgram
 .text.StopProgram
                0x08004f08       0x30 ./Core/Src/menulcd.o
                0x08004f08                StopProgram
 .text.StartProgram
                0x08004f38       0x44 ./Core/Src/menulcd.o
                0x08004f38                StartProgram
 .text.HAL_MspInit
                0x08004f7c       0x68 ./Core/Src/stm32f4xx_hal_msp.o
                0x08004f7c                HAL_MspInit
 .text.NMI_Handler
                0x08004fe4        0x8 ./Core/Src/stm32f4xx_it.o
                0x08004fe4                NMI_Handler
 .text.HardFault_Handler
                0x08004fec        0x8 ./Core/Src/stm32f4xx_it.o
                0x08004fec                HardFault_Handler
 .text.MemManage_Handler
                0x08004ff4        0x8 ./Core/Src/stm32f4xx_it.o
                0x08004ff4                MemManage_Handler
 .text.BusFault_Handler
                0x08004ffc        0x8 ./Core/Src/stm32f4xx_it.o
                0x08004ffc                BusFault_Handler
 .text.UsageFault_Handler
                0x08005004        0x8 ./Core/Src/stm32f4xx_it.o
                0x08005004                UsageFault_Handler
 .text.DebugMon_Handler
                0x0800500c        0xe ./Core/Src/stm32f4xx_it.o
                0x0800500c                DebugMon_Handler
 .text.SysTick_Handler
                0x0800501a       0x1a ./Core/Src/stm32f4xx_it.o
                0x0800501a                SysTick_Handler
 .text.PVD_IRQHandler
                0x08005034        0xc ./Core/Src/stm32f4xx_it.o
                0x08005034                PVD_IRQHandler
 .text.EXTI4_IRQHandler
                0x08005040        0xe ./Core/Src/stm32f4xx_it.o
                0x08005040                EXTI4_IRQHandler
 *fill*         0x0800504e        0x2 
 .text.DMA1_Stream5_IRQHandler
                0x08005050       0x14 ./Core/Src/stm32f4xx_it.o
                0x08005050                DMA1_Stream5_IRQHandler
 .text.ADC_IRQHandler
                0x08005064       0x14 ./Core/Src/stm32f4xx_it.o
                0x08005064                ADC_IRQHandler
 .text.EXTI9_5_IRQHandler
                0x08005078       0x1c ./Core/Src/stm32f4xx_it.o
                0x08005078                EXTI9_5_IRQHandler
 .text.TIM1_BRK_TIM9_IRQHandler
                0x08005094       0x14 ./Core/Src/stm32f4xx_it.o
                0x08005094                TIM1_BRK_TIM9_IRQHandler
 .text.TIM2_IRQHandler
                0x080050a8       0x14 ./Core/Src/stm32f4xx_it.o
                0x080050a8                TIM2_IRQHandler
 .text.TIM3_IRQHandler
                0x080050bc       0x14 ./Core/Src/stm32f4xx_it.o
                0x080050bc                TIM3_IRQHandler
 .text.TIM4_IRQHandler
                0x080050d0       0x14 ./Core/Src/stm32f4xx_it.o
                0x080050d0                TIM4_IRQHandler
 .text.I2C1_EV_IRQHandler
                0x080050e4       0x14 ./Core/Src/stm32f4xx_it.o
                0x080050e4                I2C1_EV_IRQHandler
 .text.I2C1_ER_IRQHandler
                0x080050f8       0x14 ./Core/Src/stm32f4xx_it.o
                0x080050f8                I2C1_ER_IRQHandler
 .text.USART2_IRQHandler
                0x0800510c       0x14 ./Core/Src/stm32f4xx_it.o
                0x0800510c                USART2_IRQHandler
 .text.EXTI15_10_IRQHandler
                0x08005120       0x20 ./Core/Src/stm32f4xx_it.o
                0x08005120                EXTI15_10_IRQHandler
 .text.TIM5_IRQHandler
                0x08005140       0x14 ./Core/Src/stm32f4xx_it.o
                0x08005140                TIM5_IRQHandler
 .text.TIM6_DAC_IRQHandler
                0x08005154       0x14 ./Core/Src/stm32f4xx_it.o
                0x08005154                TIM6_DAC_IRQHandler
 .text.DMA2_Stream0_IRQHandler
                0x08005168       0x14 ./Core/Src/stm32f4xx_it.o
                0x08005168                DMA2_Stream0_IRQHandler
 .text._getpid  0x0800517c       0x10 ./Core/Src/syscalls.o
                0x0800517c                _getpid
 .text._kill    0x0800518c       0x20 ./Core/Src/syscalls.o
                0x0800518c                _kill
 .text._exit    0x080051ac       0x16 ./Core/Src/syscalls.o
                0x080051ac                _exit
 .text._read    0x080051c2       0x3a ./Core/Src/syscalls.o
                0x080051c2                _read
 .text._close   0x080051fc       0x18 ./Core/Src/syscalls.o
                0x080051fc                _close
 .text._fstat   0x08005214       0x20 ./Core/Src/syscalls.o
                0x08005214                _fstat
 .text._isatty  0x08005234       0x16 ./Core/Src/syscalls.o
                0x08005234                _isatty
 .text._lseek   0x0800524a       0x1a ./Core/Src/syscalls.o
                0x0800524a                _lseek
 .text._sbrk    0x08005264       0x6c ./Core/Src/sysmem.o
                0x08005264                _sbrk
 .text.SystemInit
                0x080052d0       0x24 ./Core/Src/system_stm32f4xx.o
                0x080052d0                SystemInit
 .text.MX_TIM1_Init
                0x080052f4       0xa0 ./Core/Src/tim.o
                0x080052f4                MX_TIM1_Init
 .text.MX_TIM2_Init
                0x08005394       0x98 ./Core/Src/tim.o
                0x08005394                MX_TIM2_Init
 .text.MX_TIM3_Init
                0x0800542c       0x9c ./Core/Src/tim.o
                0x0800542c                MX_TIM3_Init
 .text.MX_TIM4_Init
                0x080054c8       0x9c ./Core/Src/tim.o
                0x080054c8                MX_TIM4_Init
 .text.MX_TIM5_Init
                0x08005564       0x9c ./Core/Src/tim.o
                0x08005564                MX_TIM5_Init
 .text.MX_TIM6_Init
                0x08005600       0x6c ./Core/Src/tim.o
                0x08005600                MX_TIM6_Init
 .text.HAL_TIM_Base_MspInit
                0x0800566c      0x178 ./Core/Src/tim.o
                0x0800566c                HAL_TIM_Base_MspInit
 .text.MX_USART2_UART_Init
                0x080057e4       0x54 ./Core/Src/usart.o
                0x080057e4                MX_USART2_UART_Init
 .text.MX_DMA_UART_Init
                0x08005838       0x40 ./Core/Src/usart.o
                0x08005838                MX_DMA_UART_Init
 .text.HAL_UART_MspInit
                0x08005878      0x104 ./Core/Src/usart.o
                0x08005878                HAL_UART_MspInit
 .text._write   0x0800597c       0x28 ./Core/Src/usart.o
                0x0800597c                _write
 .text.Reset_Handler
                0x080059a4       0x50 ./Core/Startup/startup_stm32f407vetx.o
                0x080059a4                Reset_Handler
 .text.Default_Handler
                0x080059f4        0x2 ./Core/Startup/startup_stm32f407vetx.o
                0x080059f4                RTC_Alarm_IRQHandler
                0x080059f4                HASH_RNG_IRQHandler
                0x080059f4                EXTI2_IRQHandler
                0x080059f4                TIM8_CC_IRQHandler
                0x080059f4                TIM1_CC_IRQHandler
                0x080059f4                DMA2_Stream5_IRQHandler
                0x080059f4                SDIO_IRQHandler
                0x080059f4                TAMP_STAMP_IRQHandler
                0x080059f4                CAN2_RX1_IRQHandler
                0x080059f4                EXTI3_IRQHandler
                0x080059f4                TIM8_TRG_COM_TIM14_IRQHandler
                0x080059f4                TIM1_UP_TIM10_IRQHandler
                0x080059f4                TIM8_UP_TIM13_IRQHandler
                0x080059f4                I2C3_ER_IRQHandler
                0x080059f4                EXTI0_IRQHandler
                0x080059f4                I2C2_EV_IRQHandler
                0x080059f4                DMA1_Stream2_IRQHandler
                0x080059f4                CAN1_RX0_IRQHandler
                0x080059f4                FPU_IRQHandler
                0x080059f4                OTG_HS_WKUP_IRQHandler
                0x080059f4                CAN2_SCE_IRQHandler
                0x080059f4                DMA2_Stream2_IRQHandler
                0x080059f4                SPI1_IRQHandler
                0x080059f4                DCMI_IRQHandler
                0x080059f4                CAN2_RX0_IRQHandler
                0x080059f4                DMA2_Stream3_IRQHandler
                0x080059f4                USART6_IRQHandler
                0x080059f4                USART3_IRQHandler
                0x080059f4                CAN1_RX1_IRQHandler
                0x080059f4                UART5_IRQHandler
                0x080059f4                DMA1_Stream6_IRQHandler
                0x080059f4                DMA1_Stream1_IRQHandler
                0x080059f4                UART4_IRQHandler
                0x080059f4                RCC_IRQHandler
                0x080059f4                TIM8_BRK_TIM12_IRQHandler
                0x080059f4                Default_Handler
                0x080059f4                DMA1_Stream7_IRQHandler
                0x080059f4                TIM7_IRQHandler
                0x080059f4                CAN2_TX_IRQHandler
                0x080059f4                DMA2_Stream7_IRQHandler
                0x080059f4                I2C3_EV_IRQHandler
                0x080059f4                RTC_WKUP_IRQHandler
                0x080059f4                ETH_WKUP_IRQHandler
                0x080059f4                SPI2_IRQHandler
                0x080059f4                OTG_HS_EP1_IN_IRQHandler
                0x080059f4                DMA1_Stream0_IRQHandler
                0x080059f4                CAN1_TX_IRQHandler
                0x080059f4                FSMC_IRQHandler
                0x080059f4                ETH_IRQHandler
                0x080059f4                OTG_HS_EP1_OUT_IRQHandler
                0x080059f4                WWDG_IRQHandler
                0x080059f4                OTG_FS_WKUP_IRQHandler
                0x080059f4                TIM1_TRG_COM_TIM11_IRQHandler
                0x080059f4                OTG_HS_IRQHandler
                0x080059f4                EXTI1_IRQHandler
                0x080059f4                I2C2_ER_IRQHandler
                0x080059f4                DMA2_Stream1_IRQHandler
                0x080059f4                CAN1_SCE_IRQHandler
                0x080059f4                FLASH_IRQHandler
                0x080059f4                DMA2_Stream4_IRQHandler
                0x080059f4                USART1_IRQHandler
                0x080059f4                OTG_FS_IRQHandler
                0x080059f4                SPI3_IRQHandler
                0x080059f4                DMA1_Stream4_IRQHandler
                0x080059f4                DMA2_Stream6_IRQHandler
                0x080059f4                DMA1_Stream3_IRQHandler
 *fill*         0x080059f6        0x2 
 .text.HAL_Init
                0x080059f8       0x44 ./Drivers/STM32F4xx_HAL_Driver/Src/stm32f4xx_hal.o
                0x080059f8                HAL_Init
 .text.HAL_InitTick
                0x08005a3c       0x60 ./Drivers/STM32F4xx_HAL_Driver/Src/stm32f4xx_hal.o
                0x08005a3c                HAL_InitTick
 .text.HAL_IncTick
                0x08005a9c       0x28 ./Drivers/STM32F4xx_HAL_Driver/Src/stm32f4xx_hal.o
                0x08005a9c                HAL_IncTick
 .text.HAL_GetTick
                0x08005ac4       0x18 ./Drivers/STM32F4xx_HAL_Driver/Src/stm32f4xx_hal.o
                0x08005ac4                HAL_GetTick
 .text.HAL_Delay
                0x08005adc       0x48 ./Drivers/STM32F4xx_HAL_Driver/Src/stm32f4xx_hal.o
                0x08005adc                HAL_Delay
 .text.HAL_ADC_Init
                0x08005b24       0x86 ./Drivers/STM32F4xx_HAL_Driver/Src/stm32f4xx_hal_adc.o
                0x08005b24                HAL_ADC_Init
 *fill*         0x08005baa        0x2 
 .text.HAL_ADC_Start
                0x08005bac      0x1a4 ./Drivers/STM32F4xx_HAL_Driver/Src/stm32f4xx_hal_adc.o
                0x08005bac                HAL_ADC_Start
 .text.HAL_ADC_Stop
                0x08005d50       0x66 ./Drivers/STM32F4xx_HAL_Driver/Src/stm32f4xx_hal_adc.o
                0x08005d50                HAL_ADC_Stop
 .text.HAL_ADC_PollForConversion
                0x08005db6      0x116 ./Drivers/STM32F4xx_HAL_Driver/Src/stm32f4xx_hal_adc.o
                0x08005db6                HAL_ADC_PollForConversion
 .text.HAL_ADC_IRQHandler
                0x08005ecc      0x220 ./Drivers/STM32F4xx_HAL_Driver/Src/stm32f4xx_hal_adc.o
                0x08005ecc                HAL_ADC_IRQHandler
 .text.HAL_ADC_GetValue
                0x080060ec       0x1a ./Drivers/STM32F4xx_HAL_Driver/Src/stm32f4xx_hal_adc.o
                0x080060ec                HAL_ADC_GetValue
 .text.HAL_ADC_ConvCpltCallback
                0x08006106       0x14 ./Drivers/STM32F4xx_HAL_Driver/Src/stm32f4xx_hal_adc.o
                0x08006106                HAL_ADC_ConvCpltCallback
 .text.HAL_ADC_LevelOutOfWindowCallback
                0x0800611a       0x14 ./Drivers/STM32F4xx_HAL_Driver/Src/stm32f4xx_hal_adc.o
                0x0800611a                HAL_ADC_LevelOutOfWindowCallback
 .text.HAL_ADC_ErrorCallback
                0x0800612e       0x14 ./Drivers/STM32F4xx_HAL_Driver/Src/stm32f4xx_hal_adc.o
                0x0800612e                HAL_ADC_ErrorCallback
 *fill*         0x08006142        0x2 
 .text.HAL_ADC_ConfigChannel
                0x08006144      0x244 ./Drivers/STM32F4xx_HAL_Driver/Src/stm32f4xx_hal_adc.o
                0x08006144                HAL_ADC_ConfigChannel
 .text.ADC_Init
                0x08006388      0x1f8 ./Drivers/STM32F4xx_HAL_Driver/Src/stm32f4xx_hal_adc.o
 .text.HAL_ADCEx_InjectedConvCpltCallback
                0x08006580       0x14 ./Drivers/STM32F4xx_HAL_Driver/Src/stm32f4xx_hal_adc_ex.o
                0x08006580                HAL_ADCEx_InjectedConvCpltCallback
 .text.__NVIC_SetPriorityGrouping
                0x08006594       0x48 ./Drivers/STM32F4xx_HAL_Driver/Src/stm32f4xx_hal_cortex.o
 .text.__NVIC_GetPriorityGrouping
                0x080065dc       0x1c ./Drivers/STM32F4xx_HAL_Driver/Src/stm32f4xx_hal_cortex.o
 .text.__NVIC_EnableIRQ
                0x080065f8       0x3c ./Drivers/STM32F4xx_HAL_Driver/Src/stm32f4xx_hal_cortex.o
 .text.__NVIC_SetPriority
                0x08006634       0x54 ./Drivers/STM32F4xx_HAL_Driver/Src/stm32f4xx_hal_cortex.o
 .text.NVIC_EncodePriority
                0x08006688       0x66 ./Drivers/STM32F4xx_HAL_Driver/Src/stm32f4xx_hal_cortex.o
 *fill*         0x080066ee        0x2 
 .text.SysTick_Config
                0x080066f0       0x44 ./Drivers/STM32F4xx_HAL_Driver/Src/stm32f4xx_hal_cortex.o
 .text.HAL_NVIC_SetPriorityGrouping
                0x08006734       0x16 ./Drivers/STM32F4xx_HAL_Driver/Src/stm32f4xx_hal_cortex.o
                0x08006734                HAL_NVIC_SetPriorityGrouping
 .text.HAL_NVIC_SetPriority
                0x0800674a       0x38 ./Drivers/STM32F4xx_HAL_Driver/Src/stm32f4xx_hal_cortex.o
                0x0800674a                HAL_NVIC_SetPriority
 .text.HAL_NVIC_EnableIRQ
                0x08006782       0x1c ./Drivers/STM32F4xx_HAL_Driver/Src/stm32f4xx_hal_cortex.o
                0x08006782                HAL_NVIC_EnableIRQ
 .text.HAL_SYSTICK_Config
                0x0800679e       0x18 ./Drivers/STM32F4xx_HAL_Driver/Src/stm32f4xx_hal_cortex.o
                0x0800679e                HAL_SYSTICK_Config
 *fill*         0x080067b6        0x2 
 .text.HAL_DMA_Init
                0x080067b8      0x15c ./Drivers/STM32F4xx_HAL_Driver/Src/stm32f4xx_hal_dma.o
                0x080067b8                HAL_DMA_Init
 .text.HAL_DMA_Start_IT
                0x08006914       0xb0 ./Drivers/STM32F4xx_HAL_Driver/Src/stm32f4xx_hal_dma.o
                0x08006914                HAL_DMA_Start_IT
 .text.HAL_DMA_Abort
                0x080069c4       0xe0 ./Drivers/STM32F4xx_HAL_Driver/Src/stm32f4xx_hal_dma.o
                0x080069c4                HAL_DMA_Abort
 .text.HAL_DMA_Abort_IT
                0x08006aa4       0x44 ./Drivers/STM32F4xx_HAL_Driver/Src/stm32f4xx_hal_dma.o
                0x08006aa4                HAL_DMA_Abort_IT
 .text.HAL_DMA_IRQHandler
                0x08006ae8      0x314 ./Drivers/STM32F4xx_HAL_Driver/Src/stm32f4xx_hal_dma.o
                0x08006ae8                HAL_DMA_IRQHandler
 .text.HAL_DMA_GetState
                0x08006dfc       0x1c ./Drivers/STM32F4xx_HAL_Driver/Src/stm32f4xx_hal_dma.o
                0x08006dfc                HAL_DMA_GetState
 .text.DMA_SetConfig
                0x08006e18       0x5c ./Drivers/STM32F4xx_HAL_Driver/Src/stm32f4xx_hal_dma.o
 .text.DMA_CalcBaseAndBitshift
                0x08006e74       0x6c ./Drivers/STM32F4xx_HAL_Driver/Src/stm32f4xx_hal_dma.o
 .text.DMA_CheckFifoParam
                0x08006ee0       0xf8 ./Drivers/STM32F4xx_HAL_Driver/Src/stm32f4xx_hal_dma.o
 .text.HAL_GPIO_Init
                0x08006fd8      0x338 ./Drivers/STM32F4xx_HAL_Driver/Src/stm32f4xx_hal_gpio.o
                0x08006fd8                HAL_GPIO_Init
 .text.HAL_GPIO_ReadPin
                0x08007310       0x30 ./Drivers/STM32F4xx_HAL_Driver/Src/stm32f4xx_hal_gpio.o
                0x08007310                HAL_GPIO_ReadPin
 .text.HAL_GPIO_WritePin
                0x08007340       0x32 ./Drivers/STM32F4xx_HAL_Driver/Src/stm32f4xx_hal_gpio.o
                0x08007340                HAL_GPIO_WritePin
 .text.HAL_GPIO_TogglePin
                0x08007372       0x34 ./Drivers/STM32F4xx_HAL_Driver/Src/stm32f4xx_hal_gpio.o
                0x08007372                HAL_GPIO_TogglePin
 *fill*         0x080073a6        0x2 
 .text.HAL_GPIO_EXTI_IRQHandler
                0x080073a8       0x30 ./Drivers/STM32F4xx_HAL_Driver/Src/stm32f4xx_hal_gpio.o
                0x080073a8                HAL_GPIO_EXTI_IRQHandler
 .text.HAL_I2C_Init
                0x080073d8      0x288 ./Drivers/STM32F4xx_HAL_Driver/Src/stm32f4xx_hal_i2c.o
                0x080073d8                HAL_I2C_Init
 .text.I2C_Flush_DR
                0x08007660       0x2a ./Drivers/STM32F4xx_HAL_Driver/Src/stm32f4xx_hal_i2c.o
 *fill*         0x0800768a        0x2 
 .text.HAL_I2C_Master_Transmit
                0x0800768c      0x1fc ./Drivers/STM32F4xx_HAL_Driver/Src/stm32f4xx_hal_i2c.o
                0x0800768c                HAL_I2C_Master_Transmit
 .text.HAL_I2C_EV_IRQHandler
                0x08007888      0x2a6 ./Drivers/STM32F4xx_HAL_Driver/Src/stm32f4xx_hal_i2c.o
                0x08007888                HAL_I2C_EV_IRQHandler
 .text.HAL_I2C_ER_IRQHandler
                0x08007b2e      0x13e ./Drivers/STM32F4xx_HAL_Driver/Src/stm32f4xx_hal_i2c.o
                0x08007b2e                HAL_I2C_ER_IRQHandler
 .text.HAL_I2C_MasterTxCpltCallback
                0x08007c6c       0x14 ./Drivers/STM32F4xx_HAL_Driver/Src/stm32f4xx_hal_i2c.o
                0x08007c6c                HAL_I2C_MasterTxCpltCallback
 .text.HAL_I2C_MasterRxCpltCallback
                0x08007c80       0x14 ./Drivers/STM32F4xx_HAL_Driver/Src/stm32f4xx_hal_i2c.o
                0x08007c80                HAL_I2C_MasterRxCpltCallback
 .text.HAL_I2C_SlaveTxCpltCallback
                0x08007c94       0x14 ./Drivers/STM32F4xx_HAL_Driver/Src/stm32f4xx_hal_i2c.o
                0x08007c94                HAL_I2C_SlaveTxCpltCallback
 .text.HAL_I2C_SlaveRxCpltCallback
                0x08007ca8       0x14 ./Drivers/STM32F4xx_HAL_Driver/Src/stm32f4xx_hal_i2c.o
                0x08007ca8                HAL_I2C_SlaveRxCpltCallback
 .text.HAL_I2C_AddrCallback
                0x08007cbc       0x1c ./Drivers/STM32F4xx_HAL_Driver/Src/stm32f4xx_hal_i2c.o
                0x08007cbc                HAL_I2C_AddrCallback
 .text.HAL_I2C_ListenCpltCallback
                0x08007cd8       0x14 ./Drivers/STM32F4xx_HAL_Driver/Src/stm32f4xx_hal_i2c.o
                0x08007cd8                HAL_I2C_ListenCpltCallback
 .text.HAL_I2C_MemTxCpltCallback
                0x08007cec       0x14 ./Drivers/STM32F4xx_HAL_Driver/Src/stm32f4xx_hal_i2c.o
                0x08007cec                HAL_I2C_MemTxCpltCallback
 .text.HAL_I2C_MemRxCpltCallback
                0x08007d00       0x14 ./Drivers/STM32F4xx_HAL_Driver/Src/stm32f4xx_hal_i2c.o
                0x08007d00                HAL_I2C_MemRxCpltCallback
 .text.HAL_I2C_ErrorCallback
                0x08007d14       0x14 ./Drivers/STM32F4xx_HAL_Driver/Src/stm32f4xx_hal_i2c.o
                0x08007d14                HAL_I2C_ErrorCallback
 .text.HAL_I2C_AbortCpltCallback
                0x08007d28       0x14 ./Drivers/STM32F4xx_HAL_Driver/Src/stm32f4xx_hal_i2c.o
                0x08007d28                HAL_I2C_AbortCpltCallback
 .text.I2C_MasterTransmit_TXE
                0x08007d3c      0x138 ./Drivers/STM32F4xx_HAL_Driver/Src/stm32f4xx_hal_i2c.o
 .text.I2C_MasterTransmit_BTF
                0x08007e74       0xec ./Drivers/STM32F4xx_HAL_Driver/Src/stm32f4xx_hal_i2c.o
 .text.I2C_MemoryTransmit_TXE_BTF
                0x08007f60      0x130 ./Drivers/STM32F4xx_HAL_Driver/Src/stm32f4xx_hal_i2c.o
 .text.I2C_MasterReceive_RXNE
                0x08008090      0x190 ./Drivers/STM32F4xx_HAL_Driver/Src/stm32f4xx_hal_i2c.o
 .text.I2C_MasterReceive_BTF
                0x08008220      0x1ea ./Drivers/STM32F4xx_HAL_Driver/Src/stm32f4xx_hal_i2c.o
 .text.I2C_Master_SB
                0x0800840a      0x10c ./Drivers/STM32F4xx_HAL_Driver/Src/stm32f4xx_hal_i2c.o
 .text.I2C_Master_ADD10
                0x08008516       0x54 ./Drivers/STM32F4xx_HAL_Driver/Src/stm32f4xx_hal_i2c.o
 .text.I2C_Master_ADDR
                0x0800856a      0x322 ./Drivers/STM32F4xx_HAL_Driver/Src/stm32f4xx_hal_i2c.o
 .text.I2C_SlaveTransmit_TXE
                0x0800888c       0x7a ./Drivers/STM32F4xx_HAL_Driver/Src/stm32f4xx_hal_i2c.o
 .text.I2C_SlaveTransmit_BTF
                0x08008906       0x42 ./Drivers/STM32F4xx_HAL_Driver/Src/stm32f4xx_hal_i2c.o
 .text.I2C_SlaveReceive_RXNE
                0x08008948       0x7c ./Drivers/STM32F4xx_HAL_Driver/Src/stm32f4xx_hal_i2c.o
 .text.I2C_SlaveReceive_BTF
                0x080089c4       0x44 ./Drivers/STM32F4xx_HAL_Driver/Src/stm32f4xx_hal_i2c.o
 .text.I2C_Slave_ADDR
                0x08008a08       0x90 ./Drivers/STM32F4xx_HAL_Driver/Src/stm32f4xx_hal_i2c.o
 .text.I2C_Slave_STOPF
                0x08008a98      0x260 ./Drivers/STM32F4xx_HAL_Driver/Src/stm32f4xx_hal_i2c.o
 .text.I2C_Slave_AF
                0x08008cf8       0xe8 ./Drivers/STM32F4xx_HAL_Driver/Src/stm32f4xx_hal_i2c.o
 .text.I2C_ITError
                0x08008de0      0x264 ./Drivers/STM32F4xx_HAL_Driver/Src/stm32f4xx_hal_i2c.o
 .text.I2C_MasterRequestWrite
                0x08009044      0x104 ./Drivers/STM32F4xx_HAL_Driver/Src/stm32f4xx_hal_i2c.o
 .text.I2C_DMAAbort
                0x08009148      0x150 ./Drivers/STM32F4xx_HAL_Driver/Src/stm32f4xx_hal_i2c.o
 .text.I2C_WaitOnFlagUntilTimeout
                0x08009298       0xf4 ./Drivers/STM32F4xx_HAL_Driver/Src/stm32f4xx_hal_i2c.o
 .text.I2C_WaitOnMasterAddressFlagUntilTimeout
                0x0800938c      0x140 ./Drivers/STM32F4xx_HAL_Driver/Src/stm32f4xx_hal_i2c.o
 .text.I2C_WaitOnTXEFlagUntilTimeout
                0x080094cc       0x90 ./Drivers/STM32F4xx_HAL_Driver/Src/stm32f4xx_hal_i2c.o
 .text.I2C_WaitOnBTFFlagUntilTimeout
                0x0800955c       0x90 ./Drivers/STM32F4xx_HAL_Driver/Src/stm32f4xx_hal_i2c.o
 .text.I2C_WaitOnSTOPRequestThroughIT
                0x080095ec       0x64 ./Drivers/STM32F4xx_HAL_Driver/Src/stm32f4xx_hal_i2c.o
 .text.I2C_IsAcknowledgeFailed
                0x08009650       0x5e ./Drivers/STM32F4xx_HAL_Driver/Src/stm32f4xx_hal_i2c.o
 .text.I2C_ConvertOtherXferOptions
                0x080096ae       0x36 ./Drivers/STM32F4xx_HAL_Driver/Src/stm32f4xx_hal_i2c.o
 .text.HAL_PWR_PVD_IRQHandler
                0x080096e4       0x24 ./Drivers/STM32F4xx_HAL_Driver/Src/stm32f4xx_hal_pwr.o
                0x080096e4                HAL_PWR_PVD_IRQHandler
 .text.HAL_PWR_PVDCallback
                0x08009708        0xe ./Drivers/STM32F4xx_HAL_Driver/Src/stm32f4xx_hal_pwr.o
                0x08009708                HAL_PWR_PVDCallback
 *fill*         0x08009716        0x2 
 .text.HAL_RCC_OscConfig
                0x08009718      0x4f0 ./Drivers/STM32F4xx_HAL_Driver/Src/stm32f4xx_hal_rcc.o
                0x08009718                HAL_RCC_OscConfig
 .text.HAL_RCC_ClockConfig
                0x08009c08      0x1cc ./Drivers/STM32F4xx_HAL_Driver/Src/stm32f4xx_hal_rcc.o
                0x08009c08                HAL_RCC_ClockConfig
 .text.HAL_RCC_GetSysClockFreq
                0x08009dd4      0x20c ./Drivers/STM32F4xx_HAL_Driver/Src/stm32f4xx_hal_rcc.o
                0x08009dd4                HAL_RCC_GetSysClockFreq
 .text.HAL_RCC_GetHCLKFreq
                0x08009fe0       0x18 ./Drivers/STM32F4xx_HAL_Driver/Src/stm32f4xx_hal_rcc.o
                0x08009fe0                HAL_RCC_GetHCLKFreq
 .text.HAL_RCC_GetPCLK1Freq
                0x08009ff8       0x28 ./Drivers/STM32F4xx_HAL_Driver/Src/stm32f4xx_hal_rcc.o
                0x08009ff8                HAL_RCC_GetPCLK1Freq
 .text.HAL_RCC_GetPCLK2Freq
                0x0800a020       0x28 ./Drivers/STM32F4xx_HAL_Driver/Src/stm32f4xx_hal_rcc.o
                0x0800a020                HAL_RCC_GetPCLK2Freq
 .text.HAL_TIM_Base_Init
                0x0800a048       0x9e ./Drivers/STM32F4xx_HAL_Driver/Src/stm32f4xx_hal_tim.o
                0x0800a048                HAL_TIM_Base_Init
 *fill*         0x0800a0e6        0x2 
 .text.HAL_TIM_Base_Start_IT
                0x0800a0e8       0xe0 ./Drivers/STM32F4xx_HAL_Driver/Src/stm32f4xx_hal_tim.o
                0x0800a0e8                HAL_TIM_Base_Start_IT
 .text.HAL_TIM_Base_Stop_IT
                0x0800a1c8       0x5e ./Drivers/STM32F4xx_HAL_Driver/Src/stm32f4xx_hal_tim.o
                0x0800a1c8                HAL_TIM_Base_Stop_IT
 .text.HAL_TIM_IRQHandler
                0x0800a226      0x1e0 ./Drivers/STM32F4xx_HAL_Driver/Src/stm32f4xx_hal_tim.o
                0x0800a226                HAL_TIM_IRQHandler
 .text.HAL_TIM_ConfigClockSource
                0x0800a406      0x18e ./Drivers/STM32F4xx_HAL_Driver/Src/stm32f4xx_hal_tim.o
                0x0800a406                HAL_TIM_ConfigClockSource
 .text.HAL_TIM_OC_DelayElapsedCallback
                0x0800a594       0x14 ./Drivers/STM32F4xx_HAL_Driver/Src/stm32f4xx_hal_tim.o
                0x0800a594                HAL_TIM_OC_DelayElapsedCallback
 .text.HAL_TIM_IC_CaptureCallback
                0x0800a5a8       0x14 ./Drivers/STM32F4xx_HAL_Driver/Src/stm32f4xx_hal_tim.o
                0x0800a5a8                HAL_TIM_IC_CaptureCallback
 .text.HAL_TIM_PWM_PulseFinishedCallback
                0x0800a5bc       0x14 ./Drivers/STM32F4xx_HAL_Driver/Src/stm32f4xx_hal_tim.o
                0x0800a5bc                HAL_TIM_PWM_PulseFinishedCallback
 .text.HAL_TIM_TriggerCallback
                0x0800a5d0       0x14 ./Drivers/STM32F4xx_HAL_Driver/Src/stm32f4xx_hal_tim.o
                0x0800a5d0                HAL_TIM_TriggerCallback
 .text.TIM_Base_SetConfig
                0x0800a5e4      0x158 ./Drivers/STM32F4xx_HAL_Driver/Src/stm32f4xx_hal_tim.o
                0x0800a5e4                TIM_Base_SetConfig
 .text.TIM_TI1_ConfigInputStage
                0x0800a73c       0x5e ./Drivers/STM32F4xx_HAL_Driver/Src/stm32f4xx_hal_tim.o
 .text.TIM_TI2_ConfigInputStage
                0x0800a79a       0x60 ./Drivers/STM32F4xx_HAL_Driver/Src/stm32f4xx_hal_tim.o
 .text.TIM_ITRx_SetConfig
                0x0800a7fa       0x36 ./Drivers/STM32F4xx_HAL_Driver/Src/stm32f4xx_hal_tim.o
 .text.TIM_ETR_SetConfig
                0x0800a830       0x40 ./Drivers/STM32F4xx_HAL_Driver/Src/stm32f4xx_hal_tim.o
                0x0800a830                TIM_ETR_SetConfig
 .text.HAL_TIMEx_MasterConfigSynchronization
                0x0800a870       0xf8 ./Drivers/STM32F4xx_HAL_Driver/Src/stm32f4xx_hal_tim_ex.o
                0x0800a870                HAL_TIMEx_MasterConfigSynchronization
 .text.HAL_TIMEx_CommutCallback
                0x0800a968       0x14 ./Drivers/STM32F4xx_HAL_Driver/Src/stm32f4xx_hal_tim_ex.o
                0x0800a968                HAL_TIMEx_CommutCallback
 .text.HAL_TIMEx_BreakCallback
                0x0800a97c       0x14 ./Drivers/STM32F4xx_HAL_Driver/Src/stm32f4xx_hal_tim_ex.o
                0x0800a97c                HAL_TIMEx_BreakCallback
 .text.HAL_UART_Init
                0x0800a990       0xa0 ./Drivers/STM32F4xx_HAL_Driver/Src/stm32f4xx_hal_uart.o
                0x0800a990                HAL_UART_Init
 .text.HAL_UART_Transmit
                0x0800aa30      0x116 ./Drivers/STM32F4xx_HAL_Driver/Src/stm32f4xx_hal_uart.o
                0x0800aa30                HAL_UART_Transmit
 .text.HAL_UART_Transmit_IT
                0x0800ab46       0x6c ./Drivers/STM32F4xx_HAL_Driver/Src/stm32f4xx_hal_uart.o
                0x0800ab46                HAL_UART_Transmit_IT
 .text.HAL_UART_Receive_IT
                0x0800abb2       0x4a ./Drivers/STM32F4xx_HAL_Driver/Src/stm32f4xx_hal_uart.o
                0x0800abb2                HAL_UART_Receive_IT
 .text.HAL_UART_Transmit_DMA
                0x0800abfc       0xe0 ./Drivers/STM32F4xx_HAL_Driver/Src/stm32f4xx_hal_uart.o
                0x0800abfc                HAL_UART_Transmit_DMA
 .text.HAL_UART_IRQHandler
                0x0800acdc      0x524 ./Drivers/STM32F4xx_HAL_Driver/Src/stm32f4xx_hal_uart.o
                0x0800acdc                HAL_UART_IRQHandler
 .text.HAL_UART_TxHalfCpltCallback
                0x0800b200       0x14 ./Drivers/STM32F4xx_HAL_Driver/Src/stm32f4xx_hal_uart.o
                0x0800b200                HAL_UART_TxHalfCpltCallback
 .text.HAL_UART_ErrorCallback
                0x0800b214       0x14 ./Drivers/STM32F4xx_HAL_Driver/Src/stm32f4xx_hal_uart.o
                0x0800b214                HAL_UART_ErrorCallback
 .text.HAL_UARTEx_RxEventCallback
                0x0800b228       0x18 ./Drivers/STM32F4xx_HAL_Driver/Src/stm32f4xx_hal_uart.o
                0x0800b228                HAL_UARTEx_RxEventCallback
 .text.UART_DMATransmitCplt
                0x0800b240       0x9a ./Drivers/STM32F4xx_HAL_Driver/Src/stm32f4xx_hal_uart.o
 .text.UART_DMATxHalfCplt
                0x0800b2da       0x1c ./Drivers/STM32F4xx_HAL_Driver/Src/stm32f4xx_hal_uart.o
 .text.UART_DMAError
                0x0800b2f6       0x94 ./Drivers/STM32F4xx_HAL_Driver/Src/stm32f4xx_hal_uart.o
 .text.UART_WaitOnFlagUntilTimeout
                0x0800b38a       0xb2 ./Drivers/STM32F4xx_HAL_Driver/Src/stm32f4xx_hal_uart.o
 .text.UART_Start_Receive_IT
                0x0800b43c       0x74 ./Drivers/STM32F4xx_HAL_Driver/Src/stm32f4xx_hal_uart.o
                0x0800b43c                UART_Start_Receive_IT
 .text.UART_EndTxTransfer
                0x0800b4b0       0x50 ./Drivers/STM32F4xx_HAL_Driver/Src/stm32f4xx_hal_uart.o
 .text.UART_EndRxTransfer
                0x0800b500       0xc6 ./Drivers/STM32F4xx_HAL_Driver/Src/stm32f4xx_hal_uart.o
 .text.UART_DMAAbortOnError
                0x0800b5c6       0x28 ./Drivers/STM32F4xx_HAL_Driver/Src/stm32f4xx_hal_uart.o
 .text.UART_Transmit_IT
                0x0800b5ee       0xa0 ./Drivers/STM32F4xx_HAL_Driver/Src/stm32f4xx_hal_uart.o
 .text.UART_EndTransmit_IT
                0x0800b68e       0x30 ./Drivers/STM32F4xx_HAL_Driver/Src/stm32f4xx_hal_uart.o
 .text.UART_Receive_IT
                0x0800b6be      0x17c ./Drivers/STM32F4xx_HAL_Driver/Src/stm32f4xx_hal_uart.o
 *fill*         0x0800b83a        0x2 
 .text.UART_SetConfig
                0x0800b83c      0x4e8 ./Drivers/STM32F4xx_HAL_Driver/Src/stm32f4xx_hal_uart.o
 .text.__NVIC_SetPriority
                0x0800bd24       0x54 ./Middlewares/Third_Party/FreeRTOS/Source/CMSIS_RTOS_V2/cmsis_os2.o
 .text.SVC_Setup
                0x0800bd78       0x12 ./Middlewares/Third_Party/FreeRTOS/Source/CMSIS_RTOS_V2/cmsis_os2.o
 *fill*         0x0800bd8a        0x2 
 .text.osKernelInitialize
                0x0800bd8c       0x48 ./Middlewares/Third_Party/FreeRTOS/Source/CMSIS_RTOS_V2/cmsis_os2.o
                0x0800bd8c                osKernelInitialize
 .text.osKernelStart
                0x0800bdd4       0x4c ./Middlewares/Third_Party/FreeRTOS/Source/CMSIS_RTOS_V2/cmsis_os2.o
                0x0800bdd4                osKernelStart
 .text.osThreadNew
                0x0800be20      0x124 ./Middlewares/Third_Party/FreeRTOS/Source/CMSIS_RTOS_V2/cmsis_os2.o
                0x0800be20                osThreadNew
 .text.osDelay  0x0800bf44       0x36 ./Middlewares/Third_Party/FreeRTOS/Source/CMSIS_RTOS_V2/cmsis_os2.o
                0x0800bf44                osDelay
 .text.osMutexNew
                0x0800bf7a      0x10c ./Middlewares/Third_Party/FreeRTOS/Source/CMSIS_RTOS_V2/cmsis_os2.o
                0x0800bf7a                osMutexNew
 .text.osMutexAcquire
                0x0800c086       0x96 ./Middlewares/Third_Party/FreeRTOS/Source/CMSIS_RTOS_V2/cmsis_os2.o
                0x0800c086                osMutexAcquire
 .text.osMutexRelease
                0x0800c11c       0x7a ./Middlewares/Third_Party/FreeRTOS/Source/CMSIS_RTOS_V2/cmsis_os2.o
                0x0800c11c                osMutexRelease
 .text.osSemaphoreNew
                0x0800c196      0x112 ./Middlewares/Third_Party/FreeRTOS/Source/CMSIS_RTOS_V2/cmsis_os2.o
                0x0800c196                osSemaphoreNew
 .text.osSemaphoreAcquire
                0x0800c2a8       0xa4 ./Middlewares/Third_Party/FreeRTOS/Source/CMSIS_RTOS_V2/cmsis_os2.o
                0x0800c2a8                osSemaphoreAcquire
 .text.osSemaphoreRelease
                0x0800c34c       0x88 ./Middlewares/Third_Party/FreeRTOS/Source/CMSIS_RTOS_V2/cmsis_os2.o
                0x0800c34c                osSemaphoreRelease
 .text.vApplicationGetIdleTaskMemory
                0x0800c3d4       0x34 ./Middlewares/Third_Party/FreeRTOS/Source/CMSIS_RTOS_V2/cmsis_os2.o
                0x0800c3d4                vApplicationGetIdleTaskMemory
 .text.vApplicationGetTimerTaskMemory
                0x0800c408       0x34 ./Middlewares/Third_Party/FreeRTOS/Source/CMSIS_RTOS_V2/cmsis_os2.o
                0x0800c408                vApplicationGetTimerTaskMemory
 .text.vListInitialise
                0x0800c43c       0x40 ./Middlewares/Third_Party/FreeRTOS/Source/list.o
                0x0800c43c                vListInitialise
 .text.vListInitialiseItem
                0x0800c47c       0x1a ./Middlewares/Third_Party/FreeRTOS/Source/list.o
                0x0800c47c                vListInitialiseItem
 .text.vListInsertEnd
                0x0800c496       0x48 ./Middlewares/Third_Party/FreeRTOS/Source/list.o
                0x0800c496                vListInsertEnd
 .text.vListInsert
                0x0800c4de       0x72 ./Middlewares/Third_Party/FreeRTOS/Source/list.o
                0x0800c4de                vListInsert
 .text.uxListRemove
                0x0800c550       0x54 ./Middlewares/Third_Party/FreeRTOS/Source/list.o
                0x0800c550                uxListRemove
 .text.xQueueGenericReset
                0x0800c5a4       0xd4 ./Middlewares/Third_Party/FreeRTOS/Source/queue.o
                0x0800c5a4                xQueueGenericReset
 .text.xQueueGenericCreateStatic
                0x0800c678       0xfa ./Middlewares/Third_Party/FreeRTOS/Source/queue.o
                0x0800c678                xQueueGenericCreateStatic
 .text.xQueueGenericCreate
                0x0800c772       0x76 ./Middlewares/Third_Party/FreeRTOS/Source/queue.o
                0x0800c772                xQueueGenericCreate
 .text.prvInitialiseNewQueue
                0x0800c7e8       0x46 ./Middlewares/Third_Party/FreeRTOS/Source/queue.o
 .text.prvInitialiseMutex
                0x0800c82e       0x34 ./Middlewares/Third_Party/FreeRTOS/Source/queue.o
 .text.xQueueCreateMutex
                0x0800c862       0x30 ./Middlewares/Third_Party/FreeRTOS/Source/queue.o
                0x0800c862                xQueueCreateMutex
 .text.xQueueCreateMutexStatic
                0x0800c892       0x36 ./Middlewares/Third_Party/FreeRTOS/Source/queue.o
                0x0800c892                xQueueCreateMutexStatic
 .text.xQueueGiveMutexRecursive
                0x0800c8c8       0x6a ./Middlewares/Third_Party/FreeRTOS/Source/queue.o
                0x0800c8c8                xQueueGiveMutexRecursive
 .text.xQueueTakeMutexRecursive
                0x0800c932       0x6e ./Middlewares/Third_Party/FreeRTOS/Source/queue.o
                0x0800c932                xQueueTakeMutexRecursive
 .text.xQueueCreateCountingSemaphoreStatic
                0x0800c9a0       0x72 ./Middlewares/Third_Party/FreeRTOS/Source/queue.o
                0x0800c9a0                xQueueCreateCountingSemaphoreStatic
 .text.xQueueCreateCountingSemaphore
                0x0800ca12       0x6a ./Middlewares/Third_Party/FreeRTOS/Source/queue.o
                0x0800ca12                xQueueCreateCountingSemaphore
 .text.xQueueGenericSend
                0x0800ca7c      0x204 ./Middlewares/Third_Party/FreeRTOS/Source/queue.o
                0x0800ca7c                xQueueGenericSend
 .text.xQueueGenericSendFromISR
                0x0800cc80      0x13c ./Middlewares/Third_Party/FreeRTOS/Source/queue.o
                0x0800cc80                xQueueGenericSendFromISR
 .text.xQueueGiveFromISR
                0x0800cdbc      0x120 ./Middlewares/Third_Party/FreeRTOS/Source/queue.o
                0x0800cdbc                xQueueGiveFromISR
 .text.xQueueReceive
                0x0800cedc      0x1c4 ./Middlewares/Third_Party/FreeRTOS/Source/queue.o
                0x0800cedc                xQueueReceive
 .text.xQueueSemaphoreTake
                0x0800d0a0      0x220 ./Middlewares/Third_Party/FreeRTOS/Source/queue.o
                0x0800d0a0                xQueueSemaphoreTake
 .text.xQueueReceiveFromISR
                0x0800d2c0      0x104 ./Middlewares/Third_Party/FreeRTOS/Source/queue.o
                0x0800d2c0                xQueueReceiveFromISR
 .text.vQueueDelete
                0x0800d3c4       0x48 ./Middlewares/Third_Party/FreeRTOS/Source/queue.o
                0x0800d3c4                vQueueDelete
 .text.prvGetDisinheritPriorityAfterTimeout
                0x0800d40c       0x30 ./Middlewares/Third_Party/FreeRTOS/Source/queue.o
 .text.prvCopyDataToQueue
                0x0800d43c       0xd4 ./Middlewares/Third_Party/FreeRTOS/Source/queue.o
 .text.prvCopyDataFromQueue
                0x0800d510       0x4c ./Middlewares/Third_Party/FreeRTOS/Source/queue.o
 .text.prvUnlockQueue
                0x0800d55c       0xa4 ./Middlewares/Third_Party/FreeRTOS/Source/queue.o
 .text.prvIsQueueEmpty
                0x0800d600       0x2c ./Middlewares/Third_Party/FreeRTOS/Source/queue.o
 .text.prvIsQueueFull
                0x0800d62c       0x30 ./Middlewares/Third_Party/FreeRTOS/Source/queue.o
 .text.vQueueAddToRegistry
                0x0800d65c       0x54 ./Middlewares/Third_Party/FreeRTOS/Source/queue.o
                0x0800d65c                vQueueAddToRegistry
 .text.vQueueUnregisterQueue
                0x0800d6b0       0x54 ./Middlewares/Third_Party/FreeRTOS/Source/queue.o
                0x0800d6b0                vQueueUnregisterQueue
 .text.vQueueWaitForMessageRestricted
                0x0800d704       0x68 ./Middlewares/Third_Party/FreeRTOS/Source/queue.o
                0x0800d704                vQueueWaitForMessageRestricted
 .text.xTaskCreateStatic
                0x0800d76c       0xc0 ./Middlewares/Third_Party/FreeRTOS/Source/tasks.o
                0x0800d76c                xTaskCreateStatic
 .text.xTaskCreate
                0x0800d82c       0x8a ./Middlewares/Third_Party/FreeRTOS/Source/tasks.o
                0x0800d82c                xTaskCreate
 .text.prvInitialiseNewTask
                0x0800d8b6      0x120 ./Middlewares/Third_Party/FreeRTOS/Source/tasks.o
 *fill*         0x0800d9d6        0x2 
 .text.prvAddNewTaskToReadyList
                0x0800d9d8       0xe0 ./Middlewares/Third_Party/FreeRTOS/Source/tasks.o
 .text.vTaskDelay
                0x0800dab8       0x6c ./Middlewares/Third_Party/FreeRTOS/Source/tasks.o
                0x0800dab8                vTaskDelay
 .text.vTaskStartScheduler
                0x0800db24       0xd0 ./Middlewares/Third_Party/FreeRTOS/Source/tasks.o
                0x0800db24                vTaskStartScheduler
 .text.vTaskSuspendAll
                0x0800dbf4       0x1c ./Middlewares/Third_Party/FreeRTOS/Source/tasks.o
                0x0800dbf4                vTaskSuspendAll
 .text.xTaskResumeAll
                0x0800dc10      0x13c ./Middlewares/Third_Party/FreeRTOS/Source/tasks.o
                0x0800dc10                xTaskResumeAll
 .text.xTaskGetTickCount
                0x0800dd4c       0x20 ./Middlewares/Third_Party/FreeRTOS/Source/tasks.o
                0x0800dd4c                xTaskGetTickCount
 .text.xTaskIncrementTick
                0x0800dd6c      0x174 ./Middlewares/Third_Party/FreeRTOS/Source/tasks.o
                0x0800dd6c                xTaskIncrementTick
 .text.vTaskSwitchContext
                0x0800dee0       0xbc ./Middlewares/Third_Party/FreeRTOS/Source/tasks.o
                0x0800dee0                vTaskSwitchContext
 .text.vTaskPlaceOnEventList
                0x0800df9c       0x4c ./Middlewares/Third_Party/FreeRTOS/Source/tasks.o
                0x0800df9c                vTaskPlaceOnEventList
 .text.vTaskPlaceOnEventListRestricted
                0x0800dfe8       0x58 ./Middlewares/Third_Party/FreeRTOS/Source/tasks.o
                0x0800dfe8                vTaskPlaceOnEventListRestricted
 .text.xTaskRemoveFromEventList
                0x0800e040       0xc8 ./Middlewares/Third_Party/FreeRTOS/Source/tasks.o
                0x0800e040                xTaskRemoveFromEventList
 .text.vTaskInternalSetTimeOutState
                0x0800e108       0x2c ./Middlewares/Third_Party/FreeRTOS/Source/tasks.o
                0x0800e108                vTaskInternalSetTimeOutState
 .text.xTaskCheckForTimeOut
                0x0800e134       0xc8 ./Middlewares/Third_Party/FreeRTOS/Source/tasks.o
                0x0800e134                xTaskCheckForTimeOut
 .text.vTaskMissedYield
                0x0800e1fc       0x18 ./Middlewares/Third_Party/FreeRTOS/Source/tasks.o
                0x0800e1fc                vTaskMissedYield
 .text.prvIdleTask
                0x0800e214       0x30 ./Middlewares/Third_Party/FreeRTOS/Source/tasks.o
 .text.prvInitialiseTaskLists
                0x0800e244       0x80 ./Middlewares/Third_Party/FreeRTOS/Source/tasks.o
 .text.prvCheckTasksWaitingTermination
                0x0800e2c4       0x5c ./Middlewares/Third_Party/FreeRTOS/Source/tasks.o
 .text.prvDeleteTCB
                0x0800e320       0x60 ./Middlewares/Third_Party/FreeRTOS/Source/tasks.o
 .text.prvResetNextTaskUnblockTime
                0x0800e380       0x40 ./Middlewares/Third_Party/FreeRTOS/Source/tasks.o
 .text.xTaskGetCurrentTaskHandle
                0x0800e3c0       0x20 ./Middlewares/Third_Party/FreeRTOS/Source/tasks.o
                0x0800e3c0                xTaskGetCurrentTaskHandle
 .text.xTaskGetSchedulerState
                0x0800e3e0       0x3c ./Middlewares/Third_Party/FreeRTOS/Source/tasks.o
                0x0800e3e0                xTaskGetSchedulerState
 .text.xTaskPriorityInherit
                0x0800e41c       0xd0 ./Middlewares/Third_Party/FreeRTOS/Source/tasks.o
                0x0800e41c                xTaskPriorityInherit
 .text.xTaskPriorityDisinherit
                0x0800e4ec       0xe0 ./Middlewares/Third_Party/FreeRTOS/Source/tasks.o
                0x0800e4ec                xTaskPriorityDisinherit
 .text.vTaskPriorityDisinheritAfterTimeout
                0x0800e5cc      0x108 ./Middlewares/Third_Party/FreeRTOS/Source/tasks.o
                0x0800e5cc                vTaskPriorityDisinheritAfterTimeout
 .text.pvTaskIncrementMutexHeldCount
                0x0800e6d4       0x28 ./Middlewares/Third_Party/FreeRTOS/Source/tasks.o
                0x0800e6d4                pvTaskIncrementMutexHeldCount
 .text.prvAddCurrentTaskToDelayedList
                0x0800e6fc       0xa8 ./Middlewares/Third_Party/FreeRTOS/Source/tasks.o
 .text.xTimerCreateTimerTask
                0x0800e7a4       0x94 ./Middlewares/Third_Party/FreeRTOS/Source/timers.o
                0x0800e7a4                xTimerCreateTimerTask
 .text.xTimerGenericCommand
                0x0800e838       0x9c ./Middlewares/Third_Party/FreeRTOS/Source/timers.o
                0x0800e838                xTimerGenericCommand
 .text.prvProcessExpiredTimer
                0x0800e8d4       0x9c ./Middlewares/Third_Party/FreeRTOS/Source/timers.o
 .text.prvTimerTask
                0x0800e970       0x26 ./Middlewares/Third_Party/FreeRTOS/Source/timers.o
 *fill*         0x0800e996        0x2 
 .text.prvProcessTimerOrBlockTask
                0x0800e998       0x9c ./Middlewares/Third_Party/FreeRTOS/Source/timers.o
 .text.prvGetNextExpireTime
                0x0800ea34       0x48 ./Middlewares/Third_Party/FreeRTOS/Source/timers.o
 .text.prvSampleTimeNow
                0x0800ea7c       0x40 ./Middlewares/Third_Party/FreeRTOS/Source/timers.o
 .text.prvInsertTimerInActiveList
                0x0800eabc       0x84 ./Middlewares/Third_Party/FreeRTOS/Source/timers.o
 .text.prvProcessReceivedCommands
                0x0800eb40      0x1cc ./Middlewares/Third_Party/FreeRTOS/Source/timers.o
 .text.prvSwitchTimerLists
                0x0800ed0c       0xcc ./Middlewares/Third_Party/FreeRTOS/Source/timers.o
 .text.prvCheckForValidListAndQueue
                0x0800edd8       0x80 ./Middlewares/Third_Party/FreeRTOS/Source/timers.o
 .text.pxPortInitialiseStack
                0x0800ee58       0x68 ./Middlewares/Third_Party/FreeRTOS/Source/portable/GCC/ARM_CM4F/port.o
                0x0800ee58                pxPortInitialiseStack
 .text.prvTaskExitError
                0x0800eec0       0x5c ./Middlewares/Third_Party/FreeRTOS/Source/portable/GCC/ARM_CM4F/port.o
 *fill*         0x0800ef1c        0x4 
 .text.SVC_Handler
                0x0800ef20       0x28 ./Middlewares/Third_Party/FreeRTOS/Source/portable/GCC/ARM_CM4F/port.o
                0x0800ef20                SVC_Handler
 .text.prvPortStartFirstTask
                0x0800ef48       0x28 ./Middlewares/Third_Party/FreeRTOS/Source/portable/GCC/ARM_CM4F/port.o
 .text.xPortStartScheduler
                0x0800ef70      0x148 ./Middlewares/Third_Party/FreeRTOS/Source/portable/GCC/ARM_CM4F/port.o
                0x0800ef70                xPortStartScheduler
 .text.vPortEnterCritical
                0x0800f0b8       0x64 ./Middlewares/Third_Party/FreeRTOS/Source/portable/GCC/ARM_CM4F/port.o
                0x0800f0b8                vPortEnterCritical
 .text.vPortExitCritical
                0x0800f11c       0x54 ./Middlewares/Third_Party/FreeRTOS/Source/portable/GCC/ARM_CM4F/port.o
                0x0800f11c                vPortExitCritical
 .text.PendSV_Handler
                0x0800f170       0x68 ./Middlewares/Third_Party/FreeRTOS/Source/portable/GCC/ARM_CM4F/port.o
                0x0800f170                PendSV_Handler
 .text.xPortSysTickHandler
                0x0800f1d8       0x44 ./Middlewares/Third_Party/FreeRTOS/Source/portable/GCC/ARM_CM4F/port.o
                0x0800f1d8                xPortSysTickHandler
 .text.vPortSetupTimerInterrupt
                0x0800f21c       0x48 ./Middlewares/Third_Party/FreeRTOS/Source/portable/GCC/ARM_CM4F/port.o
                0x0800f21c                vPortSetupTimerInterrupt
 .text.vPortEnableVFP
                0x0800f264       0x14 ./Middlewares/Third_Party/FreeRTOS/Source/portable/GCC/ARM_CM4F/port.o
 .text.vPortValidateInterruptPriority
                0x0800f278       0x84 ./Middlewares/Third_Party/FreeRTOS/Source/portable/GCC/ARM_CM4F/port.o
                0x0800f278                vPortValidateInterruptPriority
 .text.pvPortMalloc
                0x0800f2fc      0x19c ./Middlewares/Third_Party/FreeRTOS/Source/portable/MemMang/heap_4.o
                0x0800f2fc                pvPortMalloc
 .text.vPortFree
                0x0800f498       0xc8 ./Middlewares/Third_Party/FreeRTOS/Source/portable/MemMang/heap_4.o
                0x0800f498                vPortFree
 .text.prvHeapInit
                0x0800f560       0xc4 ./Middlewares/Third_Party/FreeRTOS/Source/portable/MemMang/heap_4.o
 .text.prvInsertBlockIntoFreeList
                0x0800f624       0xb4 ./Middlewares/Third_Party/FreeRTOS/Source/portable/MemMang/heap_4.o
 .text.__itoa   0x0800f6d8       0x30 C:/ST/STM32CubeIDE_1.15.1/STM32CubeIDE/plugins/com.st.stm32cube.ide.mcu.externaltools.gnu-tools-for-stm32.12.3.rel1.win32_1.0.100.202403111256/tools/bin/../lib/gcc/arm-none-eabi/12.3.1/../../../../arm-none-eabi/lib/thumb/v7e-m+fp/hard\libc_nano.a(libc_a-itoa.o)
                0x0800f6d8                __itoa
 .text.itoa     0x0800f708        0x4 C:/ST/STM32CubeIDE_1.15.1/STM32CubeIDE/plugins/com.st.stm32cube.ide.mcu.externaltools.gnu-tools-for-stm32.12.3.rel1.win32_1.0.100.202403111256/tools/bin/../lib/gcc/arm-none-eabi/12.3.1/../../../../arm-none-eabi/lib/thumb/v7e-m+fp/hard\libc_nano.a(libc_a-itoa.o)
                0x0800f708                itoa
 .text.malloc   0x0800f70c       0x10 C:/ST/STM32CubeIDE_1.15.1/STM32CubeIDE/plugins/com.st.stm32cube.ide.mcu.externaltools.gnu-tools-for-stm32.12.3.rel1.win32_1.0.100.202403111256/tools/bin/../lib/gcc/arm-none-eabi/12.3.1/../../../../arm-none-eabi/lib/thumb/v7e-m+fp/hard\libc_nano.a(libc_a-malloc.o)
                0x0800f70c                malloc
 .text.free     0x0800f71c       0x10 C:/ST/STM32CubeIDE_1.15.1/STM32CubeIDE/plugins/com.st.stm32cube.ide.mcu.externaltools.gnu-tools-for-stm32.12.3.rel1.win32_1.0.100.202403111256/tools/bin/../lib/gcc/arm-none-eabi/12.3.1/../../../../arm-none-eabi/lib/thumb/v7e-m+fp/hard\libc_nano.a(libc_a-malloc.o)
                0x0800f71c                free
 .text.sbrk_aligned
                0x0800f72c       0x44 C:/ST/STM32CubeIDE_1.15.1/STM32CubeIDE/plugins/com.st.stm32cube.ide.mcu.externaltools.gnu-tools-for-stm32.12.3.rel1.win32_1.0.100.202403111256/tools/bin/../lib/gcc/arm-none-eabi/12.3.1/../../../../arm-none-eabi/lib/thumb/v7e-m+fp/hard\libc_nano.a(libc_a-mallocr.o)
 .text._malloc_r
                0x0800f770      0x100 C:/ST/STM32CubeIDE_1.15.1/STM32CubeIDE/plugins/com.st.stm32cube.ide.mcu.externaltools.gnu-tools-for-stm32.12.3.rel1.win32_1.0.100.202403111256/tools/bin/../lib/gcc/arm-none-eabi/12.3.1/../../../../arm-none-eabi/lib/thumb/v7e-m+fp/hard\libc_nano.a(libc_a-mallocr.o)
                0x0800f770                _malloc_r
 .text.__malloc_lock
                0x0800f870        0xc C:/ST/STM32CubeIDE_1.15.1/STM32CubeIDE/plugins/com.st.stm32cube.ide.mcu.externaltools.gnu-tools-for-stm32.12.3.rel1.win32_1.0.100.202403111256/tools/bin/../lib/gcc/arm-none-eabi/12.3.1/../../../../arm-none-eabi/lib/thumb/v7e-m+fp/hard\libc_nano.a(libc_a-mlock.o)
                0x0800f870                __malloc_lock
 .text.__malloc_unlock
                0x0800f87c        0xc C:/ST/STM32CubeIDE_1.15.1/STM32CubeIDE/plugins/com.st.stm32cube.ide.mcu.externaltools.gnu-tools-for-stm32.12.3.rel1.win32_1.0.100.202403111256/tools/bin/../lib/gcc/arm-none-eabi/12.3.1/../../../../arm-none-eabi/lib/thumb/v7e-m+fp/hard\libc_nano.a(libc_a-mlock.o)
                0x0800f87c                __malloc_unlock
 .text.__utoa   0x0800f888       0x84 C:/ST/STM32CubeIDE_1.15.1/STM32CubeIDE/plugins/com.st.stm32cube.ide.mcu.externaltools.gnu-tools-for-stm32.12.3.rel1.win32_1.0.100.202403111256/tools/bin/../lib/gcc/arm-none-eabi/12.3.1/../../../../arm-none-eabi/lib/thumb/v7e-m+fp/hard\libc_nano.a(libc_a-utoa.o)
                0x0800f888                __utoa
 .text.__cvt    0x0800f90c       0xca C:/ST/STM32CubeIDE_1.15.1/STM32CubeIDE/plugins/com.st.stm32cube.ide.mcu.externaltools.gnu-tools-for-stm32.12.3.rel1.win32_1.0.100.202403111256/tools/bin/../lib/gcc/arm-none-eabi/12.3.1/../../../../arm-none-eabi/lib/thumb/v7e-m+fp/hard\libc_nano.a(libc_a-nano-vfprintf_float.o)
                0x0800f90c                __cvt
 .text.__exponent
                0x0800f9d6       0x74 C:/ST/STM32CubeIDE_1.15.1/STM32CubeIDE/plugins/com.st.stm32cube.ide.mcu.externaltools.gnu-tools-for-stm32.12.3.rel1.win32_1.0.100.202403111256/tools/bin/../lib/gcc/arm-none-eabi/12.3.1/../../../../arm-none-eabi/lib/thumb/v7e-m+fp/hard\libc_nano.a(libc_a-nano-vfprintf_float.o)
                0x0800f9d6                __exponent
 *fill*         0x0800fa4a        0x2 
 .text._printf_float
                0x0800fa4c      0x454 C:/ST/STM32CubeIDE_1.15.1/STM32CubeIDE/plugins/com.st.stm32cube.ide.mcu.externaltools.gnu-tools-for-stm32.12.3.rel1.win32_1.0.100.202403111256/tools/bin/../lib/gcc/arm-none-eabi/12.3.1/../../../../arm-none-eabi/lib/thumb/v7e-m+fp/hard\libc_nano.a(libc_a-nano-vfprintf_float.o)
                0x0800fa4c                _printf_float
 .text._printf_common
                0x0800fea0       0xda C:/ST/STM32CubeIDE_1.15.1/STM32CubeIDE/plugins/com.st.stm32cube.ide.mcu.externaltools.gnu-tools-for-stm32.12.3.rel1.win32_1.0.100.202403111256/tools/bin/../lib/gcc/arm-none-eabi/12.3.1/../../../../arm-none-eabi/lib/thumb/v7e-m+fp/hard\libc_nano.a(libc_a-nano-vfprintf_i.o)
                0x0800fea0                _printf_common
 *fill*         0x0800ff7a        0x2 
 .text._printf_i
                0x0800ff7c      0x240 C:/ST/STM32CubeIDE_1.15.1/STM32CubeIDE/plugins/com.st.stm32cube.ide.mcu.externaltools.gnu-tools-for-stm32.12.3.rel1.win32_1.0.100.202403111256/tools/bin/../lib/gcc/arm-none-eabi/12.3.1/../../../../arm-none-eabi/lib/thumb/v7e-m+fp/hard\libc_nano.a(libc_a-nano-vfprintf_i.o)
                0x0800ff7c                _printf_i
 .text._scanf_float
                0x080101bc      0x428 C:/ST/STM32CubeIDE_1.15.1/STM32CubeIDE/plugins/com.st.stm32cube.ide.mcu.externaltools.gnu-tools-for-stm32.12.3.rel1.win32_1.0.100.202403111256/tools/bin/../lib/gcc/arm-none-eabi/12.3.1/../../../../arm-none-eabi/lib/thumb/v7e-m+fp/hard\libc_nano.a(libc_a-nano-vfscanf_float.o)
                0x080101bc                _scanf_float
 .text.std      0x080105e4       0x6c C:/ST/STM32CubeIDE_1.15.1/STM32CubeIDE/plugins/com.st.stm32cube.ide.mcu.externaltools.gnu-tools-for-stm32.12.3.rel1.win32_1.0.100.202403111256/tools/bin/../lib/gcc/arm-none-eabi/12.3.1/../../../../arm-none-eabi/lib/thumb/v7e-m+fp/hard\libc_nano.a(libc_a-findfp.o)
 .text.stdio_exit_handler
                0x08010650       0x18 C:/ST/STM32CubeIDE_1.15.1/STM32CubeIDE/plugins/com.st.stm32cube.ide.mcu.externaltools.gnu-tools-for-stm32.12.3.rel1.win32_1.0.100.202403111256/tools/bin/../lib/gcc/arm-none-eabi/12.3.1/../../../../arm-none-eabi/lib/thumb/v7e-m+fp/hard\libc_nano.a(libc_a-findfp.o)
 .text.cleanup_stdio
                0x08010668       0x40 C:/ST/STM32CubeIDE_1.15.1/STM32CubeIDE/plugins/com.st.stm32cube.ide.mcu.externaltools.gnu-tools-for-stm32.12.3.rel1.win32_1.0.100.202403111256/tools/bin/../lib/gcc/arm-none-eabi/12.3.1/../../../../arm-none-eabi/lib/thumb/v7e-m+fp/hard\libc_nano.a(libc_a-findfp.o)
 .text.global_stdio_init.part.0
                0x080106a8       0x3c C:/ST/STM32CubeIDE_1.15.1/STM32CubeIDE/plugins/com.st.stm32cube.ide.mcu.externaltools.gnu-tools-for-stm32.12.3.rel1.win32_1.0.100.202403111256/tools/bin/../lib/gcc/arm-none-eabi/12.3.1/../../../../arm-none-eabi/lib/thumb/v7e-m+fp/hard\libc_nano.a(libc_a-findfp.o)
 .text.__sfp_lock_acquire
                0x080106e4        0xc C:/ST/STM32CubeIDE_1.15.1/STM32CubeIDE/plugins/com.st.stm32cube.ide.mcu.externaltools.gnu-tools-for-stm32.12.3.rel1.win32_1.0.100.202403111256/tools/bin/../lib/gcc/arm-none-eabi/12.3.1/../../../../arm-none-eabi/lib/thumb/v7e-m+fp/hard\libc_nano.a(libc_a-findfp.o)
                0x080106e4                __sfp_lock_acquire
 .text.__sfp_lock_release
                0x080106f0        0xc C:/ST/STM32CubeIDE_1.15.1/STM32CubeIDE/plugins/com.st.stm32cube.ide.mcu.externaltools.gnu-tools-for-stm32.12.3.rel1.win32_1.0.100.202403111256/tools/bin/../lib/gcc/arm-none-eabi/12.3.1/../../../../arm-none-eabi/lib/thumb/v7e-m+fp/hard\libc_nano.a(libc_a-findfp.o)
                0x080106f0                __sfp_lock_release
 .text.__sinit  0x080106fc       0x30 C:/ST/STM32CubeIDE_1.15.1/STM32CubeIDE/plugins/com.st.stm32cube.ide.mcu.externaltools.gnu-tools-for-stm32.12.3.rel1.win32_1.0.100.202403111256/tools/bin/../lib/gcc/arm-none-eabi/12.3.1/../../../../arm-none-eabi/lib/thumb/v7e-m+fp/hard\libc_nano.a(libc_a-findfp.o)
                0x080106fc                __sinit
 .text._fwalk_sglue
                0x0801072c       0x3c C:/ST/STM32CubeIDE_1.15.1/STM32CubeIDE/plugins/com.st.stm32cube.ide.mcu.externaltools.gnu-tools-for-stm32.12.3.rel1.win32_1.0.100.202403111256/tools/bin/../lib/gcc/arm-none-eabi/12.3.1/../../../../arm-none-eabi/lib/thumb/v7e-m+fp/hard\libc_nano.a(libc_a-fwalk.o)
                0x0801072c                _fwalk_sglue
 .text.snprintf
                0x08010768       0x68 C:/ST/STM32CubeIDE_1.15.1/STM32CubeIDE/plugins/com.st.stm32cube.ide.mcu.externaltools.gnu-tools-for-stm32.12.3.rel1.win32_1.0.100.202403111256/tools/bin/../lib/gcc/arm-none-eabi/12.3.1/../../../../arm-none-eabi/lib/thumb/v7e-m+fp/hard\libc_nano.a(libc_a-snprintf.o)
                0x08010768                sniprintf
                0x08010768                snprintf
 .text.sprintf  0x080107d0       0x40 C:/ST/STM32CubeIDE_1.15.1/STM32CubeIDE/plugins/com.st.stm32cube.ide.mcu.externaltools.gnu-tools-for-stm32.12.3.rel1.win32_1.0.100.202403111256/tools/bin/../lib/gcc/arm-none-eabi/12.3.1/../../../../arm-none-eabi/lib/thumb/v7e-m+fp/hard\libc_nano.a(libc_a-sprintf.o)
                0x080107d0                siprintf
                0x080107d0                sprintf
 .text.sscanf   0x08010810       0x54 C:/ST/STM32CubeIDE_1.15.1/STM32CubeIDE/plugins/com.st.stm32cube.ide.mcu.externaltools.gnu-tools-for-stm32.12.3.rel1.win32_1.0.100.202403111256/tools/bin/../lib/gcc/arm-none-eabi/12.3.1/../../../../arm-none-eabi/lib/thumb/v7e-m+fp/hard\libc_nano.a(libc_a-sscanf.o)
                0x08010810                siscanf
                0x08010810                sscanf
 .text.__sread  0x08010864       0x22 C:/ST/STM32CubeIDE_1.15.1/STM32CubeIDE/plugins/com.st.stm32cube.ide.mcu.externaltools.gnu-tools-for-stm32.12.3.rel1.win32_1.0.100.202403111256/tools/bin/../lib/gcc/arm-none-eabi/12.3.1/../../../../arm-none-eabi/lib/thumb/v7e-m+fp/hard\libc_nano.a(libc_a-stdio.o)
                0x08010864                __sread
 .text.__seofread
                0x08010886        0x4 C:/ST/STM32CubeIDE_1.15.1/STM32CubeIDE/plugins/com.st.stm32cube.ide.mcu.externaltools.gnu-tools-for-stm32.12.3.rel1.win32_1.0.100.202403111256/tools/bin/../lib/gcc/arm-none-eabi/12.3.1/../../../../arm-none-eabi/lib/thumb/v7e-m+fp/hard\libc_nano.a(libc_a-stdio.o)
                0x08010886                __seofread
 .text.__swrite
                0x0801088a       0x38 C:/ST/STM32CubeIDE_1.15.1/STM32CubeIDE/plugins/com.st.stm32cube.ide.mcu.externaltools.gnu-tools-for-stm32.12.3.rel1.win32_1.0.100.202403111256/tools/bin/../lib/gcc/arm-none-eabi/12.3.1/../../../../arm-none-eabi/lib/thumb/v7e-m+fp/hard\libc_nano.a(libc_a-stdio.o)
                0x0801088a                __swrite
 .text.__sseek  0x080108c2       0x24 C:/ST/STM32CubeIDE_1.15.1/STM32CubeIDE/plugins/com.st.stm32cube.ide.mcu.externaltools.gnu-tools-for-stm32.12.3.rel1.win32_1.0.100.202403111256/tools/bin/../lib/gcc/arm-none-eabi/12.3.1/../../../../arm-none-eabi/lib/thumb/v7e-m+fp/hard\libc_nano.a(libc_a-stdio.o)
                0x080108c2                __sseek
 .text.__sclose
                0x080108e6        0x8 C:/ST/STM32CubeIDE_1.15.1/STM32CubeIDE/plugins/com.st.stm32cube.ide.mcu.externaltools.gnu-tools-for-stm32.12.3.rel1.win32_1.0.100.202403111256/tools/bin/../lib/gcc/arm-none-eabi/12.3.1/../../../../arm-none-eabi/lib/thumb/v7e-m+fp/hard\libc_nano.a(libc_a-stdio.o)
                0x080108e6                __sclose
 .text.memset   0x080108ee       0x10 C:/ST/STM32CubeIDE_1.15.1/STM32CubeIDE/plugins/com.st.stm32cube.ide.mcu.externaltools.gnu-tools-for-stm32.12.3.rel1.win32_1.0.100.202403111256/tools/bin/../lib/gcc/arm-none-eabi/12.3.1/../../../../arm-none-eabi/lib/thumb/v7e-m+fp/hard\libc_nano.a(libc_a-memset.o)
                0x080108ee                memset
 .text.strcat   0x080108fe       0x1e C:/ST/STM32CubeIDE_1.15.1/STM32CubeIDE/plugins/com.st.stm32cube.ide.mcu.externaltools.gnu-tools-for-stm32.12.3.rel1.win32_1.0.100.202403111256/tools/bin/../lib/gcc/arm-none-eabi/12.3.1/../../../../arm-none-eabi/lib/thumb/v7e-m+fp/hard\libc_nano.a(libc_a-strcat.o)
                0x080108fe                strcat
 .text.strncmp  0x0801091c       0x24 C:/ST/STM32CubeIDE_1.15.1/STM32CubeIDE/plugins/com.st.stm32cube.ide.mcu.externaltools.gnu-tools-for-stm32.12.3.rel1.win32_1.0.100.202403111256/tools/bin/../lib/gcc/arm-none-eabi/12.3.1/../../../../arm-none-eabi/lib/thumb/v7e-m+fp/hard\libc_nano.a(libc_a-strncmp.o)
                0x0801091c                strncmp
 .text.strncpy  0x08010940       0x26 C:/ST/STM32CubeIDE_1.15.1/STM32CubeIDE/plugins/com.st.stm32cube.ide.mcu.externaltools.gnu-tools-for-stm32.12.3.rel1.win32_1.0.100.202403111256/tools/bin/../lib/gcc/arm-none-eabi/12.3.1/../../../../arm-none-eabi/lib/thumb/v7e-m+fp/hard\libc_nano.a(libc_a-strncpy.o)
                0x08010940                strncpy
 *fill*         0x08010966        0x2 
 .text.strtok   0x08010968       0x68 C:/ST/STM32CubeIDE_1.15.1/STM32CubeIDE/plugins/com.st.stm32cube.ide.mcu.externaltools.gnu-tools-for-stm32.12.3.rel1.win32_1.0.100.202403111256/tools/bin/../lib/gcc/arm-none-eabi/12.3.1/../../../../arm-none-eabi/lib/thumb/v7e-m+fp/hard\libc_nano.a(libc_a-strtok.o)
                0x08010968                strtok
 .text.__strtok_r
                0x080109d0       0x50 C:/ST/STM32CubeIDE_1.15.1/STM32CubeIDE/plugins/com.st.stm32cube.ide.mcu.externaltools.gnu-tools-for-stm32.12.3.rel1.win32_1.0.100.202403111256/tools/bin/../lib/gcc/arm-none-eabi/12.3.1/../../../../arm-none-eabi/lib/thumb/v7e-m+fp/hard\libc_nano.a(libc_a-strtok_r.o)
                0x080109d0                __strtok_r
 .text._localeconv_r
                0x08010a20        0x8 C:/ST/STM32CubeIDE_1.15.1/STM32CubeIDE/plugins/com.st.stm32cube.ide.mcu.externaltools.gnu-tools-for-stm32.12.3.rel1.win32_1.0.100.202403111256/tools/bin/../lib/gcc/arm-none-eabi/12.3.1/../../../../arm-none-eabi/lib/thumb/v7e-m+fp/hard\libc_nano.a(libc_a-localeconv.o)
                0x08010a20                _localeconv_r
 .text._close_r
                0x08010a28       0x20 C:/ST/STM32CubeIDE_1.15.1/STM32CubeIDE/plugins/com.st.stm32cube.ide.mcu.externaltools.gnu-tools-for-stm32.12.3.rel1.win32_1.0.100.202403111256/tools/bin/../lib/gcc/arm-none-eabi/12.3.1/../../../../arm-none-eabi/lib/thumb/v7e-m+fp/hard\libc_nano.a(libc_a-closer.o)
                0x08010a28                _close_r
 .text._lseek_r
                0x08010a48       0x24 C:/ST/STM32CubeIDE_1.15.1/STM32CubeIDE/plugins/com.st.stm32cube.ide.mcu.externaltools.gnu-tools-for-stm32.12.3.rel1.win32_1.0.100.202403111256/tools/bin/../lib/gcc/arm-none-eabi/12.3.1/../../../../arm-none-eabi/lib/thumb/v7e-m+fp/hard\libc_nano.a(libc_a-lseekr.o)
                0x08010a48                _lseek_r
 .text._read_r  0x08010a6c       0x24 C:/ST/STM32CubeIDE_1.15.1/STM32CubeIDE/plugins/com.st.stm32cube.ide.mcu.externaltools.gnu-tools-for-stm32.12.3.rel1.win32_1.0.100.202403111256/tools/bin/../lib/gcc/arm-none-eabi/12.3.1/../../../../arm-none-eabi/lib/thumb/v7e-m+fp/hard\libc_nano.a(libc_a-readr.o)
                0x08010a6c                _read_r
 .text._sbrk_r  0x08010a90       0x20 C:/ST/STM32CubeIDE_1.15.1/STM32CubeIDE/plugins/com.st.stm32cube.ide.mcu.externaltools.gnu-tools-for-stm32.12.3.rel1.win32_1.0.100.202403111256/tools/bin/../lib/gcc/arm-none-eabi/12.3.1/../../../../arm-none-eabi/lib/thumb/v7e-m+fp/hard\libc_nano.a(libc_a-sbrkr.o)
                0x08010a90                _sbrk_r
 .text._write_r
                0x08010ab0       0x24 C:/ST/STM32CubeIDE_1.15.1/STM32CubeIDE/plugins/com.st.stm32cube.ide.mcu.externaltools.gnu-tools-for-stm32.12.3.rel1.win32_1.0.100.202403111256/tools/bin/../lib/gcc/arm-none-eabi/12.3.1/../../../../arm-none-eabi/lib/thumb/v7e-m+fp/hard\libc_nano.a(libc_a-writer.o)
                0x08010ab0                _write_r
 .text.__errno  0x08010ad4        0xc C:/ST/STM32CubeIDE_1.15.1/STM32CubeIDE/plugins/com.st.stm32cube.ide.mcu.externaltools.gnu-tools-for-stm32.12.3.rel1.win32_1.0.100.202403111256/tools/bin/../lib/gcc/arm-none-eabi/12.3.1/../../../../arm-none-eabi/lib/thumb/v7e-m+fp/hard\libc_nano.a(libc_a-errno.o)
                0x08010ad4                __errno
 .text.__libc_init_array
                0x08010ae0       0x48 C:/ST/STM32CubeIDE_1.15.1/STM32CubeIDE/plugins/com.st.stm32cube.ide.mcu.externaltools.gnu-tools-for-stm32.12.3.rel1.win32_1.0.100.202403111256/tools/bin/../lib/gcc/arm-none-eabi/12.3.1/../../../../arm-none-eabi/lib/thumb/v7e-m+fp/hard\libc_nano.a(libc_a-init.o)
                0x08010ae0                __libc_init_array
 .text.__retarget_lock_init_recursive
                0x08010b28        0x2 C:/ST/STM32CubeIDE_1.15.1/STM32CubeIDE/plugins/com.st.stm32cube.ide.mcu.externaltools.gnu-tools-for-stm32.12.3.rel1.win32_1.0.100.202403111256/tools/bin/../lib/gcc/arm-none-eabi/12.3.1/../../../../arm-none-eabi/lib/thumb/v7e-m+fp/hard\libc_nano.a(libc_a-lock.o)
                0x08010b28                __retarget_lock_init_recursive
 .text.__retarget_lock_acquire_recursive
                0x08010b2a        0x2 C:/ST/STM32CubeIDE_1.15.1/STM32CubeIDE/plugins/com.st.stm32cube.ide.mcu.externaltools.gnu-tools-for-stm32.12.3.rel1.win32_1.0.100.202403111256/tools/bin/../lib/gcc/arm-none-eabi/12.3.1/../../../../arm-none-eabi/lib/thumb/v7e-m+fp/hard\libc_nano.a(libc_a-lock.o)
                0x08010b2a                __retarget_lock_acquire_recursive
 .text.__retarget_lock_release_recursive
                0x08010b2c        0x2 C:/ST/STM32CubeIDE_1.15.1/STM32CubeIDE/plugins/com.st.stm32cube.ide.mcu.externaltools.gnu-tools-for-stm32.12.3.rel1.win32_1.0.100.202403111256/tools/bin/../lib/gcc/arm-none-eabi/12.3.1/../../../../arm-none-eabi/lib/thumb/v7e-m+fp/hard\libc_nano.a(libc_a-lock.o)
                0x08010b2c                __retarget_lock_release_recursive
 .text.memcpy   0x08010b2e       0x1c C:/ST/STM32CubeIDE_1.15.1/STM32CubeIDE/plugins/com.st.stm32cube.ide.mcu.externaltools.gnu-tools-for-stm32.12.3.rel1.win32_1.0.100.202403111256/tools/bin/../lib/gcc/arm-none-eabi/12.3.1/../../../../arm-none-eabi/lib/thumb/v7e-m+fp/hard\libc_nano.a(libc_a-memcpy-stub.o)
                0x08010b2e                memcpy
 *fill*         0x08010b4a        0x2 
 .text.nanf     0x08010b4c        0xc C:/ST/STM32CubeIDE_1.15.1/STM32CubeIDE/plugins/com.st.stm32cube.ide.mcu.externaltools.gnu-tools-for-stm32.12.3.rel1.win32_1.0.100.202403111256/tools/bin/../lib/gcc/arm-none-eabi/12.3.1/../../../../arm-none-eabi/lib/thumb/v7e-m+fp/hard\libc_nano.a(libm_a-sf_nan.o)
                0x08010b4c                nanf
 .text.__assert_func
                0x08010b58       0x3c C:/ST/STM32CubeIDE_1.15.1/STM32CubeIDE/plugins/com.st.stm32cube.ide.mcu.externaltools.gnu-tools-for-stm32.12.3.rel1.win32_1.0.100.202403111256/tools/bin/../lib/gcc/arm-none-eabi/12.3.1/../../../../arm-none-eabi/lib/thumb/v7e-m+fp/hard\libc_nano.a(libc_a-assert.o)
                0x08010b58                __assert_func