Archive member included to satisfy reference by file (symbol)

C:/ST/STM32CubeIDE_1.15.1/STM32CubeIDE/plugins/com.st.stm32cube.ide.mcu.externaltools.gnu-tools-for-stm32.12.3.rel1.win32_1.0.100.202403111256/tools/bin/../lib/gcc/arm-none-eabi/12.3.1/../../../../arm-none-eabi/lib/thumb/v7e-m+fp/hard\libc_nano.a(libc_a-exit.o)
                              C:/ST/STM32CubeIDE_1.15.1/STM32CubeIDE/plugins/com.st.stm32cube.ide.mcu.externaltools.gnu-tools-for-stm32.12.3.rel1.win32_1.0.100.202403111256/tools/bin/../lib/gcc/arm-none-eabi/12.3.1/../../../../arm-none-eabi/lib/thumb/v7e-m+fp/hard/crt0.o (exit)
C:/ST/STM32CubeIDE_1.15.1/STM32CubeIDE/plugins/com.st.stm32cube.ide.mcu.externaltools.gnu-tools-for-stm32.12.3.rel1.win32_1.0.100.202403111256/tools/bin/../lib/gcc/arm-none-eabi/12.3.1/../../../../arm-none-eabi/lib/thumb/v7e-m+fp/hard\libc_nano.a(libc_a-itoa.o)
                              ./Core/Src/menulcd.o (itoa)
C:/ST/STM32CubeIDE_1.15.1/STM32CubeIDE/plugins/com.st.stm32cube.ide.mcu.externaltools.gnu-tools-for-stm32.12.3.rel1.win32_1.0.100.202403111256/tools/bin/../lib/gcc/arm-none-eabi/12.3.1/../../../../arm-none-eabi/lib/thumb/v7e-m+fp/hard\libc_nano.a(libc_a-malloc.o)
                              ./Core/Src/cli.o (malloc)
C:/ST/STM32CubeIDE_1.15.1/STM32CubeIDE/plugins/com.st.stm32cube.ide.mcu.externaltools.gnu-tools-for-stm32.12.3.rel1.win32_1.0.100.202403111256/tools/bin/../lib/gcc/arm-none-eabi/12.3.1/../../../../arm-none-eabi/lib/thumb/v7e-m+fp/hard\libc_nano.a(libc_a-mallocr.o)
                              C:/ST/STM32CubeIDE_1.15.1/STM32CubeIDE/plugins/com.st.stm32cube.ide.mcu.externaltools.gnu-tools-for-stm32.12.3.rel1.win32_1.0.100.202403111256/tools/bin/../lib/gcc/arm-none-eabi/12.3.1/../../../../arm-none-eabi/lib/thumb/v7e-m+fp/hard\libc_nano.a(libc_a-malloc.o) (_malloc_r)
C:/ST/STM32CubeIDE_1.15.1/STM32CubeIDE/plugins/com.st.stm32cube.ide.mcu.externaltools.gnu-tools-for-stm32.12.3.rel1.win32_1.0.100.202403111256/tools/bin/../lib/gcc/arm-none-eabi/12.3.1/../../../../arm-none-eabi/lib/thumb/v7e-m+fp/hard\libc_nano.a(libc_a-mlock.o)
                              C:/ST/STM32CubeIDE_1.15.1/STM32CubeIDE/plugins/com.st.stm32cube.ide.mcu.externaltools.gnu-tools-for-stm32.12.3.rel1.win32_1.0.100.202403111256/tools/bin/../lib/gcc/arm-none-eabi/12.3.1/../../../../arm-none-eabi/lib/thumb/v7e-m+fp/hard\libc_nano.a(libc_a-mallocr.o) (__malloc_lock)
C:/ST/STM32CubeIDE_1.15.1/STM32CubeIDE/plugins/com.st.stm32cube.ide.mcu.externaltools.gnu-tools-for-stm32.12.3.rel1.win32_1.0.100.202403111256/tools/bin/../lib/gcc/arm-none-eabi/12.3.1/../../../../arm-none-eabi/lib/thumb/v7e-m+fp/hard\libc_nano.a(libc_a-utoa.o)
                              C:/ST/STM32CubeIDE_1.15.1/STM32CubeIDE/plugins/com.st.stm32cube.ide.mcu.externaltools.gnu-tools-for-stm32.12.3.rel1.win32_1.0.100.202403111256/tools/bin/../lib/gcc/arm-none-eabi/12.3.1/../../../../arm-none-eabi/lib/thumb/v7e-m+fp/hard\libc_nano.a(libc_a-itoa.o) (__utoa)
C:/ST/STM32CubeIDE_1.15.1/STM32CubeIDE/plugins/com.st.stm32cube.ide.mcu.externaltools.gnu-tools-for-stm32.12.3.rel1.win32_1.0.100.202403111256/tools/bin/../lib/gcc/arm-none-eabi/12.3.1/../../../../arm-none-eabi/lib/thumb/v7e-m+fp/hard\libc_nano.a(libc_a-nano-vfprintf_float.o)
                              (_printf_float)
C:/ST/STM32CubeIDE_1.15.1/STM32CubeIDE/plugins/com.st.stm32cube.ide.mcu.externaltools.gnu-tools-for-stm32.12.3.rel1.win32_1.0.100.202403111256/tools/bin/../lib/gcc/arm-none-eabi/12.3.1/../../../../arm-none-eabi/lib/thumb/v7e-m+fp/hard\libc_nano.a(libc_a-nano-vfprintf_i.o)
                              C:/ST/STM32CubeIDE_1.15.1/STM32CubeIDE/plugins/com.st.stm32cube.ide.mcu.externaltools.gnu-tools-for-stm32.12.3.rel1.win32_1.0.100.202403111256/tools/bin/../lib/gcc/arm-none-eabi/12.3.1/../../../../arm-none-eabi/lib/thumb/v7e-m+fp/hard\libc_nano.a(libc_a-nano-vfprintf_float.o) (_printf_common)
C:/ST/STM32CubeIDE_1.15.1/STM32CubeIDE/plugins/com.st.stm32cube.ide.mcu.externaltools.gnu-tools-for-stm32.12.3.rel1.win32_1.0.100.202403111256/tools/bin/../lib/gcc/arm-none-eabi/12.3.1/../../../../arm-none-eabi/lib/thumb/v7e-m+fp/hard\libc_nano.a(libc_a-nano-vfscanf_float.o)
                              (_scanf_float)
C:/ST/STM32CubeIDE_1.15.1/STM32CubeIDE/plugins/com.st.stm32cube.ide.mcu.externaltools.gnu-tools-for-stm32.12.3.rel1.win32_1.0.100.202403111256/tools/bin/../lib/gcc/arm-none-eabi/12.3.1/../../../../arm-none-eabi/lib/thumb/v7e-m+fp/hard\libc_nano.a(libc_a-findfp.o)
                              C:/ST/STM32CubeIDE_1.15.1/STM32CubeIDE/plugins/com.st.stm32cube.ide.mcu.externaltools.gnu-tools-for-stm32.12.3.rel1.win32_1.0.100.202403111256/tools/bin/../lib/gcc/arm-none-eabi/12.3.1/../../../../arm-none-eabi/lib/thumb/v7e-m+fp/hard\libc_nano.a(libc_a-exit.o) (__stdio_exit_handler)
[...]
Memory Configuration

Name             Origin             Length             Attributes
CCMRAM           0x10000000         0x00010000         xrw
RAM              0x20000000         0x00020000         xrw
FLASH            0x08000000         0x00080000         xr
*default*        0x00000000         0xffffffff

Linker script and memory map

LOAD C:/ST/STM32CubeIDE_1.15.1/STM32CubeIDE/plugins/com.st.stm32cube.ide.mcu.externaltools.gnu-tools-for-stm32.12.3.rel1.win32_1.0.100.202403111256/tools/bin/../lib/gcc/arm-none-eabi/12.3.1/thumb/v7e-m+fp/hard/crti.o
LOAD C:/ST/STM32CubeIDE_1.15.1/STM32CubeIDE/plugins/com.st.stm32cube.ide.mcu.externaltools.gnu-tools-for-stm32.12.3.rel1.win32_1.0.100.202403111256/tools/bin/../lib/gcc/arm-none-eabi/12.3.1/thumb/v7e-m+fp/hard/crtbegin.o
LOAD C:/ST/STM32CubeIDE_1.15.1/STM32CubeIDE/plugins/com.st.stm32cube.ide.mcu.externaltools.gnu-tools-for-stm32.12.3.rel1.win32_1.0.100.202403111256/tools/bin/../lib/gcc/arm-none-eabi/12.3.1/../../../../arm-none-eabi/lib/thumb/v7e-m+fp/hard/crt0.o
LOAD ./Core/Src/AccelStepper.o
LOAD ./Core/Src/Inverse_cnc.o
LOAD ./Core/Src/S_curve.o
LOAD ./Core/Src/adc.o
LOAD ./Core/Src/cli.o
LOAD ./Core/Src/freertos.o
LOAD ./Core/Src/gpio.o
LOAD ./Core/Src/i2c.o
LOAD ./Core/Src/lcd.o
LOAD ./Core/Src/main.o
LOAD ./Core/Src/menulcd.o
LOAD ./Core/Src/stm32f4xx_hal_msp.o
LOAD ./Core/Src/stm32f4xx_it.o
LOAD ./Core/Src/syscalls.o
LOAD ./Core/Src/sysmem.o
LOAD ./Core/Src/system_stm32f4xx.o
LOAD ./Core/Src/tim.o
LOAD ./Core/Src/usart.o
LOAD ./Core/Startup/startup_stm32f407vetx.o
LOAD ./Drivers/STM32F4xx_HAL_Driver/Src/stm32f4xx_hal.o
LOAD ./Drivers/STM32F4xx_HAL_Driver/Src/stm32f4xx_hal_adc.o
LOAD ./Drivers/STM32F4xx_HAL_Driver/Src/stm32f4xx_hal_adc_ex.o
LOAD ./Drivers/STM32F4xx_HAL_Driver/Src/stm32f4xx_hal_cortex.o
LOAD ./Drivers/STM32F4xx_HAL_Driver/Src/stm32f4xx_hal_dma.o
LOAD ./Drivers/STM32F4xx_HAL_Driver/Src/stm32f4xx_hal_dma_ex.o
LOAD ./Drivers/STM32F4xx_HAL_Driver/Src/stm32f4xx_hal_exti.o
LOAD ./Drivers/STM32F4xx_HAL_Driver/Src/stm32f4xx_hal_flash.o
LOAD ./Drivers/STM32F4xx_HAL_Driver/Src/stm32f4xx_hal_flash_ex.o
LOAD ./Drivers/STM32F4xx_HAL_Driver/Src/stm32f4xx_hal_flash_ramfunc.o
LOAD ./Drivers/STM32F4xx_HAL_Driver/Src/stm32f4xx_hal_gpio.o
LOAD ./Drivers/STM32F4xx_HAL_Driver/Src/stm32f4xx_hal_i2c.o
LOAD ./Drivers/STM32F4xx_HAL_Driver/Src/stm32f4xx_hal_i2c_ex.o
LOAD ./Drivers/STM32F4xx_HAL_Driver/Src/stm32f4xx_hal_pwr.o
LOAD ./Drivers/STM32F4xx_HAL_Driver/Src/stm32f4xx_hal_pwr_ex.o
LOAD ./Drivers/STM32F4xx_HAL_Driver/Src/stm32f4xx_hal_rcc.o
LOAD ./Drivers/STM32F4xx_HAL_Driver/Src/stm32f4xx_hal_rcc_ex.o
LOAD ./Drivers/STM32F4xx_HAL_Driver/Src/stm32f4xx_hal_tim.o
LOAD ./Drivers/STM32F4xx_HAL_Driver/Src/stm32f4xx_hal_tim_ex.o
LOAD ./Drivers/STM32F4xx_HAL_Driver/Src/stm32f4xx_hal_uart.o
LOAD ./Drivers/STM32F4xx_HAL_Driver/Src/stm32f4xx_ll_adc.o
LOAD ./Middlewares/Third_Party/FreeRTOS/Source/CMSIS_RTOS_V2/cmsis_os2.o
LOAD ./Middlewares/Third_Party/FreeRTOS/Source/croutine.o
LOAD ./Middlewares/Third_Party/FreeRTOS/Source/event_groups.o
LOAD ./Middlewares/Third_Party/FreeRTOS/Source/list.o
LOAD ./Middlewares/Third_Party/FreeRTOS/Source/queue.o
LOAD ./Middlewares/Third_Party/FreeRTOS/Source/stream_buffer.o
LOAD ./Middlewares/Third_Party/FreeRTOS/Source/tasks.o
LOAD ./Middlewares/Third_Party/FreeRTOS/Source/timers.o
LOAD ./Middlewares/Third_Party/FreeRTOS/Source/portable/GCC/ARM_CM4F/port.o
LOAD ./Middlewares/Third_Party/FreeRTOS/Source/portable/MemMang/heap_4.o
START GROUP
LOAD C:/ST/STM32CubeIDE_1.15.1/STM32CubeIDE/plugins/com.st.stm32cube.ide.mcu.externaltools.gnu-tools-for-stm32.12.3.rel1.win32_1.0.100.202403111256/tools/bin/../lib/gcc/arm-none-eabi/12.3.1/../../../../arm-none-eabi/lib/thumb/v7e-m+fp/hard\libc_nano.a
LOAD C:/ST/STM32CubeIDE_1.15.1/STM32CubeIDE/plugins/com.st.stm32cube.ide.mcu.externaltools.gnu-tools-for-stm32.12.3.rel1.win32_1.0.100.202403111256/tools/bin/../lib/gcc/arm-none-eabi/12.3.1/../../../../arm-none-eabi/lib/thumb/v7e-m+fp/hard\libm.a
END GROUP
START GROUP
LOAD C:/ST/STM32CubeIDE_1.15.1/STM32CubeIDE/plugins/com.st.stm32cube.ide.mcu.externaltools.gnu-tools-for-stm32.12.3.rel1.win32_1.0.100.202403111256/tools/bin/../lib/gcc/arm-none-eabi/12.3.1/thumb/v7e-m+fp/hard\libgcc.a
LOAD C:/ST/STM32CubeIDE_1.15.1/STM32CubeIDE/plugins/com.st.stm32cube.ide.mcu.externaltools.gnu-tools-for-stm32.12.3.rel1.win32_1.0.100.202403111256/tools/bin/../lib/gcc/arm-none-eabi/12.3.1/../../../../arm-none-eabi/lib/thumb/v7e-m+fp/hard\libc_nano.a
END GROUP
START GROUP
LOAD C:/ST/STM32CubeIDE_1.15.1/STM32CubeIDE/plugins/com.st.stm32cube.ide.mcu.externaltools.gnu-tools-for-stm32.12.3.rel1.win32_1.0.100.202403111256/tools/bin/../lib/gcc/arm-none-eabi/12.3.1/thumb/v7e-m+fp/hard\libgcc.a
LOAD C:/ST/STM32CubeIDE_1.15.1/STM32CubeIDE/plugins/com.st.stm32cube.ide.mcu.externaltools.gnu-tools-for-stm32.12.3.rel1.win32_1.0.100.202403111256/tools/bin/../lib/gcc/arm-none-eabi/12.3.1/../../../../arm-none-eabi/lib/thumb/v7e-m+fp/hard\libc_nano.a
LOAD C:/ST/STM32CubeIDE_1.15.1/STM32CubeIDE/plugins/com.st.stm32cube.ide.mcu.externaltools.gnu-tools-for-stm32.12.3.rel1.win32_1.0.100.202403111256/tools/bin/../lib/gcc/arm-none-eabi/12.3.1/../../../../arm-none-eabi/lib/thumb/v7e-m+fp/hard\libnosys.a
END GROUP
START GROUP
LOAD C:/ST/STM32CubeIDE_1.15.1/STM32CubeIDE/plugins/com.st.stm32cube.ide.mcu.externaltools.gnu-tools-for-stm32.12.3.rel1.win32_1.0.100.202403111256/tools/bin/../lib/gcc/arm-none-eabi/12.3.1/thumb/v7e-m+fp/hard\libgcc.a
LOAD C:/ST/STM32CubeIDE_1.15.1/STM32CubeIDE/plugins/com.st.stm32cube.ide.mcu.externaltools.gnu-tools-for-stm32.12.3.rel1.win32_1.0.100.202403111256/tools/bin/../lib/gcc/arm-none-eabi/12.3.1/../../../../arm-none-eabi/lib/thumb/v7e-m+fp/hard\libc_nano.a
LOAD C:/ST/STM32CubeIDE_1.15.1/STM32CubeIDE/plugins/com.st.stm32cube.ide.mcu.externaltools.gnu-tools-for-stm32.12.3.rel1.win32_1.0.100.202403111256/tools/bin/../lib/gcc/arm-none-eabi/12.3.1/../../../../arm-none-eabi/lib/thumb/v7e-m+fp/hard\libnosys.a
END GROUP
LOAD C:/ST/STM32CubeIDE_1.15.1/STM32CubeIDE/plugins/com.st.stm32cube.ide.mcu.externaltools.gnu-tools-for-stm32.12.3.rel1.win32_1.0.100.202403111256/tools/bin/../lib/gcc/arm-none-eabi/12.3.1/thumb/v7e-m+fp/hard/crtend.o
LOAD C:/ST/STM32CubeIDE_1.15.1/STM32CubeIDE/plugins/com.st.stm32cube.ide.mcu.externaltools.gnu-tools-for-stm32.12.3.rel1.win32_1.0.100.202403111256/tools/bin/../lib/gcc/arm-none-eabi/12.3.1/thumb/v7e-m+fp/hard/crtn.o
                0x20020000                        _estack = (ORIGIN (RAM) + LENGTH (RAM))
                0x00000200                        _Min_Heap_Size = 0x200
                0x00000400                        _Min_Stack_Size = 0x400

.isr_vector     0x08000000      0x188
                0x08000000                        . = ALIGN (0x4)
 *(.isr_vector)
 .isr_vector    0x08000000      0x188 ./Core/Startup/startup_stm32f407vetx.o
                0x08000000                g_pfnVectors
                0x08000188                        . = ALIGN (0x4)

.text           0x08000190    0x154f8
                0x08000190                        . = ALIGN (0x4)
 *(.text)
 .text          0x08000190       0x40 C:/ST/STM32CubeIDE_1.15.1/STM32CubeIDE/plugins/com.st.stm32cube.ide.mcu.externaltools.gnu-tools-for-stm32.12.3.rel1.win32_1.0.100.202403111256/tools/bin/../lib/gcc/arm-none-eabi/12.3.1/thumb/v7e-m+fp/hard/crtbegin.o
 .text          0x080001d0       0x14 C:/ST/STM32CubeIDE_1.15.1/STM32CubeIDE/plugins/com.st.stm32cube.ide.mcu.externaltools.gnu-tools-for-stm32.12.3.rel1.win32_1.0.100.202403111256/tools/bin/../lib/gcc/arm-none-eabi/12.3.1/../../../../arm-none-eabi/lib/thumb/v7e-m+fp/hard\libc_nano.a(libc_a-strcmp.o)
                0x080001d0                strcmp
 *fill*         0x080001e4        0xc 
 .text          0x080001f0       0xa0 C:/ST/STM32CubeIDE_1.15.1/STM32CubeIDE/plugins/com.st.stm32cube.ide.mcu.externaltools.gnu-tools-for-stm32.12.3.rel1.win32_1.0.100.202403111256/tools/bin/../lib/gcc/arm-none-eabi/12.3.1/../../../../arm-none-eabi/lib/thumb/v7e-m+fp/hard\libc_nano.a(libc_a-memchr.o)
                0x080001f0                memchr
 .text          0x08000290       0x10 C:/ST/STM32CubeIDE_1.15.1/STM32CubeIDE/plugins/com.st.stm32cube.ide.mcu.externaltools.gnu-tools-for-stm32.12.3.rel1.win32_1.0.100.202403111256/tools/bin/../lib/gcc/arm-none-eabi/12.3.1/../../../../arm-none-eabi/lib/thumb/v7e-m+fp/hard\libc_nano.a(libc_a-strlen.o)
                0x08000290                strlen
 .text          0x080002a0      0x378 C:/ST/STM32CubeIDE_1.15.1/STM32CubeIDE/plugins/com.st.stm32cube.ide.mcu.externaltools.gnu-tools-for-stm32.12.3.rel1.win32_1.0.100.202403111256/tools/bin/../lib/gcc/arm-none-eabi/12.3.1/thumb/v7e-m+fp/hard\libgcc.a(_arm_addsubdf3.o)
                0x080002a0                __aeabi_drsub
                0x080002a8                __aeabi_dsub
                0x080002a8                __subdf3
                0x080002ac                __aeabi_dadd
                0x080002ac                __adddf3
                0x08000524                __floatunsidf
                0x08000524                __aeabi_ui2d
                0x08000544                __floatsidf
                0x08000544                __aeabi_i2d
                0x08000568                __aeabi_f2d
                0x08000568                __extendsfdf2
                0x080005ac                __floatundidf
                0x080005ac                __aeabi_ul2d
                0x080005bc                __floatdidf
                0x080005bc                __aeabi_l2d
 .text          0x08000618      0x424 C:/ST/STM32CubeIDE_1.15.1/STM32CubeIDE/plugins/com.st.stm32cube.ide.mcu.externaltools.gnu-tools-for-stm32.12.3.rel1.win32_1.0.100.202403111256/tools/bin/../lib/gcc/arm-none-eabi/12.3.1/thumb/v7e-m+fp/hard\libgcc.a(_arm_muldivdf3.o)
                0x08000618                __aeabi_dmul
                0x08000618                __muldf3
                0x0800086c                __divdf3
                0x0800086c                __aeabi_ddiv
 .text          0x08000a3c      0x110 C:/ST/STM32CubeIDE_1.15.1/STM32CubeIDE/plugins/com.st.stm32cube.ide.mcu.externaltools.gnu-tools-for-stm32.12.3.rel1.win32_1.0.100.202403111256/tools/bin/../lib/gcc/arm-none-eabi/12.3.1/thumb/v7e-m+fp/hard\libgcc.a(_arm_cmpdf2.o)
                0x08000a3c                __gtdf2
                0x08000a3c                __gedf2
                0x08000a44                __ltdf2
                0x08000a44                __ledf2
                0x08000a4c                __nedf2
                0x08000a4c                __eqdf2
                0x08000a4c                __cmpdf2
                0x08000ac8                __aeabi_cdrcmple
                0x08000ad8                __aeabi_cdcmpeq
                0x08000ad8                __aeabi_cdcmple
                0x08000ae8                __aeabi_dcmpeq
                0x08000afc                __aeabi_dcmplt
                0x08000b10                __aeabi_dcmple
                0x08000b24                __aeabi_dcmpge
                0x08000b38                __aeabi_dcmpgt
 .text          0x08000b4c       0x2c C:/ST/STM32CubeIDE_1.15.1/STM32CubeIDE/plugins/com.st.stm32cube.ide.mcu.externaltools.gnu-tools-for-stm32.12.3.rel1.win32_1.0.100.202403111256/tools/bin/../lib/gcc/arm-none-eabi/12.3.1/thumb/v7e-m+fp/hard\libgcc.a(_arm_unorddf2.o)
                0x08000b4c                __unorddf2
                0x08000b4c                __aeabi_dcmpun
 .text          0x08000b78       0x50 C:/ST/STM32CubeIDE_1.15.1/STM32CubeIDE/plugins/com.st.stm32cube.ide.mcu.externaltools.gnu-tools-for-stm32.12.3.rel1.win32_1.0.100.202403111256/tools/bin/../lib/gcc/arm-none-eabi/12.3.1/thumb/v7e-m+fp/hard\libgcc.a(_arm_fixdfsi.o)
                0x08000b78                __aeabi_d2iz
                0x08000b78                __fixdfsi
 .text          0x08000bc8       0x40 C:/ST/STM32CubeIDE_1.15.1/STM32CubeIDE/plugins/com.st.stm32cube.ide.mcu.externaltools.gnu-tools-for-stm32.12.3.rel1.win32_1.0.100.202403111256/tools/bin/../lib/gcc/arm-none-eabi/12.3.1/thumb/v7e-m+fp/hard\libgcc.a(_arm_fixunsdfsi.o)
                0x08000bc8                __aeabi_d2uiz
                0x08000bc8                __fixunsdfsi
 .text          0x08000c08       0xa0 C:/ST/STM32CubeIDE_1.15.1/STM32CubeIDE/plugins/com.st.stm32cube.ide.mcu.externaltools.gnu-tools-for-stm32.12.3.rel1.win32_1.0.100.202403111256/tools/bin/../lib/gcc/arm-none-eabi/12.3.1/thumb/v7e-m+fp/hard\libgcc.a(_arm_truncdfsf2.o)
                0x08000c08                __truncdfsf2
                0x08000c08                __aeabi_d2f
 .text          0x08000ca8       0x30 C:/ST/STM32CubeIDE_1.15.1/STM32CubeIDE/plugins/com.st.stm32cube.ide.mcu.externaltools.gnu-tools-for-stm32.12.3.rel1.win32_1.0.100.202403111256/tools/bin/../lib/gcc/arm-none-eabi/12.3.1/thumb/v7e-m+fp/hard\libgcc.a(_aeabi_uldivmod.o)
                0x08000ca8                __aeabi_uldivmod
 .text          0x08000cd8       0x30 C:/ST/STM32CubeIDE_1.15.1/STM32CubeIDE/plugins/com.st.stm32cube.ide.mcu.externaltools.gnu-tools-for-stm32.12.3.rel1.win32_1.0.100.202403111256/tools/bin/../lib/gcc/arm-none-eabi/12.3.1/thumb/v7e-m+fp/hard\libgcc.a(_fixdfdi.o)
                0x08000cd8                __fixdfdi
                0x08000cd8                __aeabi_d2lz
 .text          0x08000d08       0x3c C:/ST/STM32CubeIDE_1.15.1/STM32CubeIDE/plugins/com.st.stm32cube.ide.mcu.externaltools.gnu-tools-for-stm32.12.3.rel1.win32_1.0.100.202403111256/tools/bin/../lib/gcc/arm-none-eabi/12.3.1/thumb/v7e-m+fp/hard\libgcc.a(_fixunsdfdi.o)
                0x08000d08                __fixunsdfdi
                0x08000d08                __aeabi_d2ulz
 .text          0x08000d44      0x2bc C:/ST/STM32CubeIDE_1.15.1/STM32CubeIDE/plugins/com.st.stm32cube.ide.mcu.externaltools.gnu-tools-for-stm32.12.3.rel1.win32_1.0.100.202403111256/tools/bin/../lib/gcc/arm-none-eabi/12.3.1/thumb/v7e-m+fp/hard\libgcc.a(_udivmoddi4.o)
                0x08000d44                __udivmoddi4
 .text          0x08001000        0x4 C:/ST/STM32CubeIDE_1.15.1/STM32CubeIDE/plugins/com.st.stm32cube.ide.mcu.externaltools.gnu-tools-for-stm32.12.3.rel1.win32_1.0.100.202403111256/tools/bin/../lib/gcc/arm-none-eabi/12.3.1/thumb/v7e-m+fp/hard\libgcc.a(_dvmd_tls.o)
                0x08001000                __aeabi_idiv0
                0x08001000                __aeabi_ldiv0
 *(.text*)
 .text.Accel_Stepper_SetPin
                0x08001004       0x38 ./Core/Src/AccelStepper.o
                0x08001004                Accel_Stepper_SetPin
 .text.Accel_Stepper_SetTimer
                0x0800103c       0x1c ./Core/Src/AccelStepper.o
                0x0800103c                Accel_Stepper_SetTimer
 .text.Accel_Stepper_TIMIT_Handler
                0x08001058      0x440 ./Core/Src/AccelStepper.o
                0x08001058                Accel_Stepper_TIMIT_Handler
 .text.Accel_Stepper_Move
                0x08001498      0x4b8 ./Core/Src/AccelStepper.o
                0x08001498                Accel_Stepper_Move
 .text.initializeCNC_pos
                0x08001950      0x11c ./Core/Src/Inverse_cnc.o
                0x08001950                initializeCNC_pos
 .text.trans_to_posXY
                0x08001a6c       0x50 ./Core/Src/Inverse_cnc.o
                0x08001a6c                trans_to_posXY
 .text.trans_to_posZ
                0x08001abc       0x30 ./Core/Src/Inverse_cnc.o
                0x08001abc                trans_to_posZ
 .text.caculate_pos
                0x08001aec       0x34 ./Core/Src/Inverse_cnc.o
                0x08001aec                caculate_pos
 .text.MX_ADC1_Init
                0x08001b20       0x84 ./Core/Src/adc.o
                0x08001b20                MX_ADC1_Init
 .text.ADC_Select_CH10
                0x08001ba4       0x40 ./Core/Src/adc.o
                0x08001ba4                ADC_Select_CH10
 .text.ADC_Select_CH11
                0x08001be4       0x40 ./Core/Src/adc.o
                0x08001be4                ADC_Select_CH11
 .text.MX_DMA_ADC_Init
                0x08001c24       0x40 ./Core/Src/adc.o
                0x08001c24                MX_DMA_ADC_Init
 .text.HAL_ADC_MspInit
                0x08001c64      0x100 ./Core/Src/adc.o
                0x08001c64                HAL_ADC_MspInit
 .text.prepare_data
                0x08001d64       0x94 ./Core/Src/cli.o
                0x08001d64                prepare_data
 .text.UART_transmit_init
                0x08001df8        0xc ./Core/Src/cli.o
                0x08001df8                UART_transmit_init
 .text.send_uart_data
                0x08001e04       0x58 ./Core/Src/cli.o
                0x08001e04                send_uart_data
 .text.HAL_UART_TxCpltCallback
                0x08001e5c       0x14 ./Core/Src/cli.o
                0x08001e5c                HAL_UART_TxCpltCallback
 .text.UART_RECEIVE_Init
                0x08001e70       0x1c ./Core/Src/cli.o
                0x08001e70                UART_RECEIVE_Init
 .text.start_command
                0x08001e8c        0xc ./Core/Src/cli.o
                0x08001e8c                start_command
 .text.stop_command
                0x08001e98        0xc ./Core/Src/cli.o
                0x08001e98                stop_command
 .text.reset_command
                0x08001ea4        0xc ./Core/Src/cli.o
                0x08001ea4                reset_command
 .text.drill_on_command
                0x08001eb0       0x18 ./Core/Src/cli.o
                0x08001eb0                drill_on_command
 .text.drill_off_command
                0x08001ec8       0x18 ./Core/Src/cli.o
                0x08001ec8                drill_off_command
 .text.low_command
                0x08001ee0       0x88 ./Core/Src/cli.o
                0x08001ee0                low_command
 .text.medium_command
                0x08001f68       0x90 ./Core/Src/cli.o
                0x08001f68                medium_command
 .text.high_command
                0x08001ff8       0x98 ./Core/Src/cli.o
                0x08001ff8                high_command
 .text.add_coordinate
                0x08002090       0x6c ./Core/Src/cli.o
                0x08002090                add_coordinate
 .text.clear_coordinates
                0x080020fc       0x38 ./Core/Src/cli.o
                0x080020fc                clear_coordinates
 .text.move_to_coordinates
                0x08002134       0x74 ./Core/Src/cli.o
                0x08002134                move_to_coordinates
 .text.process_goto_command
                0x080021a8       0x88 ./Core/Src/cli.o
                0x080021a8                process_goto_command
 .text.UART_rx_process
                0x08002230      0x100 ./Core/Src/cli.o
                0x08002230                UART_rx_process
 .text.process_ip_address
                0x08002330       0x24 ./Core/Src/cli.o
                0x08002330                process_ip_address
 .text.HAL_UART_RxCpltCallback
                0x08002354       0xa4 ./Core/Src/cli.o
                0x08002354                HAL_UART_RxCpltCallback
 .text.max3     0x080023f8       0x60 ./Core/Src/freertos.o
                0x080023f8                max3
 .text.DelayUs_step
                0x08002458       0x38 ./Core/Src/freertos.o
                0x08002458                DelayUs_step
 .text.HOME     0x08002490       0xe8 ./Core/Src/freertos.o
                0x08002490                HOME
 .text.MoveToPosXY
                0x08002578      0x388 ./Core/Src/freertos.o
                0x08002578                MoveToPosXY
 .text.MoveToPosZ
                0x08002900      0x228 ./Core/Src/freertos.o
                0x08002900                MoveToPosZ
 .text.StartDefaultTask
                0x08002b28       0xd4 ./Core/Src/freertos.o
                0x08002b28                StartDefaultTask
 .text.StartADC
                0x08002bfc       0x16 ./Core/Src/freertos.o
                0x08002bfc                StartADC
 *fill*         0x08002c12        0x2 
 .text.StartLCD
                0x08002c14       0x38 ./Core/Src/freertos.o
                0x08002c14                StartLCD
 .text.StartUART_TX
                0x08002c4c       0x1c ./Core/Src/freertos.o
                0x08002c4c                StartUART_TX
 .text.StartUART_RX
                0x08002c68       0x30 ./Core/Src/freertos.o
                0x08002c68                StartUART_RX
 .text.MX_FREERTOS_Init
                0x08002c98       0xc0 ./Core/Src/freertos.o
                0x08002c98                MX_FREERTOS_Init
 .text.MX_GPIO_Init
                0x08002d58      0x220 ./Core/Src/gpio.o
                0x08002d58                MX_GPIO_Init
 .text.MX_I2C1_Init
                0x08002f78       0x5c ./Core/Src/i2c.o
                0x08002f78                MX_I2C1_Init
 .text.HAL_I2C_MspInit
                0x08002fd4       0xb0 ./Core/Src/i2c.o
                0x08002fd4                HAL_I2C_MspInit
 .text.lcd_send_cmd
                0x08003084       0x60 ./Core/Src/lcd.o
                0x08003084                lcd_send_cmd
 .text.lcd_send_data
                0x080030e4       0x60 ./Core/Src/lcd.o
                0x080030e4                lcd_send_data
 .text.lcd_clear
                0x08003144       0x30 ./Core/Src/lcd.o
                0x08003144                lcd_clear
 .text.lcd_put_cur
                0x08003174       0x48 ./Core/Src/lcd.o
                0x08003174                lcd_put_cur
 .text.lcd_init
                0x080031bc       0x5c ./Core/Src/lcd.o
                0x080031bc                lcd_init
 .text.lcd_send_string
                0x08003218       0x44 ./Core/Src/lcd.o
                0x08003218                lcd_send_string
 .text.main     0x0800325c       0x4c ./Core/Src/main.o
                0x0800325c                main
 .text.SystemClock_Config
                0x080032a8       0xd4 ./Core/Src/main.o
                0x080032a8                SystemClock_Config
 .text.HAL_TIM_PeriodElapsedCallback
                0x0800337c       0x54 ./Core/Src/main.o
                0x0800337c                HAL_TIM_PeriodElapsedCallback
 .text.Error_Handler
                0x080033d0        0xc ./Core/Src/main.o
                0x080033d0                Error_Handler
 .text.initialize_LCD
                0x080033dc       0x58 ./Core/Src/menulcd.o
                0x080033dc                initialize_LCD
 .text.initialize_Kalman
                0x08003434       0x8c ./Core/Src/menulcd.o
                0x08003434                initialize_Kalman
 .text.delay_lcd
                0x080034c0       0x38 ./Core/Src/menulcd.o
                0x080034c0                delay_lcd
 .text.stepX    0x080034f8       0x58 ./Core/Src/menulcd.o
                0x080034f8                stepX
 .text.stepY    0x08003550       0x58 ./Core/Src/menulcd.o
                0x08003550                stepY
 .text.stepZ    0x080035a8       0x58 ./Core/Src/menulcd.o
                0x080035a8                stepZ
 .text.moving_average_filter
                0x08003600       0x7e ./Core/Src/menulcd.o
                0x08003600                moving_average_filter
 .text.exponential_moving_average_filter
                0x0800367e       0x5e ./Core/Src/menulcd.o
                0x0800367e                exponential_moving_average_filter
 .text.kalman_filter
                0x080036dc       0xce ./Core/Src/menulcd.o
                0x080036dc                kalman_filter
 *fill*         0x080037aa        0x6 
 .text.vol_messure
                0x080037b0      0x138 ./Core/Src/menulcd.o
                0x080037b0                vol_messure
 .text.cur_messure
                0x080038e8      0x1c8 ./Core/Src/menulcd.o
                0x080038e8                cur_messure
 .text.power_messure
                0x08003ab0       0x28 ./Core/Src/menulcd.o
                0x08003ab0                power_messure
 .text.temperature_messure
                0x08003ad8       0xac ./Core/Src/menulcd.o
                0x08003ad8                temperature_messure
 .text.startADC
                0x08003b84       0x18 ./Core/Src/menulcd.o
                0x08003b84                startADC
 *fill*         0x08003b9c        0x4 
 .text.float_to_string
                0x08003ba0      0x164 ./Core/Src/menulcd.o
                0x08003ba0                float_to_string
 .text.display_menu
                0x08003d04       0x58 ./Core/Src/menulcd.o
                0x08003d04                display_menu
 .text.display_main
                0x08003d5c      0x144 ./Core/Src/menulcd.o
                0x08003d5c                display_main
 .text.menu_1   0x08003ea0      0x1dc ./Core/Src/menulcd.o
                0x08003ea0                menu_1
 .text.menu_2   0x0800407c      0x148 ./Core/Src/menulcd.o
                0x0800407c                menu_2
 .text.menu_3   0x080041c4       0xcc ./Core/Src/menulcd.o
                0x080041c4                menu_3
 .text.select_menu3
                0x08004290       0x34 ./Core/Src/menulcd.o
                0x08004290                select_menu3
 .text.X_count  0x080042c4       0x74 ./Core/Src/menulcd.o
                0x080042c4                X_count
 .text.Y_count  0x08004338       0x74 ./Core/Src/menulcd.o
                0x08004338                Y_count
 .text.Z_count  0x080043ac       0x74 ./Core/Src/menulcd.o
                0x080043ac                Z_count
 .text.menu_4   0x08004420       0x78 ./Core/Src/menulcd.o
                0x08004420                menu_4
 .text.select_menu4
                0x08004498       0x28 ./Core/Src/menulcd.o
                0x08004498                select_menu4
 .text.speedXY_count
                0x080044c0       0x80 ./Core/Src/menulcd.o
                0x080044c0                speedXY_count
 .text.speedZ_count
                0x08004540       0x80 ./Core/Src/menulcd.o
                0x08004540                speedZ_count
 .text.updateButtonState
                0x080045c0       0x30 ./Core/Src/menulcd.o
                0x080045c0                updateButtonState
 .text.HAL_GPIO_EXTI_Callback
                0x080045f0       0x54 ./Core/Src/menulcd.o
                0x080045f0                HAL_GPIO_EXTI_Callback
 .text.ButtonTask
                0x08004644      0x1e8 ./Core/Src/menulcd.o
                0x08004644                ButtonTask
 .text.handle_up_button_press
                0x0800482c       0x94 ./Core/Src/menulcd.o
                0x0800482c                handle_up_button_press
 .text.handle_down_button_press
                0x080048c0       0x94 ./Core/Src/menulcd.o
                0x080048c0                handle_down_button_press
 .text.handle_back_button_press
                0x08004954      0x15c ./Core/Src/menulcd.o
                0x08004954                handle_back_button_press
 .text.handle_select_button_press
                0x08004ab0       0xfc ./Core/Src/menulcd.o
                0x08004ab0                handle_select_button_press
 .text.handle_reset_button_press
                0x08004bac       0x20 ./Core/Src/menulcd.o
                0x08004bac                handle_reset_button_press
 .text.handle_start_button_press
                0x08004bcc       0x4c ./Core/Src/menulcd.o
                0x08004bcc                handle_start_button_press
 .text.handle_stop_button_press
                0x08004c18       0x38 ./Core/Src/menulcd.o
                0x08004c18                handle_stop_button_press
 .text.resetProgram
                0x08004c50      0x1ec ./Core/Src/menulcd.o
                0x08004c50                resetProgram
 .text.StopProgram
                0x08004e3c       0x30 ./Core/Src/menulcd.o
                0x08004e3c                StopProgram
 .text.StartProgram
                0x08004e6c       0x44 ./Core/Src/menulcd.o
                0x08004e6c                StartProgram
 .text.HAL_MspInit
                0x08004eb0       0x68 ./Core/Src/stm32f4xx_hal_msp.o
                0x08004eb0                HAL_MspInit
 .text.NMI_Handler
                0x08004f18        0x8 ./Core/Src/stm32f4xx_it.o
                0x08004f18                NMI_Handler
 .text.HardFault_Handler
                0x08004f20        0x8 ./Core/Src/stm32f4xx_it.o
                0x08004f20                HardFault_Handler
 .text.MemManage_Handler
                0x08004f28        0x8 ./Core/Src/stm32f4xx_it.o
                0x08004f28                MemManage_Handler
 .text.BusFault_Handler
                0x08004f30        0x8 ./Core/Src/stm32f4xx_it.o
                0x08004f30                BusFault_Handler
 .text.UsageFault_Handler
                0x08004f38        0x8 ./Core/Src/stm32f4xx_it.o
                0x08004f38                UsageFault_Handler
 .text.DebugMon_Handler
                0x08004f40        0xe ./Core/Src/stm32f4xx_it.o
                0x08004f40                DebugMon_Handler
 .text.SysTick_Handler
                0x08004f4e       0x1a ./Core/Src/stm32f4xx_it.o
                0x08004f4e                SysTick_Handler
 .text.PVD_IRQHandler
                0x08004f68        0xc ./Core/Src/stm32f4xx_it.o
                0x08004f68                PVD_IRQHandler
 .text.EXTI4_IRQHandler
                0x08004f74        0xe ./Core/Src/stm32f4xx_it.o
                0x08004f74                EXTI4_IRQHandler
 *fill*         0x08004f82        0x2 
 .text.DMA1_Stream5_IRQHandler
                0x08004f84       0x14 ./Core/Src/stm32f4xx_it.o
                0x08004f84                DMA1_Stream5_IRQHandler
 .text.ADC_IRQHandler
                0x08004f98       0x14 ./Core/Src/stm32f4xx_it.o
                0x08004f98                ADC_IRQHandler
 .text.EXTI9_5_IRQHandler
                0x08004fac       0x1c ./Core/Src/stm32f4xx_it.o
                0x08004fac                EXTI9_5_IRQHandler
 .text.TIM1_BRK_TIM9_IRQHandler
                0x08004fc8       0x14 ./Core/Src/stm32f4xx_it.o
                0x08004fc8                TIM1_BRK_TIM9_IRQHandler
 .text.TIM2_IRQHandler
                0x08004fdc       0x14 ./Core/Src/stm32f4xx_it.o
                0x08004fdc                TIM2_IRQHandler
 .text.TIM3_IRQHandler
                0x08004ff0       0x14 ./Core/Src/stm32f4xx_it.o
                0x08004ff0                TIM3_IRQHandler
 .text.TIM4_IRQHandler
                0x08005004       0x14 ./Core/Src/stm32f4xx_it.o
                0x08005004                TIM4_IRQHandler
 .text.I2C1_EV_IRQHandler
                0x08005018       0x14 ./Core/Src/stm32f4xx_it.o
                0x08005018                I2C1_EV_IRQHandler
 .text.I2C1_ER_IRQHandler
                0x0800502c       0x14 ./Core/Src/stm32f4xx_it.o
                0x0800502c                I2C1_ER_IRQHandler
 .text.USART2_IRQHandler
                0x08005040       0x14 ./Core/Src/stm32f4xx_it.o
                0x08005040                USART2_IRQHandler
 .text.EXTI15_10_IRQHandler
                0x08005054       0x20 ./Core/Src/stm32f4xx_it.o
                0x08005054                EXTI15_10_IRQHandler
 .text.TIM5_IRQHandler
                0x08005074       0x14 ./Core/Src/stm32f4xx_it.o
                0x08005074                TIM5_IRQHandler
 .text.TIM6_DAC_IRQHandler
                0x08005088       0x14 ./Core/Src/stm32f4xx_it.o
                0x08005088                TIM6_DAC_IRQHandler
 .text.DMA2_Stream0_IRQHandler
                0x0800509c       0x14 ./Core/Src/stm32f4xx_it.o
                0x0800509c                DMA2_Stream0_IRQHandler
 .text._getpid  0x080050b0       0x10 ./Core/Src/syscalls.o
                0x080050b0                _getpid
 .text._kill    0x080050c0       0x20 ./Core/Src/syscalls.o
                0x080050c0                _kill
 .text._exit    0x080050e0       0x16 ./Core/Src/syscalls.o
                0x080050e0                _exit
 .text._read    0x080050f6       0x3a ./Core/Src/syscalls.o
                0x080050f6                _read
 .text._close   0x08005130       0x18 ./Core/Src/syscalls.o
                0x08005130                _close
 .text._fstat   0x08005148       0x20 ./Core/Src/syscalls.o
                0x08005148                _fstat
 .text._isatty  0x08005168       0x16 ./Core/Src/syscalls.o
                0x08005168                _isatty
 .text._lseek   0x0800517e       0x1a ./Core/Src/syscalls.o
                0x0800517e                _lseek
 .text._sbrk    0x08005198       0x6c ./Core/Src/sysmem.o
                0x08005198                _sbrk
 .text.SystemInit
                0x08005204       0x24 ./Core/Src/system_stm32f4xx.o
                0x08005204                SystemInit
 .text.MX_TIM1_Init
                0x08005228       0xa0 ./Core/Src/tim.o
                0x08005228                MX_TIM1_Init
 .text.MX_TIM2_Init
                0x080052c8       0x98 ./Core/Src/tim.o
                0x080052c8                MX_TIM2_Init
 .text.MX_TIM3_Init
                0x08005360       0x9c ./Core/Src/tim.o
                0x08005360                MX_TIM3_Init
 .text.MX_TIM4_Init
                0x080053fc       0x9c ./Core/Src/tim.o
                0x080053fc                MX_TIM4_Init
 .text.MX_TIM5_Init
                0x08005498       0x9c ./Core/Src/tim.o
                0x08005498                MX_TIM5_Init
 .text.MX_TIM6_Init
                0x08005534       0x6c ./Core/Src/tim.o
                0x08005534                MX_TIM6_Init
 .text.HAL_TIM_Base_MspInit
                0x080055a0      0x178 ./Core/Src/tim.o
                0x080055a0                HAL_TIM_Base_MspInit
 .text.MX_USART2_UART_Init
                0x08005718       0x54 ./Core/Src/usart.o
                0x08005718                MX_USART2_UART_Init
 .text.MX_DMA_UART_Init
                0x0800576c       0x40 ./Core/Src/usart.o
                0x0800576c                MX_DMA_UART_Init
 .text.HAL_UART_MspInit
                0x080057ac      0x104 ./Core/Src/usart.o
                0x080057ac                HAL_UART_MspInit
 .text._write   0x080058b0       0x28 ./Core/Src/usart.o
                0x080058b0                _write
 .text.Reset_Handler
                0x080058d8       0x50 ./Core/Startup/startup_stm32f407vetx.o
                0x080058d8                Reset_Handler
 .text.Default_Handler
                0x08005928        0x2 ./Core/Startup/startup_stm32f407vetx.o
                0x08005928                RTC_Alarm_IRQHandler
                0x08005928                HASH_RNG_IRQHandler
                0x08005928                EXTI2_IRQHandler
                0x08005928                TIM8_CC_IRQHandler
                0x08005928                TIM1_CC_IRQHandler
                0x08005928                DMA2_Stream5_IRQHandler
                0x08005928                SDIO_IRQHandler
                0x08005928                TAMP_STAMP_IRQHandler
                0x08005928                CAN2_RX1_IRQHandler
                0x08005928                EXTI3_IRQHandler
                0x08005928                TIM8_TRG_COM_TIM14_IRQHandler
                0x08005928                TIM1_UP_TIM10_IRQHandler
                0x08005928                TIM8_UP_TIM13_IRQHandler
                0x08005928                I2C3_ER_IRQHandler
                0x08005928                EXTI0_IRQHandler
                0x08005928                I2C2_EV_IRQHandler
                0x08005928                DMA1_Stream2_IRQHandler
                0x08005928                CAN1_RX0_IRQHandler
                0x08005928                FPU_IRQHandler
                0x08005928                OTG_HS_WKUP_IRQHandler
                0x08005928                CAN2_SCE_IRQHandler
                0x08005928                DMA2_Stream2_IRQHandler
                0x08005928                SPI1_IRQHandler
                0x08005928                DCMI_IRQHandler
                0x08005928                CAN2_RX0_IRQHandler
                0x08005928                DMA2_Stream3_IRQHandler
                0x08005928                USART6_IRQHandler
                0x08005928                USART3_IRQHandler
                0x08005928                CAN1_RX1_IRQHandler
                0x08005928                UART5_IRQHandler
                0x08005928                DMA1_Stream6_IRQHandler
                0x08005928                DMA1_Stream1_IRQHandler
                0x08005928                UART4_IRQHandler
                0x08005928                RCC_IRQHandler
                0x08005928                TIM8_BRK_TIM12_IRQHandler
                0x08005928                Default_Handler
                0x08005928                DMA1_Stream7_IRQHandler
                0x08005928                TIM7_IRQHandler
                0x08005928                CAN2_TX_IRQHandler
                0x08005928                DMA2_Stream7_IRQHandler
                0x08005928                I2C3_EV_IRQHandler
                0x08005928                RTC_WKUP_IRQHandler
                0x08005928                ETH_WKUP_IRQHandler
                0x08005928                SPI2_IRQHandler
                0x08005928                OTG_HS_EP1_IN_IRQHandler
                0x08005928                DMA1_Stream0_IRQHandler
                0x08005928                CAN1_TX_IRQHandler
                0x08005928                FSMC_IRQHandler
                0x08005928                ETH_IRQHandler
                0x08005928                OTG_HS_EP1_OUT_IRQHandler
                0x08005928                WWDG_IRQHandler
                0x08005928                OTG_FS_WKUP_IRQHandler
                0x08005928                TIM1_TRG_COM_TIM11_IRQHandler
                0x08005928                OTG_HS_IRQHandler
                0x08005928                EXTI1_IRQHandler
                0x08005928                I2C2_ER_IRQHandler
                0x08005928                DMA2_Stream1_IRQHandler
                0x08005928                CAN1_SCE_IRQHandler
                0x08005928                FLASH_IRQHandler
                0x08005928                DMA2_Stream4_IRQHandler
                0x08005928                USART1_IRQHandler
                0x08005928                OTG_FS_IRQHandler
                0x08005928                SPI3_IRQHandler
                0x08005928                DMA1_Stream4_IRQHandler
                0x08005928                DMA2_Stream6_IRQHandler
                0x08005928                DMA1_Stream3_IRQHandler
 *fill*         0x0800592a        0x2 
 .text.HAL_Init
                0x0800592c       0x44 ./Drivers/STM32F4xx_HAL_Driver/Src/stm32f4xx_hal.o
                0x0800592c                HAL_Init
 .text.HAL_InitTick
                0x08005970       0x60 ./Drivers/STM32F4xx_HAL_Driver/Src/stm32f4xx_hal.o
                0x08005970                HAL_InitTick
 .text.HAL_IncTick
                0x080059d0       0x28 ./Drivers/STM32F4xx_HAL_Driver/Src/stm32f4xx_hal.o
                0x080059d0                HAL_IncTick
 .text.HAL_GetTick
                0x080059f8       0x18 ./Drivers/STM32F4xx_HAL_Driver/Src/stm32f4xx_hal.o
                0x080059f8                HAL_GetTick
 .text.HAL_Delay
                0x08005a10       0x48 ./Drivers/STM32F4xx_HAL_Driver/Src/stm32f4xx_hal.o
                0x08005a10                HAL_Delay
 .text.HAL_ADC_Init
                0x08005a58       0x86 ./Drivers/STM32F4xx_HAL_Driver/Src/stm32f4xx_hal_adc.o
                0x08005a58                HAL_ADC_Init
 *fill*         0x08005ade        0x2 
 .text.HAL_ADC_Start
                0x08005ae0      0x1a4 ./Drivers/STM32F4xx_HAL_Driver/Src/stm32f4xx_hal_adc.o
                0x08005ae0                HAL_ADC_Start
 .text.HAL_ADC_Stop
                0x08005c84       0x66 ./Drivers/STM32F4xx_HAL_Driver/Src/stm32f4xx_hal_adc.o
                0x08005c84                HAL_ADC_Stop
 .text.HAL_ADC_PollForConversion
                0x08005cea      0x116 ./Drivers/STM32F4xx_HAL_Driver/Src/stm32f4xx_hal_adc.o
                0x08005cea                HAL_ADC_PollForConversion
 .text.HAL_ADC_IRQHandler
                0x08005e00      0x220 ./Drivers/STM32F4xx_HAL_Driver/Src/stm32f4xx_hal_adc.o
                0x08005e00                HAL_ADC_IRQHandler
 .text.HAL_ADC_GetValue
                0x08006020       0x1a ./Drivers/STM32F4xx_HAL_Driver/Src/stm32f4xx_hal_adc.o
                0x08006020                HAL_ADC_GetValue
 .text.HAL_ADC_ConvCpltCallback
                0x0800603a       0x14 ./Drivers/STM32F4xx_HAL_Driver/Src/stm32f4xx_hal_adc.o
                0x0800603a                HAL_ADC_ConvCpltCallback
 .text.HAL_ADC_LevelOutOfWindowCallback
                0x0800604e       0x14 ./Drivers/STM32F4xx_HAL_Driver/Src/stm32f4xx_hal_adc.o
                0x0800604e                HAL_ADC_LevelOutOfWindowCallback
 .text.HAL_ADC_ErrorCallback
                0x08006062       0x14 ./Drivers/STM32F4xx_HAL_Driver/Src/stm32f4xx_hal_adc.o
                0x08006062                HAL_ADC_ErrorCallback
 *fill*         0x08006076        0x2 
 .text.HAL_ADC_ConfigChannel
                0x08006078      0x244 ./Drivers/STM32F4xx_HAL_Driver/Src/stm32f4xx_hal_adc.o
                0x08006078                HAL_ADC_ConfigChannel
 .text.ADC_Init
                0x080062bc      0x1f8 ./Drivers/STM32F4xx_HAL_Driver/Src/stm32f4xx_hal_adc.o
 .text.HAL_ADCEx_InjectedConvCpltCallback
                0x080064b4       0x14 ./Drivers/STM32F4xx_HAL_Driver/Src/stm32f4xx_hal_adc_ex.o
                0x080064b4                HAL_ADCEx_InjectedConvCpltCallback
 .text.__NVIC_SetPriorityGrouping
                0x080064c8       0x48 ./Drivers/STM32F4xx_HAL_Driver/Src/stm32f4xx_hal_cortex.o
 .text.__NVIC_GetPriorityGrouping
                0x08006510       0x1c ./Drivers/STM32F4xx_HAL_Driver/Src/stm32f4xx_hal_cortex.o
 .text.__NVIC_EnableIRQ
                0x0800652c       0x3c ./Drivers/STM32F4xx_HAL_Driver/Src/stm32f4xx_hal_cortex.o
 .text.__NVIC_SetPriority
                0x08006568       0x54 ./Drivers/STM32F4xx_HAL_Driver/Src/stm32f4xx_hal_cortex.o
 .text.NVIC_EncodePriority
                0x080065bc       0x66 ./Drivers/STM32F4xx_HAL_Driver/Src/stm32f4xx_hal_cortex.o
 *fill*         0x08006622        0x2 
 .text.SysTick_Config
                0x08006624       0x44 ./Drivers/STM32F4xx_HAL_Driver/Src/stm32f4xx_hal_cortex.o
 .text.HAL_NVIC_SetPriorityGrouping
                0x08006668       0x16 ./Drivers/STM32F4xx_HAL_Driver/Src/stm32f4xx_hal_cortex.o
                0x08006668                HAL_NVIC_SetPriorityGrouping
 .text.HAL_NVIC_SetPriority
                0x0800667e       0x38 ./Drivers/STM32F4xx_HAL_Driver/Src/stm32f4xx_hal_cortex.o
                0x0800667e                HAL_NVIC_SetPriority
 .text.HAL_NVIC_EnableIRQ
                0x080066b6       0x1c ./Drivers/STM32F4xx_HAL_Driver/Src/stm32f4xx_hal_cortex.o
                0x080066b6                HAL_NVIC_EnableIRQ
 .text.HAL_SYSTICK_Config
                0x080066d2       0x18 ./Drivers/STM32F4xx_HAL_Driver/Src/stm32f4xx_hal_cortex.o
                0x080066d2                HAL_SYSTICK_Config
 *fill*         0x080066ea        0x2 
 .text.HAL_DMA_Init
                0x080066ec      0x15c ./Drivers/STM32F4xx_HAL_Driver/Src/stm32f4xx_hal_dma.o
                0x080066ec                HAL_DMA_Init
 .text.HAL_DMA_Start_IT
                0x08006848       0xb0 ./Drivers/STM32F4xx_HAL_Driver/Src/stm32f4xx_hal_dma.o
                0x08006848                HAL_DMA_Start_IT
 .text.HAL_DMA_Abort
                0x080068f8       0xe0 ./Drivers/STM32F4xx_HAL_Driver/Src/stm32f4xx_hal_dma.o
                0x080068f8                HAL_DMA_Abort
 .text.HAL_DMA_Abort_IT
                0x080069d8       0x44 ./Drivers/STM32F4xx_HAL_Driver/Src/stm32f4xx_hal_dma.o
                0x080069d8                HAL_DMA_Abort_IT
 .text.HAL_DMA_IRQHandler
                0x08006a1c      0x314 ./Drivers/STM32F4xx_HAL_Driver/Src/stm32f4xx_hal_dma.o
                0x08006a1c                HAL_DMA_IRQHandler
 .text.HAL_DMA_GetState
                0x08006d30       0x1c ./Drivers/STM32F4xx_HAL_Driver/Src/stm32f4xx_hal_dma.o
                0x08006d30                HAL_DMA_GetState
 .text.DMA_SetConfig
                0x08006d4c       0x5c ./Drivers/STM32F4xx_HAL_Driver/Src/stm32f4xx_hal_dma.o
 .text.DMA_CalcBaseAndBitshift
                0x08006da8       0x6c ./Drivers/STM32F4xx_HAL_Driver/Src/stm32f4xx_hal_dma.o
 .text.DMA_CheckFifoParam
                0x08006e14       0xf8 ./Drivers/STM32F4xx_HAL_Driver/Src/stm32f4xx_hal_dma.o
 .text.HAL_GPIO_Init
                0x08006f0c      0x338 ./Drivers/STM32F4xx_HAL_Driver/Src/stm32f4xx_hal_gpio.o
                0x08006f0c                HAL_GPIO_Init
 .text.HAL_GPIO_ReadPin
                0x08007244       0x30 ./Drivers/STM32F4xx_HAL_Driver/Src/stm32f4xx_hal_gpio.o
                0x08007244                HAL_GPIO_ReadPin
 .text.HAL_GPIO_WritePin
                0x08007274       0x32 ./Drivers/STM32F4xx_HAL_Driver/Src/stm32f4xx_hal_gpio.o
                0x08007274                HAL_GPIO_WritePin
 .text.HAL_GPIO_TogglePin
                0x080072a6       0x34 ./Drivers/STM32F4xx_HAL_Driver/Src/stm32f4xx_hal_gpio.o
                0x080072a6                HAL_GPIO_TogglePin
 *fill*         0x080072da        0x2 
 .text.HAL_GPIO_EXTI_IRQHandler
                0x080072dc       0x30 ./Drivers/STM32F4xx_HAL_Driver/Src/stm32f4xx_hal_gpio.o
                0x080072dc                HAL_GPIO_EXTI_IRQHandler
 .text.HAL_I2C_Init
                0x0800730c      0x288 ./Drivers/STM32F4xx_HAL_Driver/Src/stm32f4xx_hal_i2c.o
                0x0800730c                HAL_I2C_Init
 .text.I2C_Flush_DR
                0x08007594       0x2a ./Drivers/STM32F4xx_HAL_Driver/Src/stm32f4xx_hal_i2c.o
 *fill*         0x080075be        0x2 
 .text.HAL_I2C_Master_Transmit
                0x080075c0      0x1fc ./Drivers/STM32F4xx_HAL_Driver/Src/stm32f4xx_hal_i2c.o
                0x080075c0                HAL_I2C_Master_Transmit
 .text.HAL_I2C_EV_IRQHandler
                0x080077bc      0x2a6 ./Drivers/STM32F4xx_HAL_Driver/Src/stm32f4xx_hal_i2c.o
                0x080077bc                HAL_I2C_EV_IRQHandler
 .text.HAL_I2C_ER_IRQHandler
                0x08007a62      0x13e ./Drivers/STM32F4xx_HAL_Driver/Src/stm32f4xx_hal_i2c.o
                0x08007a62                HAL_I2C_ER_IRQHandler
 .text.HAL_I2C_MasterTxCpltCallback
                0x08007ba0       0x14 ./Drivers/STM32F4xx_HAL_Driver/Src/stm32f4xx_hal_i2c.o
                0x08007ba0                HAL_I2C_MasterTxCpltCallback
 .text.HAL_I2C_MasterRxCpltCallback
                0x08007bb4       0x14 ./Drivers/STM32F4xx_HAL_Driver/Src/stm32f4xx_hal_i2c.o
                0x08007bb4                HAL_I2C_MasterRxCpltCallback
 .text.HAL_I2C_SlaveTxCpltCallback
                0x08007bc8       0x14 ./Drivers/STM32F4xx_HAL_Driver/Src/stm32f4xx_hal_i2c.o
                0x08007bc8                HAL_I2C_SlaveTxCpltCallback
 .text.HAL_I2C_SlaveRxCpltCallback
                0x08007bdc       0x14 ./Drivers/STM32F4xx_HAL_Driver/Src/stm32f4xx_hal_i2c.o
                0x08007bdc                HAL_I2C_SlaveRxCpltCallback
 .text.HAL_I2C_AddrCallback
                0x08007bf0       0x1c ./Drivers/STM32F4xx_HAL_Driver/Src/stm32f4xx_hal_i2c.o
                0x08007bf0                HAL_I2C_AddrCallback
 .text.HAL_I2C_ListenCpltCallback
                0x08007c0c       0x14 ./Drivers/STM32F4xx_HAL_Driver/Src/stm32f4xx_hal_i2c.o
                0x08007c0c                HAL_I2C_ListenCpltCallback
 .text.HAL_I2C_MemTxCpltCallback
                0x08007c20       0x14 ./Drivers/STM32F4xx_HAL_Driver/Src/stm32f4xx_hal_i2c.o
                0x08007c20                HAL_I2C_MemTxCpltCallback
 .text.HAL_I2C_MemRxCpltCallback
                0x08007c34       0x14 ./Drivers/STM32F4xx_HAL_Driver/Src/stm32f4xx_hal_i2c.o
                0x08007c34                HAL_I2C_MemRxCpltCallback
 .text.HAL_I2C_ErrorCallback
                0x08007c48       0x14 ./Drivers/STM32F4xx_HAL_Driver/Src/stm32f4xx_hal_i2c.o
                0x08007c48                HAL_I2C_ErrorCallback
 .text.HAL_I2C_AbortCpltCallback
                0x08007c5c       0x14 ./Drivers/STM32F4xx_HAL_Driver/Src/stm32f4xx_hal_i2c.o
                0x08007c5c                HAL_I2C_AbortCpltCallback
 .text.I2C_MasterTransmit_TXE
                0x08007c70      0x138 ./Drivers/STM32F4xx_HAL_Driver/Src/stm32f4xx_hal_i2c.o
 .text.I2C_MasterTransmit_BTF
                0x08007da8       0xec ./Drivers/STM32F4xx_HAL_Driver/Src/stm32f4xx_hal_i2c.o
 .text.I2C_MemoryTransmit_TXE_BTF
                0x08007e94      0x130 ./Drivers/STM32F4xx_HAL_Driver/Src/stm32f4xx_hal_i2c.o
 .text.I2C_MasterReceive_RXNE
                0x08007fc4      0x190 ./Drivers/STM32F4xx_HAL_Driver/Src/stm32f4xx_hal_i2c.o
 .text.I2C_MasterReceive_BTF
                0x08008154      0x1ea ./Drivers/STM32F4xx_HAL_Driver/Src/stm32f4xx_hal_i2c.o
 .text.I2C_Master_SB
                0x0800833e      0x10c ./Drivers/STM32F4xx_HAL_Driver/Src/stm32f4xx_hal_i2c.o
 .text.I2C_Master_ADD10
                0x0800844a       0x54 ./Drivers/STM32F4xx_HAL_Driver/Src/stm32f4xx_hal_i2c.o
 .text.I2C_Master_ADDR
                0x0800849e      0x322 ./Drivers/STM32F4xx_HAL_Driver/Src/stm32f4xx_hal_i2c.o
 .text.I2C_SlaveTransmit_TXE
                0x080087c0       0x7a ./Drivers/STM32F4xx_HAL_Driver/Src/stm32f4xx_hal_i2c.o
 .text.I2C_SlaveTransmit_BTF
                0x0800883a       0x42 ./Drivers/STM32F4xx_HAL_Driver/Src/stm32f4xx_hal_i2c.o
 .text.I2C_SlaveReceive_RXNE
                0x0800887c       0x7c ./Drivers/STM32F4xx_HAL_Driver/Src/stm32f4xx_hal_i2c.o
 .text.I2C_SlaveReceive_BTF
                0x080088f8       0x44 ./Drivers/STM32F4xx_HAL_Driver/Src/stm32f4xx_hal_i2c.o
 .text.I2C_Slave_ADDR
                0x0800893c       0x90 ./Drivers/STM32F4xx_HAL_Driver/Src/stm32f4xx_hal_i2c.o
 .text.I2C_Slave_STOPF
                0x080089cc      0x260 ./Drivers/STM32F4xx_HAL_Driver/Src/stm32f4xx_hal_i2c.o
 .text.I2C_Slave_AF
                0x08008c2c       0xe8 ./Drivers/STM32F4xx_HAL_Driver/Src/stm32f4xx_hal_i2c.o
 .text.I2C_ITError
                0x08008d14      0x264 ./Drivers/STM32F4xx_HAL_Driver/Src/stm32f4xx_hal_i2c.o
 .text.I2C_MasterRequestWrite
                0x08008f78      0x104 ./Drivers/STM32F4xx_HAL_Driver/Src/stm32f4xx_hal_i2c.o
 .text.I2C_DMAAbort
                0x0800907c      0x150 ./Drivers/STM32F4xx_HAL_Driver/Src/stm32f4xx_hal_i2c.o
 .text.I2C_WaitOnFlagUntilTimeout
                0x080091cc       0xf4 ./Drivers/STM32F4xx_HAL_Driver/Src/stm32f4xx_hal_i2c.o
 .text.I2C_WaitOnMasterAddressFlagUntilTimeout
                0x080092c0      0x140 ./Drivers/STM32F4xx_HAL_Driver/Src/stm32f4xx_hal_i2c.o
 .text.I2C_WaitOnTXEFlagUntilTimeout
                0x08009400       0x90 ./Drivers/STM32F4xx_HAL_Driver/Src/stm32f4xx_hal_i2c.o
 .text.I2C_WaitOnBTFFlagUntilTimeout
                0x08009490       0x90 ./Drivers/STM32F4xx_HAL_Driver/Src/stm32f4xx_hal_i2c.o
 .text.I2C_WaitOnSTOPRequestThroughIT
                0x08009520       0x64 ./Drivers/STM32F4xx_HAL_Driver/Src/stm32f4xx_hal_i2c.o
 .text.I2C_IsAcknowledgeFailed
                0x08009584       0x5e ./Drivers/STM32F4xx_HAL_Driver/Src/stm32f4xx_hal_i2c.o
 .text.I2C_ConvertOtherXferOptions
                0x080095e2       0x36 ./Drivers/STM32F4xx_HAL_Driver/Src/stm32f4xx_hal_i2c.o
 .text.HAL_PWR_PVD_IRQHandler
                0x08009618       0x24 ./Drivers/STM32F4xx_HAL_Driver/Src/stm32f4xx_hal_pwr.o
                0x08009618                HAL_PWR_PVD_IRQHandler
 .text.HAL_PWR_PVDCallback
                0x0800963c        0xe ./Drivers/STM32F4xx_HAL_Driver/Src/stm32f4xx_hal_pwr.o
                0x0800963c                HAL_PWR_PVDCallback
 *fill*         0x0800964a        0x2 
 .text.HAL_RCC_OscConfig
                0x0800964c      0x4f0 ./Drivers/STM32F4xx_HAL_Driver/Src/stm32f4xx_hal_rcc.o
                0x0800964c                HAL_RCC_OscConfig
 .text.HAL_RCC_ClockConfig
                0x08009b3c      0x1cc ./Drivers/STM32F4xx_HAL_Driver/Src/stm32f4xx_hal_rcc.o
                0x08009b3c                HAL_RCC_ClockConfig
 .text.HAL_RCC_GetSysClockFreq
                0x08009d08      0x20c ./Drivers/STM32F4xx_HAL_Driver/Src/stm32f4xx_hal_rcc.o
                0x08009d08                HAL_RCC_GetSysClockFreq
 .text.HAL_RCC_GetHCLKFreq
                0x08009f14       0x18 ./Drivers/STM32F4xx_HAL_Driver/Src/stm32f4xx_hal_rcc.o
                0x08009f14                HAL_RCC_GetHCLKFreq
 .text.HAL_RCC_GetPCLK1Freq
                0x08009f2c       0x28 ./Drivers/STM32F4xx_HAL_Driver/Src/stm32f4xx_hal_rcc.o
                0x08009f2c                HAL_RCC_GetPCLK1Freq
 .text.HAL_RCC_GetPCLK2Freq
                0x08009f54       0x28 ./Drivers/STM32F4xx_HAL_Driver/Src/stm32f4xx_hal_rcc.o
                0x08009f54                HAL_RCC_GetPCLK2Freq
 .text.HAL_TIM_Base_Init
                0x08009f7c       0x9e ./Drivers/STM32F4xx_HAL_Driver/Src/stm32f4xx_hal_tim.o
                0x08009f7c                HAL_TIM_Base_Init
 *fill*         0x0800a01a        0x2 
 .text.HAL_TIM_Base_Start_IT
                0x0800a01c       0xe0 ./Drivers/STM32F4xx_HAL_Driver/Src/stm32f4xx_hal_tim.o
                0x0800a01c                HAL_TIM_Base_Start_IT
 .text.HAL_TIM_Base_Stop_IT
                0x0800a0fc       0x5e ./Drivers/STM32F4xx_HAL_Driver/Src/stm32f4xx_hal_tim.o
                0x0800a0fc                HAL_TIM_Base_Stop_IT
 .text.HAL_TIM_IRQHandler
                0x0800a15a      0x1e0 ./Drivers/STM32F4xx_HAL_Driver/Src/stm32f4xx_hal_tim.o
                0x0800a15a                HAL_TIM_IRQHandler
 .text.HAL_TIM_ConfigClockSource
                0x0800a33a      0x18e ./Drivers/STM32F4xx_HAL_Driver/Src/stm32f4xx_hal_tim.o
                0x0800a33a                HAL_TIM_ConfigClockSource
 .text.HAL_TIM_OC_DelayElapsedCallback
                0x0800a4c8       0x14 ./Drivers/STM32F4xx_HAL_Driver/Src/stm32f4xx_hal_tim.o
                0x0800a4c8                HAL_TIM_OC_DelayElapsedCallback
 .text.HAL_TIM_IC_CaptureCallback
                0x0800a4dc       0x14 ./Drivers/STM32F4xx_HAL_Driver/Src/stm32f4xx_hal_tim.o
                0x0800a4dc                HAL_TIM_IC_CaptureCallback
 .text.HAL_TIM_PWM_PulseFinishedCallback
                0x0800a4f0       0x14 ./Drivers/STM32F4xx_HAL_Driver/Src/stm32f4xx_hal_tim.o
                0x0800a4f0                HAL_TIM_PWM_PulseFinishedCallback
 .text.HAL_TIM_TriggerCallback
                0x0800a504       0x14 ./Drivers/STM32F4xx_HAL_Driver/Src/stm32f4xx_hal_tim.o
                0x0800a504                HAL_TIM_TriggerCallback
 .text.TIM_Base_SetConfig
                0x0800a518      0x158 ./Drivers/STM32F4xx_HAL_Driver/Src/stm32f4xx_hal_tim.o
                0x0800a518                TIM_Base_SetConfig
 .text.TIM_TI1_ConfigInputStage
                0x0800a670       0x5e ./Drivers/STM32F4xx_HAL_Driver/Src/stm32f4xx_hal_tim.o
 .text.TIM_TI2_ConfigInputStage
                0x0800a6ce       0x60 ./Drivers/STM32F4xx_HAL_Driver/Src/stm32f4xx_hal_tim.o
 .text.TIM_ITRx_SetConfig
                0x0800a72e       0x36 ./Drivers/STM32F4xx_HAL_Driver/Src/stm32f4xx_hal_tim.o
 .text.TIM_ETR_SetConfig
                0x0800a764       0x40 ./Drivers/STM32F4xx_HAL_Driver/Src/stm32f4xx_hal_tim.o
                0x0800a764                TIM_ETR_SetConfig
 .text.HAL_TIMEx_MasterConfigSynchronization
                0x0800a7a4       0xf8 ./Drivers/STM32F4xx_HAL_Driver/Src/stm32f4xx_hal_tim_ex.o
                0x0800a7a4                HAL_TIMEx_MasterConfigSynchronization
 .text.HAL_TIMEx_CommutCallback
                0x0800a89c       0x14 ./Drivers/STM32F4xx_HAL_Driver/Src/stm32f4xx_hal_tim_ex.o
                0x0800a89c                HAL_TIMEx_CommutCallback
 .text.HAL_TIMEx_BreakCallback
                0x0800a8b0       0x14 ./Drivers/STM32F4xx_HAL_Driver/Src/stm32f4xx_hal_tim_ex.o
                0x0800a8b0                HAL_TIMEx_BreakCallback
 .text.HAL_UART_Init
                0x0800a8c4       0xa0 ./Drivers/STM32F4xx_HAL_Driver/Src/stm32f4xx_hal_uart.o
                0x0800a8c4                HAL_UART_Init
 .text.HAL_UART_Transmit
                0x0800a964      0x116 ./Drivers/STM32F4xx_HAL_Driver/Src/stm32f4xx_hal_uart.o
                0x0800a964                HAL_UART_Transmit
 .text.HAL_UART_Transmit_IT
                0x0800aa7a       0x6c ./Drivers/STM32F4xx_HAL_Driver/Src/stm32f4xx_hal_uart.o
                0x0800aa7a                HAL_UART_Transmit_IT
 .text.HAL_UART_Receive_IT
                0x0800aae6       0x4a ./Drivers/STM32F4xx_HAL_Driver/Src/stm32f4xx_hal_uart.o
                0x0800aae6                HAL_UART_Receive_IT
 .text.HAL_UART_Transmit_DMA
                0x0800ab30       0xe0 ./Drivers/STM32F4xx_HAL_Driver/Src/stm32f4xx_hal_uart.o
                0x0800ab30                HAL_UART_Transmit_DMA
 .text.HAL_UART_IRQHandler
                0x0800ac10      0x524 ./Drivers/STM32F4xx_HAL_Driver/Src/stm32f4xx_hal_uart.o
                0x0800ac10                HAL_UART_IRQHandler
 .text.HAL_UART_TxHalfCpltCallback
                0x0800b134       0x14 ./Drivers/STM32F4xx_HAL_Driver/Src/stm32f4xx_hal_uart.o
                0x0800b134                HAL_UART_TxHalfCpltCallback
 .text.HAL_UART_ErrorCallback
                0x0800b148       0x14 ./Drivers/STM32F4xx_HAL_Driver/Src/stm32f4xx_hal_uart.o
                0x0800b148                HAL_UART_ErrorCallback
 .text.HAL_UARTEx_RxEventCallback
                0x0800b15c       0x18 ./Drivers/STM32F4xx_HAL_Driver/Src/stm32f4xx_hal_uart.o
                0x0800b15c                HAL_UARTEx_RxEventCallback
 .text.UART_DMATransmitCplt
                0x0800b174       0x9a ./Drivers/STM32F4xx_HAL_Driver/Src/stm32f4xx_hal_uart.o
 .text.UART_DMATxHalfCplt
                0x0800b20e       0x1c ./Drivers/STM32F4xx_HAL_Driver/Src/stm32f4xx_hal_uart.o
 .text.UART_DMAError
                0x0800b22a       0x94 ./Drivers/STM32F4xx_HAL_Driver/Src/stm32f4xx_hal_uart.o
 .text.UART_WaitOnFlagUntilTimeout
                0x0800b2be       0xb2 ./Drivers/STM32F4xx_HAL_Driver/Src/stm32f4xx_hal_uart.o
 .text.UART_Start_Receive_IT
                0x0800b370       0x74 ./Drivers/STM32F4xx_HAL_Driver/Src/stm32f4xx_hal_uart.o
                0x0800b370                UART_Start_Receive_IT
 .text.UART_EndTxTransfer
                0x0800b3e4       0x50 ./Drivers/STM32F4xx_HAL_Driver/Src/stm32f4xx_hal_uart.o
 .text.UART_EndRxTransfer
                0x0800b434       0xc6 ./Drivers/STM32F4xx_HAL_Driver/Src/stm32f4xx_hal_uart.o
 .text.UART_DMAAbortOnError
                0x0800b4fa       0x28 ./Drivers/STM32F4xx_HAL_Driver/Src/stm32f4xx_hal_uart.o
 .text.UART_Transmit_IT
                0x0800b522       0xa0 ./Drivers/STM32F4xx_HAL_Driver/Src/stm32f4xx_hal_uart.o
 .text.UART_EndTransmit_IT
                0x0800b5c2       0x30 ./Drivers/STM32F4xx_HAL_Driver/Src/stm32f4xx_hal_uart.o
 .text.UART_Receive_IT
                0x0800b5f2      0x17c ./Drivers/STM32F4xx_HAL_Driver/Src/stm32f4xx_hal_uart.o
 *fill*         0x0800b76e        0x2 
 .text.UART_SetConfig
                0x0800b770      0x4e8 ./Drivers/STM32F4xx_HAL_Driver/Src/stm32f4xx_hal_uart.o
 .text.__NVIC_SetPriority
                0x0800bc58       0x54 ./Middlewares/Third_Party/FreeRTOS/Source/CMSIS_RTOS_V2/cmsis_os2.o
 .text.SVC_Setup
                0x0800bcac       0x12 ./Middlewares/Third_Party/FreeRTOS/Source/CMSIS_RTOS_V2/cmsis_os2.o
 *fill*         0x0800bcbe        0x2 
 .text.osKernelInitialize
                0x0800bcc0       0x48 ./Middlewares/Third_Party/FreeRTOS/Source/CMSIS_RTOS_V2/cmsis_os2.o
                0x0800bcc0                osKernelInitialize
 .text.osKernelStart
                0x0800bd08       0x4c ./Middlewares/Third_Party/FreeRTOS/Source/CMSIS_RTOS_V2/cmsis_os2.o
                0x0800bd08                osKernelStart
 .text.osThreadNew
                0x0800bd54      0x124 ./Middlewares/Third_Party/FreeRTOS/Source/CMSIS_RTOS_V2/cmsis_os2.o
                0x0800bd54                osThreadNew
 .text.osDelay  0x0800be78       0x36 ./Middlewares/Third_Party/FreeRTOS/Source/CMSIS_RTOS_V2/cmsis_os2.o
                0x0800be78                osDelay
 .text.osMutexNew
                0x0800beae      0x10c ./Middlewares/Third_Party/FreeRTOS/Source/CMSIS_RTOS_V2/cmsis_os2.o
                0x0800beae                osMutexNew
 .text.osMutexAcquire
                0x0800bfba       0x96 ./Middlewares/Third_Party/FreeRTOS/Source/CMSIS_RTOS_V2/cmsis_os2.o
                0x0800bfba                osMutexAcquire
 .text.osMutexRelease
                0x0800c050       0x7a ./Middlewares/Third_Party/FreeRTOS/Source/CMSIS_RTOS_V2/cmsis_os2.o
                0x0800c050                osMutexRelease
 .text.osSemaphoreNew
                0x0800c0ca      0x112 ./Middlewares/Third_Party/FreeRTOS/Source/CMSIS_RTOS_V2/cmsis_os2.o
                0x0800c0ca                osSemaphoreNew
 .text.osSemaphoreAcquire
                0x0800c1dc       0xa4 ./Middlewares/Third_Party/FreeRTOS/Source/CMSIS_RTOS_V2/cmsis_os2.o
                0x0800c1dc                osSemaphoreAcquire
 .text.osSemaphoreRelease
                0x0800c280       0x88 ./Middlewares/Third_Party/FreeRTOS/Source/CMSIS_RTOS_V2/cmsis_os2.o
                0x0800c280                osSemaphoreRelease
 .text.vApplicationGetIdleTaskMemory
                0x0800c308       0x34 ./Middlewares/Third_Party/FreeRTOS/Source/CMSIS_RTOS_V2/cmsis_os2.o
                0x0800c308                vApplicationGetIdleTaskMemory
 .text.vApplicationGetTimerTaskMemory
                0x0800c33c       0x34 ./Middlewares/Third_Party/FreeRTOS/Source/CMSIS_RTOS_V2/cmsis_os2.o
                0x0800c33c                vApplicationGetTimerTaskMemory
 .text.vListInitialise
                0x0800c370       0x40 ./Middlewares/Third_Party/FreeRTOS/Source/list.o
                0x0800c370                vListInitialise
 .text.vListInitialiseItem
                0x0800c3b0       0x1a ./Middlewares/Third_Party/FreeRTOS/Source/list.o
                0x0800c3b0                vListInitialiseItem
 .text.vListInsertEnd
                0x0800c3ca       0x48 ./Middlewares/Third_Party/FreeRTOS/Source/list.o
                0x0800c3ca                vListInsertEnd
 .text.vListInsert
                0x0800c412       0x72 ./Middlewares/Third_Party/FreeRTOS/Source/list.o
                0x0800c412                vListInsert
 .text.uxListRemove
                0x0800c484       0x54 ./Middlewares/Third_Party/FreeRTOS/Source/list.o
                0x0800c484                uxListRemove
 .text.xQueueGenericReset
                0x0800c4d8       0xd4 ./Middlewares/Third_Party/FreeRTOS/Source/queue.o
                0x0800c4d8                xQueueGenericReset
 .text.xQueueGenericCreateStatic
                0x0800c5ac       0xfa ./Middlewares/Third_Party/FreeRTOS/Source/queue.o
                0x0800c5ac                xQueueGenericCreateStatic
 .text.xQueueGenericCreate
                0x0800c6a6       0x76 ./Middlewares/Third_Party/FreeRTOS/Source/queue.o
                0x0800c6a6                xQueueGenericCreate
 .text.prvInitialiseNewQueue
                0x0800c71c       0x46 ./Middlewares/Third_Party/FreeRTOS/Source/queue.o
 .text.prvInitialiseMutex
                0x0800c762       0x34 ./Middlewares/Third_Party/FreeRTOS/Source/queue.o
 .text.xQueueCreateMutex
                0x0800c796       0x30 ./Middlewares/Third_Party/FreeRTOS/Source/queue.o
                0x0800c796                xQueueCreateMutex
 .text.xQueueCreateMutexStatic
                0x0800c7c6       0x36 ./Middlewares/Third_Party/FreeRTOS/Source/queue.o
                0x0800c7c6                xQueueCreateMutexStatic
 .text.xQueueGiveMutexRecursive
                0x0800c7fc       0x6a ./Middlewares/Third_Party/FreeRTOS/Source/queue.o
                0x0800c7fc                xQueueGiveMutexRecursive
 .text.xQueueTakeMutexRecursive
                0x0800c866       0x6e ./Middlewares/Third_Party/FreeRTOS/Source/queue.o
                0x0800c866                xQueueTakeMutexRecursive
 .text.xQueueCreateCountingSemaphoreStatic
                0x0800c8d4       0x72 ./Middlewares/Third_Party/FreeRTOS/Source/queue.o
                0x0800c8d4                xQueueCreateCountingSemaphoreStatic
 .text.xQueueCreateCountingSemaphore
                0x0800c946       0x6a ./Middlewares/Third_Party/FreeRTOS/Source/queue.o
                0x0800c946                xQueueCreateCountingSemaphore
 .text.xQueueGenericSend
                0x0800c9b0      0x204 ./Middlewares/Third_Party/FreeRTOS/Source/queue.o
                0x0800c9b0                xQueueGenericSend
 .text.xQueueGenericSendFromISR
                0x0800cbb4      0x13c ./Middlewares/Third_Party/FreeRTOS/Source/queue.o
                0x0800cbb4                xQueueGenericSendFromISR
 .text.xQueueGiveFromISR
                0x0800ccf0      0x120 ./Middlewares/Third_Party/FreeRTOS/Source/queue.o
                0x0800ccf0                xQueueGiveFromISR
 .text.xQueueReceive
                0x0800ce10      0x1c4 ./Middlewares/Third_Party/FreeRTOS/Source/queue.o
                0x0800ce10                xQueueReceive
 .text.xQueueSemaphoreTake
                0x0800cfd4      0x220 ./Middlewares/Third_Party/FreeRTOS/Source/queue.o
                0x0800cfd4                xQueueSemaphoreTake
 .text.xQueueReceiveFromISR
                0x0800d1f4      0x104 ./Middlewares/Third_Party/FreeRTOS/Source/queue.o
                0x0800d1f4                xQueueReceiveFromISR
 .text.vQueueDelete
                0x0800d2f8       0x48 ./Middlewares/Third_Party/FreeRTOS/Source/queue.o
                0x0800d2f8                vQueueDelete
 .text.prvGetDisinheritPriorityAfterTimeout
                0x0800d340       0x30 ./Middlewares/Third_Party/FreeRTOS/Source/queue.o
 .text.prvCopyDataToQueue
                0x0800d370       0xd4 ./Middlewares/Third_Party/FreeRTOS/Source/queue.o
 .text.prvCopyDataFromQueue
                0x0800d444       0x4c ./Middlewares/Third_Party/FreeRTOS/Source/queue.o
 .text.prvUnlockQueue
                0x0800d490       0xa4 ./Middlewares/Third_Party/FreeRTOS/Source/queue.o
 .text.prvIsQueueEmpty
                0x0800d534       0x2c ./Middlewares/Third_Party/FreeRTOS/Source/queue.o
 .text.prvIsQueueFull
                0x0800d560       0x30 ./Middlewares/Third_Party/FreeRTOS/Source/queue.o
 .text.vQueueAddToRegistry
                0x0800d590       0x54 ./Middlewares/Third_Party/FreeRTOS/Source/queue.o
                0x0800d590                vQueueAddToRegistry
 .text.vQueueUnregisterQueue
                0x0800d5e4       0x54 ./Middlewares/Third_Party/FreeRTOS/Source/queue.o
                0x0800d5e4                vQueueUnregisterQueue
 .text.vQueueWaitForMessageRestricted
                0x0800d638       0x68 ./Middlewares/Third_Party/FreeRTOS/Source/queue.o
                0x0800d638                vQueueWaitForMessageRestricted
 .text.xTaskCreateStatic
                0x0800d6a0       0xc0 ./Middlewares/Third_Party/FreeRTOS/Source/tasks.o
                0x0800d6a0                xTaskCreateStatic
 .text.xTaskCreate
                0x0800d760       0x8a ./Middlewares/Third_Party/FreeRTOS/Source/tasks.o
                0x0800d760                xTaskCreate
 .text.prvInitialiseNewTask
                0x0800d7ea      0x120 ./Middlewares/Third_Party/FreeRTOS/Source/tasks.o
 *fill*         0x0800d90a        0x2 
 .text.prvAddNewTaskToReadyList
                0x0800d90c       0xe0 ./Middlewares/Third_Party/FreeRTOS/Source/tasks.o
 .text.vTaskDelay
                0x0800d9ec       0x6c ./Middlewares/Third_Party/FreeRTOS/Source/tasks.o
                0x0800d9ec                vTaskDelay
 .text.vTaskStartScheduler
                0x0800da58       0xd0 ./Middlewares/Third_Party/FreeRTOS/Source/tasks.o
                0x0800da58                vTaskStartScheduler
 .text.vTaskSuspendAll
                0x0800db28       0x1c ./Middlewares/Third_Party/FreeRTOS/Source/tasks.o
                0x0800db28                vTaskSuspendAll
 .text.xTaskResumeAll
                0x0800db44      0x13c ./Middlewares/Third_Party/FreeRTOS/Source/tasks.o
                0x0800db44                xTaskResumeAll
 .text.xTaskGetTickCount
                0x0800dc80       0x20 ./Middlewares/Third_Party/FreeRTOS/Source/tasks.o
                0x0800dc80                xTaskGetTickCount
 .text.xTaskIncrementTick
                0x0800dca0      0x174 ./Middlewares/Third_Party/FreeRTOS/Source/tasks.o
                0x0800dca0                xTaskIncrementTick
 .text.vTaskSwitchContext
                0x0800de14       0xbc ./Middlewares/Third_Party/FreeRTOS/Source/tasks.o
                0x0800de14                vTaskSwitchContext
 .text.vTaskPlaceOnEventList
                0x0800ded0       0x4c ./Middlewares/Third_Party/FreeRTOS/Source/tasks.o
                0x0800ded0                vTaskPlaceOnEventList
 .text.vTaskPlaceOnEventListRestricted
                0x0800df1c       0x58 ./Middlewares/Third_Party/FreeRTOS/Source/tasks.o
                0x0800df1c                vTaskPlaceOnEventListRestricted
 .text.xTaskRemoveFromEventList
                0x0800df74       0xc8 ./Middlewares/Third_Party/FreeRTOS/Source/tasks.o
                0x0800df74                xTaskRemoveFromEventList
 .text.vTaskInternalSetTimeOutState
                0x0800e03c       0x2c ./Middlewares/Third_Party/FreeRTOS/Source/tasks.o
                0x0800e03c                vTaskInternalSetTimeOutState
 .text.xTaskCheckForTimeOut
                0x0800e068       0xc8 ./Middlewares/Third_Party/FreeRTOS/Source/tasks.o
                0x0800e068                xTaskCheckForTimeOut
 .text.vTaskMissedYield
                0x0800e130       0x18 ./Middlewares/Third_Party/FreeRTOS/Source/tasks.o
                0x0800e130                vTaskMissedYield
 .text.prvIdleTask
                0x0800e148       0x30 ./Middlewares/Third_Party/FreeRTOS/Source/tasks.o
 .text.prvInitialiseTaskLists
                0x0800e178       0x80 ./Middlewares/Third_Party/FreeRTOS/Source/tasks.o
 .text.prvCheckTasksWaitingTermination
                0x0800e1f8       0x5c ./Middlewares/Third_Party/FreeRTOS/Source/tasks.o
 .text.prvDeleteTCB
                0x0800e254       0x60 ./Middlewares/Third_Party/FreeRTOS/Source/tasks.o
 .text.prvResetNextTaskUnblockTime
                0x0800e2b4       0x40 ./Middlewares/Third_Party/FreeRTOS/Source/tasks.o
 .text.xTaskGetCurrentTaskHandle
                0x0800e2f4       0x20 ./Middlewares/Third_Party/FreeRTOS/Source/tasks.o
                0x0800e2f4                xTaskGetCurrentTaskHandle
 .text.xTaskGetSchedulerState
                0x0800e314       0x3c ./Middlewares/Third_Party/FreeRTOS/Source/tasks.o
                0x0800e314                xTaskGetSchedulerState
 .text.xTaskPriorityInherit
                0x0800e350       0xd0 ./Middlewares/Third_Party/FreeRTOS/Source/tasks.o
                0x0800e350                xTaskPriorityInherit
 .text.xTaskPriorityDisinherit
                0x0800e420       0xe0 ./Middlewares/Third_Party/FreeRTOS/Source/tasks.o
                0x0800e420                xTaskPriorityDisinherit
 .text.vTaskPriorityDisinheritAfterTimeout
                0x0800e500      0x108 ./Middlewares/Third_Party/FreeRTOS/Source/tasks.o
                0x0800e500                vTaskPriorityDisinheritAfterTimeout
 .text.pvTaskIncrementMutexHeldCount
                0x0800e608       0x28 ./Middlewares/Third_Party/FreeRTOS/Source/tasks.o
                0x0800e608                pvTaskIncrementMutexHeldCount
 .text.prvAddCurrentTaskToDelayedList
                0x0800e630       0xa8 ./Middlewares/Third_Party/FreeRTOS/Source/tasks.o
 .text.xTimerCreateTimerTask
                0x0800e6d8       0x94 ./Middlewares/Third_Party/FreeRTOS/Source/timers.o
                0x0800e6d8                xTimerCreateTimerTask
 .text.xTimerGenericCommand
                0x0800e76c       0x9c ./Middlewares/Third_Party/FreeRTOS/Source/timers.o
                0x0800e76c                xTimerGenericCommand
 .text.prvProcessExpiredTimer
                0x0800e808       0x9c ./Middlewares/Third_Party/FreeRTOS/Source/timers.o
 .text.prvTimerTask
                0x0800e8a4       0x26 ./Middlewares/Third_Party/FreeRTOS/Source/timers.o
 *fill*         0x0800e8ca        0x2 
 .text.prvProcessTimerOrBlockTask
                0x0800e8cc       0x9c ./Middlewares/Third_Party/FreeRTOS/Source/timers.o
 .text.prvGetNextExpireTime
                0x0800e968       0x48 ./Middlewares/Third_Party/FreeRTOS/Source/timers.o
 .text.prvSampleTimeNow
                0x0800e9b0       0x40 ./Middlewares/Third_Party/FreeRTOS/Source/timers.o
 .text.prvInsertTimerInActiveList
                0x0800e9f0       0x84 ./Middlewares/Third_Party/FreeRTOS/Source/timers.o
 .text.prvProcessReceivedCommands
                0x0800ea74      0x1cc ./Middlewares/Third_Party/FreeRTOS/Source/timers.o
 .text.prvSwitchTimerLists
                0x0800ec40       0xcc ./Middlewares/Third_Party/FreeRTOS/Source/timers.o
 .text.prvCheckForValidListAndQueue
                0x0800ed0c       0x80 ./Middlewares/Third_Party/FreeRTOS/Source/timers.o
 .text.pxPortInitialiseStack
                0x0800ed8c       0x68 ./Middlewares/Third_Party/FreeRTOS/Source/portable/GCC/ARM_CM4F/port.o
                0x0800ed8c                pxPortInitialiseStack
 .text.prvTaskExitError
                0x0800edf4       0x5c ./Middlewares/Third_Party/FreeRTOS/Source/portable/GCC/ARM_CM4F/port.o
 .text.SVC_Handler
                0x0800ee50       0x28 ./Middlewares/Third_Party/FreeRTOS/Source/portable/GCC/ARM_CM4F/port.o
                0x0800ee50                SVC_Handler
 .text.prvPortStartFirstTask
                0x0800ee78       0x28 ./Middlewares/Third_Party/FreeRTOS/Source/portable/GCC/ARM_CM4F/port.o
 .text.xPortStartScheduler
                0x0800eea0      0x148 ./Middlewares/Third_Party/FreeRTOS/Source/portable/GCC/ARM_CM4F/port.o
                0x0800eea0                xPortStartScheduler
 .text.vPortEnterCritical
                0x0800efe8       0x64 ./Middlewares/Third_Party/FreeRTOS/Source/portable/GCC/ARM_CM4F/port.o
                0x0800efe8                vPortEnterCritical
 .text.vPortExitCritical
                0x0800f04c       0x54 ./Middlewares/Third_Party/FreeRTOS/Source/portable/GCC/ARM_CM4F/port.o
                0x0800f04c                vPortExitCritical
 .text.PendSV_Handler
                0x0800f0a0       0x68 ./Middlewares/Third_Party/FreeRTOS/Source/portable/GCC/ARM_CM4F/port.o
                0x0800f0a0                PendSV_Handler
 .text.xPortSysTickHandler
                0x0800f108       0x44 ./Middlewares/Third_Party/FreeRTOS/Source/portable/GCC/ARM_CM4F/port.o
                0x0800f108                xPortSysTickHandler
 .text.vPortSetupTimerInterrupt
                0x0800f14c       0x48 ./Middlewares/Third_Party/FreeRTOS/Source/portable/GCC/ARM_CM4F/port.o
                0x0800f14c                vPortSetupTimerInterrupt
 .text.vPortEnableVFP
                0x0800f194       0x14 ./Middlewares/Third_Party/FreeRTOS/Source/portable/GCC/ARM_CM4F/port.o
 .text.vPortValidateInterruptPriority
                0x0800f1a8       0x84 ./Middlewares/Third_Party/FreeRTOS/Source/portable/GCC/ARM_CM4F/port.o
                0x0800f1a8                vPortValidateInterruptPriority
 .text.pvPortMalloc
                0x0800f22c      0x19c ./Middlewares/Third_Party/FreeRTOS/Source/portable/MemMang/heap_4.o
                0x0800f22c                pvPortMalloc
 .text.vPortFree
                0x0800f3c8       0xc8 ./Middlewares/Third_Party/FreeRTOS/Source/portable/MemMang/heap_4.o
                0x0800f3c8                vPortFree
 .text.prvHeapInit
                0x0800f490       0xc4 ./Middlewares/Third_Party/FreeRTOS/Source/portable/MemMang/heap_4.o
 .text.prvInsertBlockIntoFreeList
                0x0800f554       0xb4 ./Middlewares/Third_Party/FreeRTOS/Source/portable/MemMang/heap_4.o
 .text.__itoa   0x0800f608       0x30 C:/ST/STM32CubeIDE_1.15.1/STM32CubeIDE/plugins/com.st.stm32cube.ide.mcu.externaltools.gnu-tools-for-stm32.12.3.rel1.win32_1.0.100.202403111256/tools/bin/../lib/gcc/arm-none-eabi/12.3.1/../../../../arm-none-eabi/lib/thumb/v7e-m+fp/hard\libc_nano.a(libc_a-itoa.o)
                0x0800f608                __itoa
 .text.itoa     0x0800f638        0x4 C:/ST/STM32CubeIDE_1.15.1/STM32CubeIDE/plugins/com.st.stm32cube.ide.mcu.externaltools.gnu-tools-for-stm32.12.3.rel1.win32_1.0.100.202403111256/tools/bin/../lib/gcc/arm-none-eabi/12.3.1/../../../../arm-none-eabi/lib/thumb/v7e-m+fp/hard\libc_nano.a(libc_a-itoa.o)
                0x0800f638                itoa
 .text.malloc   0x0800f63c       0x10 C:/ST/STM32CubeIDE_1.15.1/STM32CubeIDE/plugins/com.st.stm32cube.ide.mcu.externaltools.gnu-tools-for-stm32.12.3.rel1.win32_1.0.100.202403111256/tools/bin/../lib/gcc/arm-none-eabi/12.3.1/../../../../arm-none-eabi/lib/thumb/v7e-m+fp/hard\libc_nano.a(libc_a-malloc.o)
                0x0800f63c                malloc
 .text.free     0x0800f64c       0x10 C:/ST/STM32CubeIDE_1.15.1/STM32CubeIDE/plugins/com.st.stm32cube.ide.mcu.externaltools.gnu-tools-for-stm32.12.3.rel1.win32_1.0.100.202403111256/tools/bin/../lib/gcc/arm-none-eabi/12.3.1/../../../../arm-none-eabi/lib/thumb/v7e-m+fp/hard\libc_nano.a(libc_a-malloc.o)
                0x0800f64c                free
 .text.sbrk_aligned
                0x0800f65c       0x44 C:/ST/STM32CubeIDE_1.15.1/STM32CubeIDE/plugins/com.st.stm32cube.ide.mcu.externaltools.gnu-tools-for-stm32.12.3.rel1.win32_1.0.100.202403111256/tools/bin/../lib/gcc/arm-none-eabi/12.3.1/../../../../arm-none-eabi/lib/thumb/v7e-m+fp/hard\libc_nano.a(libc_a-mallocr.o)
 .text._malloc_r
                0x0800f6a0      0x100 C:/ST/STM32CubeIDE_1.15.1/STM32CubeIDE/plugins/com.st.stm32cube.ide.mcu.externaltools.gnu-tools-for-stm32.12.3.rel1.win32_1.0.100.202403111256/tools/bin/../lib/gcc/arm-none-eabi/12.3.1/../../../../arm-none-eabi/lib/thumb/v7e-m+fp/hard\libc_nano.a(libc_a-mallocr.o)
                0x0800f6a0                _malloc_r
 .text.__malloc_lock
                0x0800f7a0        0xc C:/ST/STM32CubeIDE_1.15.1/STM32CubeIDE/plugins/com.st.stm32cube.ide.mcu.externaltools.gnu-tools-for-stm32.12.3.rel1.win32_1.0.100.202403111256/tools/bin/../lib/gcc/arm-none-eabi/12.3.1/../../../../arm-none-eabi/lib/thumb/v7e-m+fp/hard\libc_nano.a(libc_a-mlock.o)
                0x0800f7a0                __malloc_lock
 .text.__malloc_unlock
                0x0800f7ac        0xc C:/ST/STM32CubeIDE_1.15.1/STM32CubeIDE/plugins/com.st.stm32cube.ide.mcu.externaltools.gnu-tools-for-stm32.12.3.rel1.win32_1.0.100.202403111256/tools/bin/../lib/gcc/arm-none-eabi/12.3.1/../../../../arm-none-eabi/lib/thumb/v7e-m+fp/hard\libc_nano.a(libc_a-mlock.o)
                0x0800f7ac                __malloc_unlock
 .text.__utoa   0x0800f7b8       0x84 C:/ST/STM32CubeIDE_1.15.1/STM32CubeIDE/plugins/com.st.stm32cube.ide.mcu.externaltools.gnu-tools-for-stm32.12.3.rel1.win32_1.0.100.202403111256/tools/bin/../lib/gcc/arm-none-eabi/12.3.1/../../../../arm-none-eabi/lib/thumb/v7e-m+fp/hard\libc_nano.a(libc_a-utoa.o)
                0x0800f7b8                __utoa
 .text.__cvt    0x0800f83c       0xca C:/ST/STM32CubeIDE_1.15.1/STM32CubeIDE/plugins/com.st.stm32cube.ide.mcu.externaltools.gnu-tools-for-stm32.12.3.rel1.win32_1.0.100.202403111256/tools/bin/../lib/gcc/arm-none-eabi/12.3.1/../../../../arm-none-eabi/lib/thumb/v7e-m+fp/hard\libc_nano.a(libc_a-nano-vfprintf_float.o)
                0x0800f83c                __cvt
 .text.__exponent
                0x0800f906       0x74 C:/ST/STM32CubeIDE_1.15.1/STM32CubeIDE/plugins/com.st.stm32cube.ide.mcu.externaltools.gnu-tools-for-stm32.12.3.rel1.win32_1.0.100.202403111256/tools/bin/../lib/gcc/arm-none-eabi/12.3.1/../../../../arm-none-eabi/lib/thumb/v7e-m+fp/hard\libc_nano.a(libc_a-nano-vfprintf_float.o)
                0x0800f906                __exponent
 *fill*         0x0800f97a        0x2 
 .text._printf_float
                0x0800f97c      0x454 C:/ST/STM32CubeIDE_1.15.1/STM32CubeIDE/plugins/com.st.stm32cube.ide.mcu.externaltools.gnu-tools-for-stm32.12.3.rel1.win32_1.0.100.202403111256/tools/bin/../lib/gcc/arm-none-eabi/12.3.1/../../../../arm-none-eabi/lib/thumb/v7e-m+fp/hard\libc_nano.a(libc_a-nano-vfprintf_float.o)
                0x0800f97c                _printf_float
 .text._printf_common
                0x0800fdd0       0xda C:/ST/STM32CubeIDE_1.15.1/STM32CubeIDE/plugins/com.st.stm32cube.ide.mcu.externaltools.gnu-tools-for-stm32.12.3.rel1.win32_1.0.100.202403111256/tools/bin/../lib/gcc/arm-none-eabi/12.3.1/../../../../arm-none-eabi/lib/thumb/v7e-m+fp/hard\libc_nano.a(libc_a-nano-vfprintf_i.o)
                0x0800fdd0                _printf_common
 *fill*         0x0800feaa        0x2 
 .text._printf_i
                0x0800feac      0x240 C:/ST/STM32CubeIDE_1.15.1/STM32CubeIDE/plugins/com.st.stm32cube.ide.mcu.externaltools.gnu-tools-for-stm32.12.3.rel1.win32_1.0.100.202403111256/tools/bin/../lib/gcc/arm-none-eabi/12.3.1/../../../../arm-none-eabi/lib/thumb/v7e-m+fp/hard\libc_nano.a(libc_a-nano-vfprintf_i.o)
                0x0800feac                _printf_i
 .text._scanf_float
                0x080100ec      0x428 C:/ST/STM32CubeIDE_1.15.1/STM32CubeIDE/plugins/com.st.stm32cube.ide.mcu.externaltools.gnu-tools-for-stm32.12.3.rel1.win32_1.0.100.202403111256/tools/bin/../lib/gcc/arm-none-eabi/12.3.1/../../../../arm-none-eabi/lib/thumb/v7e-m+fp/hard\libc_nano.a(libc_a-nano-vfscanf_float.o)
                0x080100ec                _scanf_float
 .text.std      0x08010514       0x6c C:/ST/STM32CubeIDE_1.15.1/STM32CubeIDE/plugins/com.st.stm32cube.ide.mcu.externaltools.gnu-tools-for-stm32.12.3.rel1.win32_1.0.100.202403111256/tools/bin/../lib/gcc/arm-none-eabi/12.3.1/../../../../arm-none-eabi/lib/thumb/v7e-m+fp/hard\libc_nano.a(libc_a-findfp.o)
 .text.stdio_exit_handler
                0x08010580       0x18 C:/ST/STM32CubeIDE_1.15.1/STM32CubeIDE/plugins/com.st.stm32cube.ide.mcu.externaltools.gnu-tools-for-stm32.12.3.rel1.win32_1.0.100.202403111256/tools/bin/../lib/gcc/arm-none-eabi/12.3.1/../../../../arm-none-eabi/lib/thumb/v7e-m+fp/hard\libc_nano.a(libc_a-findfp.o)
 .text.cleanup_stdio
                0x08010598       0x40 C:/ST/STM32CubeIDE_1.15.1/STM32CubeIDE/plugins/com.st.stm32cube.ide.mcu.externaltools.gnu-tools-for-stm32.12.3.rel1.win32_1.0.100.202403111256/tools/bin/../lib/gcc/arm-none-eabi/12.3.1/../../../../arm-none-eabi/lib/thumb/v7e-m+fp/hard\libc_nano.a(libc_a-findfp.o)
 .text.global_stdio_init.part.0
                0x080105d8       0x3c C:/ST/STM32CubeIDE_1.15.1/STM32CubeIDE/plugins/com.st.stm32cube.ide.mcu.externaltools.gnu-tools-for-stm32.12.3.rel1.win32_1.0.100.202403111256/tools/bin/../lib/gcc/arm-none-eabi/12.3.1/../../../../arm-none-eabi/lib/thumb/v7e-m+fp/hard\libc_nano.a(libc_a-findfp.o)
 .text.__sfp_lock_acquire
                0x08010614        0xc C:/ST/STM32CubeIDE_1.15.1/STM32CubeIDE/plugins/com.st.stm32cube.ide.mcu.externaltools.gnu-tools-for-stm32.12.3.rel1.win32_1.0.100.202403111256/tools/bin/../lib/gcc/arm-none-eabi/12.3.1/../../../../arm-none-eabi/lib/thumb/v7e-m+fp/hard\libc_nano.a(libc_a-findfp.o)
                0x08010614                __sfp_lock_acquire
 .text.__sfp_lock_release
                0x08010620        0xc C:/ST/STM32CubeIDE_1.15.1/STM32CubeIDE/plugins/com.st.stm32cube.ide.mcu.externaltools.gnu-tools-for-stm32.12.3.rel1.win32_1.0.100.202403111256/tools/bin/../lib/gcc/arm-none-eabi/12.3.1/../../../../arm-none-eabi/lib/thumb/v7e-m+fp/hard\libc_nano.a(libc_a-findfp.o)
                0x08010620                __sfp_lock_release
 .text.__sinit  0x0801062c       0x30 C:/ST/STM32CubeIDE_1.15.1/STM32CubeIDE/plugins/com.st.stm32cube.ide.mcu.externaltools.gnu-tools-for-stm32.12.3.rel1.win32_1.0.100.202403111256/tools/bin/../lib/gcc/arm-none-eabi/12.3.1/../../../../arm-none-eabi/lib/thumb/v7e-m+fp/hard\libc_nano.a(libc_a-findfp.o)
                0x0801062c                __sinit
 .text._fwalk_sglue
                0x0801065c       0x3c C:/ST/STM32CubeIDE_1.15.1/STM32CubeIDE/plugins/com.st.stm32cube.ide.mcu.externaltools.gnu-tools-for-stm32.12.3.rel1.win32_1.0.100.202403111256/tools/bin/../lib/gcc/arm-none-eabi/12.3.1/../../../../arm-none-eabi/lib/thumb/v7e-m+fp/hard\libc_nano.a(libc_a-fwalk.o)
                0x0801065c                _fwalk_sglue
 .text.snprintf
                0x08010698       0x68 C:/ST/STM32CubeIDE_1.15.1/STM32CubeIDE/plugins/com.st.stm32cube.ide.mcu.externaltools.gnu-tools-for-stm32.12.3.rel1.win32_1.0.100.202403111256/tools/bin/../lib/gcc/arm-none-eabi/12.3.1/../../../../arm-none-eabi/lib/thumb/v7e-m+fp/hard\libc_nano.a(libc_a-snprintf.o)
                0x08010698                sniprintf
                0x08010698                snprintf
 .text.sprintf  0x08010700       0x40 C:/ST/STM32CubeIDE_1.15.1/STM32CubeIDE/plugins/com.st.stm32cube.ide.mcu.externaltools.gnu-tools-for-stm32.12.3.rel1.win32_1.0.100.202403111256/tools/bin/../lib/gcc/arm-none-eabi/12.3.1/../../../../arm-none-eabi/lib/thumb/v7e-m+fp/hard\libc_nano.a(libc_a-sprintf.o)
                0x08010700                siprintf
                0x08010700                sprintf
 .text.sscanf   0x08010740       0x54 C:/ST/STM32CubeIDE_1.15.1/STM32CubeIDE/plugins/com.st.stm32cube.ide.mcu.externaltools.gnu-tools-for-stm32.12.3.rel1.win32_1.0.100.202403111256/tools/bin/../lib/gcc/arm-none-eabi/12.3.1/../../../../arm-none-eabi/lib/thumb/v7e-m+fp/hard\libc_nano.a(libc_a-sscanf.o)
                0x08010740                siscanf
                0x08010740                sscanf
 .text.__sread  0x08010794       0x22 C:/ST/STM32CubeIDE_1.15.1/STM32CubeIDE/plugins/com.st.stm32cube.ide.mcu.externaltools.gnu-tools-for-stm32.12.3.rel1.win32_1.0.100.202403111256/tools/bin/../lib/gcc/arm-none-eabi/12.3.1/../../../../arm-none-eabi/lib/thumb/v7e-m+fp/hard\libc_nano.a(libc_a-stdio.o)
                0x08010794                __sread
 .text.__seofread
                0x080107b6        0x4 C:/ST/STM32CubeIDE_1.15.1/STM32CubeIDE/plugins/com.st.stm32cube.ide.mcu.externaltools.gnu-tools-for-stm32.12.3.rel1.win32_1.0.100.202403111256/tools/bin/../lib/gcc/arm-none-eabi/12.3.1/../../../../arm-none-eabi/lib/thumb/v7e-m+fp/hard\libc_nano.a(libc_a-stdio.o)
                0x080107b6                __seofread
 .text.__swrite
                0x080107ba       0x38 C:/ST/STM32CubeIDE_1.15.1/STM32CubeIDE/plugins/com.st.stm32cube.ide.mcu.externaltools.gnu-tools-for-stm32.12.3.rel1.win32_1.0.100.202403111256/tools/bin/../lib/gcc/arm-none-eabi/12.3.1/../../../../arm-none-eabi/lib/thumb/v7e-m+fp/hard\libc_nano.a(libc_a-stdio.o)
                0x080107ba                __swrite
 .text.__sseek  0x080107f2       0x24 C:/ST/STM32CubeIDE_1.15.1/STM32CubeIDE/plugins/com.st.stm32cube.ide.mcu.externaltools.gnu-tools-for-stm32.12.3.rel1.win32_1.0.100.202403111256/tools/bin/../lib/gcc/arm-none-eabi/12.3.1/../../../../arm-none-eabi/lib/thumb/v7e-m+fp/hard\libc_nano.a(libc_a-stdio.o)
                0x080107f2                __sseek
 .text.__sclose
                0x08010816        0x8 C:/ST/STM32CubeIDE_1.15.1/STM32CubeIDE/plugins/com.st.stm32cube.ide.mcu.externaltools.gnu-tools-for-stm32.12.3.rel1.win32_1.0.100.202403111256/tools/bin/../lib/gcc/arm-none-eabi/12.3.1/../../../../arm-none-eabi/lib/thumb/v7e-m+fp/hard\libc_nano.a(libc_a-stdio.o)
                0x08010816                __sclose
 .text.memset   0x0801081e       0x10 C:/ST/STM32CubeIDE_1.15.1/STM32CubeIDE/plugins/com.st.stm32cube.ide.mcu.externaltools.gnu-tools-for-stm32.12.3.rel1.win32_1.0.100.202403111256/tools/bin/../lib/gcc/arm-none-eabi/12.3.1/../../../../arm-none-eabi/lib/thumb/v7e-m+fp/hard\libc_nano.a(libc_a-memset.o)
                0x0801081e                memset
 .text.strcat   0x0801082e       0x1e C:/ST/STM32CubeIDE_1.15.1/STM32CubeIDE/plugins/com.st.stm32cube.ide.mcu.externaltools.gnu-tools-for-stm32.12.3.rel1.win32_1.0.100.202403111256/tools/bin/../lib/gcc/arm-none-eabi/12.3.1/../../../../arm-none-eabi/lib/thumb/v7e-m+fp/hard\libc_nano.a(libc_a-strcat.o)
                0x0801082e                strcat
 .text.strncmp  0x0801084c       0x24 C:/ST/STM32CubeIDE_1.15.1/STM32CubeIDE/plugins/com.st.stm32cube.ide.mcu.externaltools.gnu-tools-for-stm32.12.3.rel1.win32_1.0.100.202403111256/tools/bin/../lib/gcc/arm-none-eabi/12.3.1/../../../../arm-none-eabi/lib/thumb/v7e-m+fp/hard\libc_nano.a(libc_a-strncmp.o)
                0x0801084c                strncmp
 .text.strncpy  0x08010870       0x26 C:/ST/STM32CubeIDE_1.15.1/STM32CubeIDE/plugins/com.st.stm32cube.ide.mcu.externaltools.gnu-tools-for-stm32.12.3.rel1.win32_1.0.100.202403111256/tools/bin/../lib/gcc/arm-none-eabi/12.3.1/../../../../arm-none-eabi/lib/thumb/v7e-m+fp/hard\libc_nano.a(libc_a-strncpy.o)
                0x08010870                strncpy
 *fill*         0x08010896        0x2 
 .text.strtok   0x08010898       0x68 C:/ST/STM32CubeIDE_1.15.1/STM32CubeIDE/plugins/com.st.stm32cube.ide.mcu.externaltools.gnu-tools-for-stm32.12.3.rel1.win32_1.0.100.202403111256/tools/bin/../lib/gcc/arm-none-eabi/12.3.1/../../../../arm-none-eabi/lib/thumb/v7e-m+fp/hard\libc_nano.a(libc_a-strtok.o)
                0x08010898                strtok
 .text.__strtok_r
                0x08010900       0x50 C:/ST/STM32CubeIDE_1.15.1/STM32CubeIDE/plugins/com.st.stm32cube.ide.mcu.externaltools.gnu-tools-for-stm32.12.3.rel1.win32_1.0.100.202403111256/tools/bin/../lib/gcc/arm-none-eabi/12.3.1/../../../../arm-none-eabi/lib/thumb/v7e-m+fp/hard\libc_nano.a(libc_a-strtok_r.o)
                0x08010900                __strtok_r
 .text._localeconv_r
                0x08010950        0x8 C:/ST/STM32CubeIDE_1.15.1/STM32CubeIDE/plugins/com.st.stm32cube.ide.mcu.externaltools.gnu-tools-for-stm32.12.3.rel1.win32_1.0.100.202403111256/tools/bin/../lib/gcc/arm-none-eabi/12.3.1/../../../../arm-none-eabi/lib/thumb/v7e-m+fp/hard\libc_nano.a(libc_a-localeconv.o)
                0x08010950                _localeconv_r
 .text._close_r
                0x08010958       0x20 C:/ST/STM32CubeIDE_1.15.1/STM32CubeIDE/plugins/com.st.stm32cube.ide.mcu.externaltools.gnu-tools-for-stm32.12.3.rel1.win32_1.0.100.202403111256/tools/bin/../lib/gcc/arm-none-eabi/12.3.1/../../../../arm-none-eabi/lib/thumb/v7e-m+fp/hard\libc_nano.a(libc_a-closer.o)
                0x08010958                _close_r
 .text._lseek_r
                0x08010978       0x24 C:/ST/STM32CubeIDE_1.15.1/STM32CubeIDE/plugins/com.st.stm32cube.ide.mcu.externaltools.gnu-tools-for-stm32.12.3.rel1.win32_1.0.100.202403111256/tools/bin/../lib/gcc/arm-none-eabi/12.3.1/../../../../arm-none-eabi/lib/thumb/v7e-m+fp/hard\libc_nano.a(libc_a-lseekr.o)
                0x08010978                _lseek_r
 .text._read_r  0x0801099c       0x24 C:/ST/STM32CubeIDE_1.15.1/STM32CubeIDE/plugins/com.st.stm32cube.ide.mcu.externaltools.gnu-tools-for-stm32.12.3.rel1.win32_1.0.100.202403111256/tools/bin/../lib/gcc/arm-none-eabi/12.3.1/../../../../arm-none-eabi/lib/thumb/v7e-m+fp/hard\libc_nano.a(libc_a-readr.o)
                0x0801099c                _read_r
 .text._sbrk_r  0x080109c0       0x20 C:/ST/STM32CubeIDE_1.15.1/STM32CubeIDE/plugins/com.st.stm32cube.ide.mcu.externaltools.gnu-tools-for-stm32.12.3.rel1.win32_1.0.100.202403111256/tools/bin/../lib/gcc/arm-none-eabi/12.3.1/../../../../arm-none-eabi/lib/thumb/v7e-m+fp/hard\libc_nano.a(libc_a-sbrkr.o)
                0x080109c0                _sbrk_r
 .text._write_r
                0x080109e0       0x24 C:/ST/STM32CubeIDE_1.15.1/STM32CubeIDE/plugins/com.st.stm32cube.ide.mcu.externaltools.gnu-tools-for-stm32.12.3.rel1.win32_1.0.100.202403111256/tools/bin/../lib/gcc/arm-none-eabi/12.3.1/../../../../arm-none-eabi/lib/thumb/v7e-m+fp/hard\libc_nano.a(libc_a-writer.o)
                0x080109e0                _write_r
 .text.__errno  0x08010a04        0xc C:/ST/STM32CubeIDE_1.15.1/STM32CubeIDE/plugins/com.st.stm32cube.ide.mcu.externaltools.gnu-tools-for-stm32.12.3.rel1.win32_1.0.100.202403111256/tools/bin/../lib/gcc/arm-none-eabi/12.3.1/../../../../arm-none-eabi/lib/thumb/v7e-m+fp/hard\libc_nano.a(libc_a-errno.o)
                0x08010a04                __errno
 .text.__libc_init_array
                0x08010a10       0x48 C:/ST/STM32CubeIDE_1.15.1/STM32CubeIDE/plugins/com.st.stm32cube.ide.mcu.externaltools.gnu-tools-for-stm32.12.3.rel1.win32_1.0.100.202403111256/tools/bin/../lib/gcc/arm-none-eabi/12.3.1/../../../../arm-none-eabi/lib/thumb/v7e-m+fp/hard\libc_nano.a(libc_a-init.o)
                0x08010a10                __libc_init_array
 .text.__retarget_lock_init_recursive
                0x08010a58        0x2 C:/ST/STM32CubeIDE_1.15.1/STM32CubeIDE/plugins/com.st.stm32cube.ide.mcu.externaltools.gnu-tools-for-stm32.12.3.rel1.win32_1.0.100.202403111256/tools/bin/../lib/gcc/arm-none-eabi/12.3.1/../../../../arm-none-eabi/lib/thumb/v7e-m+fp/hard\libc_nano.a(libc_a-lock.o)
                0x08010a58                __retarget_lock_init_recursive
 .text.__retarget_lock_acquire_recursive
                0x08010a5a        0x2 C:/ST/STM32CubeIDE_1.15.1/STM32CubeIDE/plugins/com.st.stm32cube.ide.mcu.externaltools.gnu-tools-for-stm32.12.3.rel1.win32_1.0.100.202403111256/tools/bin/../lib/gcc/arm-none-eabi/12.3.1/../../../../arm-none-eabi/lib/thumb/v7e-m+fp/hard\libc_nano.a(libc_a-lock.o)
                0x08010a5a                __retarget_lock_acquire_recursive
 .text.__retarget_lock_release_recursive
                0x08010a5c        0x2 C:/ST/STM32CubeIDE_1.15.1/STM32CubeIDE/plugins/com.st.stm32cube.ide.mcu.externaltools.gnu-tools-for-stm32.12.3.rel1.win32_1.0.100.202403111256/tools/bin/../lib/gcc/arm-none-eabi/12.3.1/../../../../arm-none-eabi/lib/thumb/v7e-m+fp/hard\libc_nano.a(libc_a-lock.o)
                0x08010a5c                __retarget_lock_release_recursive
 .text.memcpy   0x08010a5e       0x1c C:/ST/STM32CubeIDE_1.15.1/STM32CubeIDE/plugins/com.st.stm32cube.ide.mcu.externaltools.gnu-tools-for-stm32.12.3.rel1.win32_1.0.100.202403111256/tools/bin/../lib/gcc/arm-none-eabi/12.3.1/../../../../arm-none-eabi/lib/thumb/v7e-m+fp/hard\libc_nano.a(libc_a-memcpy-stub.o)
                0x08010a5e                memcpy
 *fill*         0x08010a7a        0x2 
 .text.nanf     0x08010a7c        0xc C:/ST/STM32CubeIDE_1.15.1/STM32CubeIDE/plugins/com.st.stm32cube.ide.mcu.externaltools.gnu-tools-for-stm32.12.3.rel1.win32_1.0.100.202403111256/tools/bin/../lib/gcc/arm-none-eabi/12.3.1/../../../../arm-none-eabi/lib/thumb/v7e-m+fp/hard\libc_nano.a(libm_a-sf_nan.o)
                0x08010a7c                nanf
 .text.__assert_func
                0x08010a88       0x3c C:/ST/STM32CubeIDE_1.15.1/STM32CubeIDE/plugins/com.st.stm32cube.ide.mcu.externaltools.gnu-tools-for-stm32.12.3.rel1.win32_1.0.100.202403111256/tools/bin/../lib/gcc/arm-none-eabi/12.3.1/../../../../arm-none-eabi/lib/thumb/v7e-m+fp/hard\libc_nano.a(libc_a-assert.o)
                0x08010a88                __assert_func