../Core/Src/stm32f4xx_it.c:79:6:NMI_Handler	0	static
../Core/Src/stm32f4xx_it.c:94:6:HardFault_Handler	0	static
../Core/Src/stm32f4xx_it.c:109:6:MemManage_Handler	0	static
../Core/Src/stm32f4xx_it.c:124:6:BusFault_Handler	0	static
../Core/Src/stm32f4xx_it.c:139:6:UsageFault_Handler	0	static
../Core/Src/stm32f4xx_it.c:154:6:DebugMon_Handler	0	static
../Core/Src/stm32f4xx_it.c:167:6:SysTick_Handler	8	static
../Core/Src/stm32f4xx_it.c:196:6:ADC_IRQHandler	0	static
../Core/Src/stm32f4xx_it.c:210:6:TIM1_BRK_TIM9_IRQHandler	0	static
../Core/Src/stm32f4xx_it.c:224:6:TIM2_IRQHandler	0	static
../Core/Src/stm32f4xx_it.c:238:6:TIM3_IRQHandler	0	static
../Core/Src/stm32f4xx_it.c:252:6:TIM4_IRQHandler	0	static
../Core/Src/stm32f4xx_it.c:266:6:USART1_IRQHandler	0	static
../Core/Src/stm32f4xx_it.c:280:6:TIM5_IRQHandler	0	static
../Core/Src/stm32f4xx_it.c:294:6:TIM6_DAC_IRQHandler	0	static
../Core/Src/stm32f4xx_it.c:308:6:DMA2_Stream0_IRQHandler	0	static
